Component: ARM Compiler 5.06 update 4 (build 422) Tool: armlink [4d35d2]

==============================================================================

Section Cross References

    main.o(i.main) refers to power_ctl.o(i.power_ctl_gpio_init) for power_ctl_gpio_init
    main.o(i.main) refers to iwdg.o(i.IWDG_Init) for IWDG_Init
    main.o(i.main) refers to gps.o(i.gps_uart_init) for gps_uart_init
    main.o(i.main) refers to bsp.o(i.ADC_Configuration) for ADC_Configuration
    main.o(i.main) refers to bsp.o(i.RS232_USART_Config) for RS232_USART_Config
    main.o(i.main) refers to rt_cmsis.o(i.osMutexCreate) for osMutexCreate
    main.o(i.main) refers to uart.o(i.USARTSendOut) for USARTSendOut
    main.o(i.main) refers to timer.o(i.TIM3_Int_Init) for TIM3_Int_Init
    main.o(i.main) refers to rtc.o(i.My_RTC_Init) for My_RTC_Init
    main.o(i.main) refers to spi_flash.o(i.W25QXX_Init) for W25QXX_Init
    main.o(i.main) refers to rt_cmsis.o(i.osKernelInitialize) for osKernelInitialize
    main.o(i.main) refers to obd.o(i.can_collection) for can_collection
    main.o(i.main) refers to sim_net.o(i.sim_net_task_init) for sim_net_task_init
    main.o(i.main) refers to gb17691a.o(i.GB17691_task_init) for GB17691_task_init
    main.o(i.main) refers to rt_cmsis.o(i.osKernelStart) for osKernelStart
    main.o(i.main) refers to rt_cmsis.o(i.osDelay) for osDelay
    main.o(i.main) refers to uart.o(i.COM_CMD_check) for COM_CMD_check
    main.o(i.main) refers to rtc.o(i.RTC_Get) for RTC_Get
    main.o(i.main) refers to uart.o(i.get_comupdate_mode) for get_comupdate_mode
    main.o(i.main) refers to terminaltest.o(i.TerminalTestProcess) for TerminalTestProcess
    main.o(i.main) refers to terminaltest.o(i.getTermianlState) for getTermianlState
    main.o(i.main) refers to uds.o(i.ShowData2App) for ShowData2App
    main.o(i.main) refers to iwdg.o(i.IWDG_Feed) for IWDG_Feed
    main.o(i.main) refers to power_ctl.o(i.is_sleep) for is_sleep
    main.o(i.main) refers to main.o(.constdata) for os_mutex_def_USART1_MUX
    main.o(i.main) refers to main.o(.data) for USART1_MUX_mutex_id
    main.o(i.main) refers to gb17691a.o(.data) for iwdg_17691
    main.o(i.main) refers to sim_net.o(.data) for iwdg_net
    main.o(i.main) refers to obd.o(.data) for iwdg_obd
    main.o(.constdata) refers to main.o(.bss) for os_mutex_cb_spiflash_mtx
    terminaltest.o(i.CAN1test) refers to sim_net.o(i.get_imei) for get_imei
    terminaltest.o(i.CAN1test) refers to terminaltest.o(.data) for imeiOffset
    terminaltest.o(i.TerminalTestProcess) refers to n32g45x_bkp.o(i.BKP_ReadBkpData) for BKP_ReadBkpData
    terminaltest.o(i.TerminalTestProcess) refers to uart.o(i.USARTSendOut) for USARTSendOut
    terminaltest.o(i.TerminalTestProcess) refers to n32g45x_bkp.o(i.BKP_WriteBkpData) for BKP_WriteBkpData
    terminaltest.o(i.TerminalTestProcess) refers to sim_net.o(i.get_sim_fw_ver) for get_sim_fw_ver
    terminaltest.o(i.TerminalTestProcess) refers to sim_net.o(i.get_iccid) for get_iccid
    terminaltest.o(i.TerminalTestProcess) refers to sim_net.o(i.get_imei) for get_imei
    terminaltest.o(i.TerminalTestProcess) refers to strlen.o(.text) for strlen
    terminaltest.o(i.TerminalTestProcess) refers to gps.o(i.get_gps_time) for get_gps_time
    terminaltest.o(i.TerminalTestProcess) refers to gb17691a.o(i.read_msg_from_flash) for read_msg_from_flash
    terminaltest.o(i.TerminalTestProcess) refers to spi_flash.o(i.get_keystate) for get_keystate
    terminaltest.o(i.TerminalTestProcess) refers to n32g45x_gpio.o(i.GPIO_ResetBits) for GPIO_ResetBits
    terminaltest.o(i.TerminalTestProcess) refers to memseta.o(.text) for __aeabi_memclr4
    terminaltest.o(i.TerminalTestProcess) refers to can.o(i.CAN1SendMsg) for CAN1SendMsg
    terminaltest.o(i.TerminalTestProcess) refers to n32g45x_gpio.o(i.GPIO_SetBits) for GPIO_SetBits
    terminaltest.o(i.TerminalTestProcess) refers to rt_cmsis.o(i.osDelay) for osDelay
    terminaltest.o(i.TerminalTestProcess) refers to can.o(i.CAN2SendMsg) for CAN2SendMsg
    terminaltest.o(i.TerminalTestProcess) refers to gb17691a.o(i.get_lkt4305_state) for get_lkt4305_state
    terminaltest.o(i.TerminalTestProcess) refers to sleep.o(i.sleep_s) for sleep_s
    terminaltest.o(i.TerminalTestProcess) refers to terminaltest.o(.data) for testState
    terminaltest.o(i.TerminalTestProcess) refers to gb17691a.o(.data) for timing_state
    terminaltest.o(i.TerminalTestProcess) refers to uart.o(.data) for flag_rs232test
    terminaltest.o(i.TerminalTestProcess) refers to bsp.o(i.RS232_USART_Config) for RS232_USART_Config
    terminaltest.o(i.TerminalTestProcess) refers to terminaltest.o(.constdata) for listPrintf
    terminaltest.o(i.TerminalTestProcess) refers to obd.o(.bss) for OBD_vehicle_infor
    terminaltest.o(i.getTermianlState) refers to terminaltest.o(.data) for testState
    can.o(i.CAN1SendMsg) refers to n32g45x_can.o(i.CAN_TransmitMessage) for CAN_TransmitMessage
[...]
    rt_tsk_create                            0x0801bf6d   Thumb Code   118  rt_task.o(i.rt_tsk_create)
    rt_tsk_delete                            0x0801bff5   Thumb Code   352  rt_task.o(i.rt_tsk_delete)
    rt_tsk_prio                              0x0801c171   Thumb Code   108  rt_task.o(i.rt_tsk_prio)
    rt_tsk_self                              0x0801c1ed   Thumb Code    12  rt_task.o(i.rt_tsk_self)
    set_current_time                         0x0801c1fd   Thumb Code    58  rtc.o(i.set_current_time)
    set_firmware_info                        0x0801c23d   Thumb Code   236  spi_flash.o(i.set_firmware_info)
    set_idstate                              0x0801c32d   Thumb Code    70  spi_flash.o(i.set_idstate)
    set_keystate                             0x0801c37d   Thumb Code    64  spi_flash.o(i.set_keystate)
    set_lognum                               0x0801c3c5   Thumb Code   228  spi_flash.o(i.set_lognum)
    set_sim_pwrkey                           0x0801c4ad   Thumb Code    12  sim_pwrkey.o(i.set_sim_pwrkey)
    set_vin                                  0x0801c59d   Thumb Code    80  spi_flash.o(i.set_vin)
    sim_gpio_init                            0x0801c5f1   Thumb Code    80  sim_pwrkey.o(i.sim_gpio_init)
    sim_net_ctr                              0x0801c649   Thumb Code   910  sim_net.o(i.sim_net_ctr)
    sim_net_task                             0x0801cad1   Thumb Code    36  sim_net.o(i.sim_net_task)
    sim_net_task_init                        0x0801caf9   Thumb Code    16  sim_net.o(i.sim_net_task_init)
    sim_uart_init                            0x0801cbad   Thumb Code   180  sim_uart.o(i.sim_uart_init)
    sim_uart_tx                              0x0801cc7d   Thumb Code   230  sim_uart.o(i.sim_uart_tx)
    sleep_s                                  0x0801cd79   Thumb Code    24  sleep.o(i.sleep_s)
    sqrt                                     0x0801cd91   Thumb Code   110  sqrt.o(i.sqrt)
    svcDelay                                 0x0801cf49   Thumb Code    18  rt_cmsis.o(i.svcDelay)
    svcKernelInitialize                      0x0801cf5d   Thumb Code    80  rt_cmsis.o(i.svcKernelInitialize)
    svcKernelStart                           0x0801cfcd   Thumb Code    62  rt_cmsis.o(i.svcKernelStart)
    svcMessageCreate                         0x0801d015   Thumb Code    36  rt_cmsis.o(i.svcMessageCreate)
    svcMessageGet                            0x0801d039   Thumb Code    58  rt_cmsis.o(i.svcMessageGet)
    svcMutexCreate                           0x0801d073   Thumb Code    28  rt_cmsis.o(i.svcMutexCreate)
    svcMutexRelease                          0x0801d08f   Thumb Code    34  rt_cmsis.o(i.svcMutexRelease)
    svcMutexWait                             0x0801d0b1   Thumb Code    58  rt_cmsis.o(i.svcMutexWait)
    svcThreadCreate                          0x0801d0ed   Thumb Code    96  rt_cmsis.o(i.svcThreadCreate)
    svcThreadGetId                           0x0801d159   Thumb Code    22  rt_cmsis.o(i.svcThreadGetId)
    svcThreadTerminate                       0x0801d175   Thumb Code    50  rt_cmsis.o(i.svcThreadTerminate)
    svcTimerCall                             0x0801d1ad   Thumb Code    24  rt_cmsis.o(i.svcTimerCall)
    sysTimerTick                             0x0801d1c5   Thumb Code    84  rt_cmsis.o(i.sysTimerTick)
    timing_send                              0x0801d221   Thumb Code   240  gb17691a.o(i.timing_send)
    turn_off_3v3                             0x0801d319   Thumb Code    14  power_ctl.o(i.turn_off_3v3)
    turn_off_sim_3v8                         0x0801d32d   Thumb Code    12  power_ctl.o(i.turn_off_sim_3v8)
    turn_off_sim_pwr                         0x0801d33d   Thumb Code    12  sim_pwrkey.o(i.turn_off_sim_pwr)
    turn_on_3v3                              0x0801d34d   Thumb Code    14  power_ctl.o(i.turn_on_3v3)
    turn_on_sim_3v8                          0x0801d361   Thumb Code    20  power_ctl.o(i.turn_on_sim_3v8)
    uprintf                                  0x0801d7b5   Thumb Code    50  uart.o(i.uprintf)
    write_data_to_flash                      0x0801d7f1   Thumb Code   190  spi_flash.o(i.write_data_to_flash)
    write_resend_data_flag                   0x0801d8b5   Thumb Code   170  spi_flash.o(i.write_resend_data_flag)
    os_mutex_def_spiflash_mtx                0x0801d964   Data           4  main.o(.constdata)
    os_mutex_def_USART1_MUX                  0x0801d968   Data           4  main.o(.constdata)
    os_thread_def_obd_task                   0x0801dd78   Data          16  obd.o(.constdata)
    os_mutex_def_spi_flash_mutex             0x0801e718   Data           4  spi_flash.o(.constdata)
    os_thread_def_GB17691_task               0x0801e75c   Data          16  gb17691a.o(.constdata)
    os_thread_def_sim_net_task               0x0801e76c   Data          16  sim_net.o(.constdata)
    DAYS_IN_MONTH                            0x0801e77c   Data          52  rtc.o(.constdata)
    table_week                               0x0801e7b0   Data          12  rtc.o(.constdata)
    mon_table                                0x0801e7bc   Data          12  rtc.o(.constdata)
    os_maxtaskrun                            0x0801e8a8   Data           2  rtx_conf_cm.o(.constdata)
    os_stackinfo                             0x0801e8ac   Data           4  rtx_conf_cm.o(.constdata)
    os_rrobin                                0x0801e8b0   Data           4  rtx_conf_cm.o(.constdata)
    os_tickfreq                              0x0801e8b4   Data           4  rtx_conf_cm.o(.constdata)
    os_tickus_i                              0x0801e8b8   Data           2  rtx_conf_cm.o(.constdata)
    os_tickus_f                              0x0801e8ba   Data           2  rtx_conf_cm.o(.constdata)
    os_trv                                   0x0801e8bc   Data           4  rtx_conf_cm.o(.constdata)
    os_flags                                 0x0801e8c0   Data           1  rtx_conf_cm.o(.constdata)
    CMSIS_RTOS_API_Version                   0x0801e8c4   Data           4  rtx_conf_cm.o(.constdata)
    CMSIS_RTOS_RTX_Version                   0x0801e8c8   Data           4  rtx_conf_cm.o(.constdata)
    os_clockrate                             0x0801e8cc   Data           4  rtx_conf_cm.o(.constdata)
    os_timernum                              0x0801e8d0   Data           4  rtx_conf_cm.o(.constdata)
    mp_tcb_size                              0x0801e8d4   Data           2  rtx_conf_cm.o(.constdata)
    mp_stk_size                              0x0801e8d8   Data           4  rtx_conf_cm.o(.constdata)
    os_stack_sz                              0x0801e8dc   Data           4  rtx_conf_cm.o(.constdata)
    os_fifo_size                             0x0801e8e0   Data           1  rtx_conf_cm.o(.constdata)
    os_thread_def_osTimerThread              0x0801e8e4   Data          16  rtx_conf_cm.o(.constdata)
    os_messageQ_def_osTimerMessageQ          0x0801e8f4   Data           8  rtx_conf_cm.o(.constdata)
    mp_tmr_size                              0x0801e8fc   Data           2  rtx_conf_cm.o(.constdata)
    os_thread_def_main                       0x0801e900   Data          16  rtx_conf_cm.o(.constdata)
    __mathlib_zero                           0x0801e998   Data           8  qnan.o(.constdata)
    __ctype_categories                       0x0801e9a0   Data          64  ctype_c.o(.constdata)
    Region$$Table$$Base                      0x0801ea28   Number         0  anon$$obj.o(Region$$Table)
    Region$$Table$$Limit                     0x0801ea48   Number         0  anon$$obj.o(Region$$Table)
    mainCnt                                  0x20000000   Data           4  main.o(.data)
    mainCnt1                                 0x20000004   Data           4  main.o(.data)
    DMATX_len                                0x20000008   Data           1  main.o(.data)
    log_state                                0x20000009   Data           1  main.o(.data)
    net_state                                0x2000000a   Data           1  main.o(.data)
    spiflash_mtx_id                          0x2000000c   Data           4  main.o(.data)
    spi_state                                0x20000010   Data           4  main.o(.data)
    USART1_MUX_mutex_id                      0x20000014   Data           4  main.o(.data)
    jingli_sensor                            0x20000060   Data           2  j_1939.o(.data)
    xinli_sensor                             0x20000062   Data           2  j_1939.o(.data)
    tiandicheren_sensor                      0x20000064   Data           2  j_1939.o(.data)
    flag_f101                                0x20000066   Data           1  j_1939.o(.data)
    CAN_flag_f101                            0x20000067   Data           1  j_1939.o(.data)
    ISO5765ProNum                            0x2000006c   Data           1  obd.o(.data)
    can_state                                0x20000070   Data           1  obd.o(.data)
    guide                                    0x20000071   Data           1  obd.o(.data)
    guide_Num                                0x20000072   Data           1  obd.o(.data)
    flag_UDSSEND                             0x20000082   Data           1  obd.o(.data)
    iwdg_obd                                 0x2000008c   Data           4  obd.o(.data)
    tid_can_collection                       0x20000094   Data           4  obd.o(.data)
    CanDataReadPos                           0x2000009a   Data           2  candataanalysis.o(.data)
    CanDataWritePos                          0x2000009c   Data           2  candataanalysis.o(.data)
    CanMultiFramePos                         0x2000009e   Data           1  candataanalysis.o(.data)
    APP_Nox_indicate                         0x200000a0   Data           2  uds.o(.data)
    APP_reag_indicate                        0x200000a2   Data           2  uds.o(.data)
    flag_50ling_send                         0x200000a4   Data           1  uds.o(.data)
    timing_state                             0x200000d9   Data           1  gb17691a.o(.data)
    big_heart_flag                           0x20000101   Data           1  gb17691a.o(.data)
    big_heart_time_stamp                     0x20000104   Data           4  gb17691a.o(.data)
    INFO_STREAM_NO                           0x2000010a   Data           2  gb17691a.o(.data)
    low_power_state                          0x2000010d   Data           1  gb17691a.o(.data)
    flag_answer_net_time                     0x20000115   Data           6  gb17691a.o(.data)
    temp_test_stamp                          0x2000011c   Data           4  gb17691a.o(.data)
    test_logout                              0x20000120   Data           4  gb17691a.o(.data)
    test_flag                                0x20000124   Data           1  gb17691a.o(.data)
    test_flag_num                            0x20000125   Data           1  gb17691a.o(.data)
    CtlID                                    0x20000126   Data           8  gb17691a.o(.data)
    alarm_num                                0x2000012e   Data           2  gb17691a.o(.data)
    iwdg_17691                               0x20000134   Data           4  gb17691a.o(.data)
    alarm_send_cnt                           0x20000138   Data           1  gb17691a.o(.data)
    alarm_state_flag                         0x20000139   Data           1  gb17691a.o(.data)
    randnum                                  0x2000013c   Data           4  gb17691a.o(.data)
    GPS_LED_cnt                              0x20000140   Data           2  gb17691a.o(.data)
    tid_GB17691_task                         0x20000144   Data           4  gb17691a.o(.data)
    PenaltyZoneFlag                          0x20000148   Data           1  gps_calculation.o(.data)
    iwdg_net                                 0x2000015c   Data           4  sim_net.o(.data)
    state_net0                               0x20000167   Data           1  sim_net.o(.data)
    state_net1                               0x20000168   Data           1  sim_net.o(.data)
    state_net2                               0x20000169   Data           1  sim_net.o(.data)
    IP_data                                  0x2000016a   Data          70  sim_net.o(.data)
    flag_http_update                         0x20000214   Data           1  sim_net.o(.data)
    tid_Thread                               0x20000218   Data           4  sim_net.o(.data)
    socketNum                                0x2000021c   Data           4  multisocket.o(.data)
    IP_Bool                                  0x20000220   Data          43  multisocket.o(.data)
    uartRxBuf                                0x2000024c   Data           8  multisocket.o(.data)
    BIN_FILE_SIZE                            0x20000258   Data           4  uart.o(.data)
    comupdate_mode_flag                      0x20000263   Data           1  uart.o(.data)
    flag_rs232test                           0x20000265   Data           1  uart.o(.data)
    __stdout                                 0x20000284   Data           4  uart.o(.data)
    consoleCnt                               0x20000288   Data           1  uart.o(.data)
    a                                        0x2000028c   Data           4  uart.o(.data)
    b                                        0x20000290   Data           4  uart.o(.data)
    c                                        0x20000294   Data           4  uart.o(.data)
    d                                        0x20000298   Data           4  uart.o(.data)
    ipAdress                                 0x2000029c   Data           1  uart.o(.data)
    flag_set_vin                             0x2000029d   Data           1  uart.o(.data)
    flag_set_evads                           0x2000029e   Data           1  uart.o(.data)
    set_time_flag                            0x200002a0   Data           1  rtc.o(.data)
    calendar                                 0x200002a1   Data           6  rtc.o(.data)
    NVIC_InitStructure                       0x200002a7   Data           4  rtc.o(.data)
    TIME_time                                0x200002ac   Data           4  rtc.o(.data)
    selectFile                               0x200002b4   Data           7  lkt4305_iic.o(.data)
    readPublickey                            0x200002bb   Data           5  lkt4305_iic.o(.data)
    osThreadId_osTimerThread                 0x200002c0   Data           4  rtx_conf_cm.o(.data)
    osMessageQId_osTimerMessageQ             0x200002c4   Data           4  rtx_conf_cm.o(.data)
    os_tmr                                   0x200002c8   Data           4  rtx_conf_cm.o(.data)
    m_tmr                                    0x200002cc   Data           4  rtx_conf_cm.o(.data)
    SystemCoreClock                          0x200002d0   Data           4  system_n32g45x.o(.data)
    os_initialized                           0x200002d4   Data           1  rt_cmsis.o(.data)
    os_running                               0x200002d5   Data           1  rt_cmsis.o(.data)
    os_timer_head                            0x200002d8   Data           4  rt_cmsis.o(.data)
    os_tsk                                   0x200002dc   Data           8  rt_task.o(.data)
    os_tick_irqn                             0x200002e8   Data           4  rt_system.o(.data)
    os_time                                  0x200002ec   Data           4  rt_time.o(.data)
    dbg_msg                                  0x200002f0   Data           1  hal_cm.o(.data)
    os_robin                                 0x200002f4   Data           8  rt_robin.o(.data)
    os_mutex_cb_spiflash_mtx                 0x20000300   Data          16  main.o(.bss)
    os_mutex_cb_USART1_MUX                   0x20000310   Data          16  main.o(.bss)
    OBD_diagnosis_infor                      0x20001650   Data         144  obd.o(.bss)
    OBD_vehicle_infor                        0x200016e0   Data          60  obd.o(.bss)
    OBD_engine_infor                         0x2000171c   Data          20  obd.o(.bss)
    OBD_aftertreatment_infor                 0x20001730   Data          36  obd.o(.bss)
    CanData                                  0x20001754   Data        6000  candataanalysis.o(.bss)
    CanMultiFrame                            0x20002ec4   Data          80  candataanalysis.o(.bss)
    MultiFrameNode                           0x20002f14   Data        1200  candataanalysis.o(.bss)
    objGps                                   0x200033c4   Data          44  uds.o(.bss)
    d2app                                    0x200033f0   Data          60  uds.o(.bss)
    os_mutex_cb_spi_flash_mutex              0x2000342c   Data          16  spi_flash.o(.bss)
    GB17691_CMD_data                         0x2000343c   Data         256  gb17691a.o(.bss)
    GB17691_data_package                     0x200036f4   Data        1024  gb17691a.o(.bss)
    data_sign                                0x20003af4   Data          64  gb17691a.o(.bss)
    SM2ID                                    0x20003b34   Data          16  gb17691a.o(.bss)
    platformPublicKeyData                    0x20003b44   Data          64  gb17691a.o(.bss)
    printbuf                                 0x20003b91   Data         800  gb17691a.o(.bss)
    CtlIDNo                                  0x20003eb2   Data          16  gb17691a.o(.bss)
    simRxData                                0x20003ec2   Data         256  gb17691a.o(.bss)
    gps_rx_buf                               0x20003fd0   Data        1024  gps.o(.bss)
    gps_frame_buf                            0x200043d0   Data         100  gps.o(.bss)
    sim_uart_tx_buf                          0x200048cc   Data        1024  sim_uart.o(.bss)
    sim_uart_rx_buf                          0x20004ccc   Data        2048  sim_uart.o(.bss)
    http_url                                 0x20006884   Data         256  sim_net.o(.bss)
    http_filename                            0x20006984   Data          40  sim_net.o(.bss)
    simRxBuf                                 0x200069ac   Data          10  multisocket.o(.bss)
    Firmware_uart_rx_buf                     0x200069b8   Data        1024  uart.o(.bss)
    BIN_NAME_BUF                             0x20006db8   Data          32  uart.o(.bss)
    BIN_FREAM_INFO_BUF                       0x20006dd8   Data          10  uart.o(.bss)
    Firmware_buf                             0x20006de2   Data        1024  uart.o(.bss)
    consoleBuf                               0x200071e2   Data          40  uart.o(.bss)
    consoleBufTx                             0x2000720c   Data          40  uart.o(.bss)
    vin_info                                 0x20007234   Data          17  uart.o(.bss)
    iicReadData                              0x20007245   Data         512  lkt4305_iic.o(.bss)
    signatureData                            0x20007445   Data         270  lkt4305_iic.o(.bss)
    i2cWriteData                             0x20007553   Data         270  lkt4305_iic.o(.bss)
    setid                                    0x20007661   Data          30  lkt4305_iic.o(.bss)
    C1C2C3                                   0x2000767f   Data        1024  lkt4305_iic.o(.bss)
    mp_tcb                                   0x20007a80   Data         376  rtx_conf_cm.o(.bss)
    mp_stk                                   0x20007bf8   Data         616  rtx_conf_cm.o(.bss)
    os_stack_mem                             0x20007e60   Data        5480  rtx_conf_cm.o(.bss)
    os_fifo                                  0x200093c8   Data         132  rtx_conf_cm.o(.bss)
    os_active_TCB                            0x2000944c   Data          28  rtx_conf_cm.o(.bss)
    os_messageQ_q_osTimerMessageQ            0x20009468   Data          32  rtx_conf_cm.o(.bss)
    os_idle_TCB                              0x20009488   Data          52  rt_task.o(.bss)
    os_rdy                                   0x200094bc   Data          24  rt_list.o(.bss)
    os_dly                                   0x200094d4   Data          24  rt_list.o(.bss)
    __initial_sp                             0x2000a9f0   Data           0  startup_n32g45x.o(STACK)



==============================================================================

Memory Map of the image

  Image Entry point : 0x08008199

  Load Region LR_IROM1 (Base: 0x08008000, Size: 0x00016d48, Max: 0x00020000, ABSOLUTE, COMPRESSED[0x00016b14])

    Execution Region ER_IROM1 (Base: 0x08008000, Size: 0x00016a48, Max: 0x00020000, ABSOLUTE)

    Base Addr    Size         Type   Attr      Idx    E Section Name        Object

    0x08008000   0x00000198   Data   RO         6081    RESET               startup_n32g45x.o
    0x08008198   0x00000000   Code   RO         7367  * .ARM.Collect$$$$00000000  mc_w.l(entry.o)
    0x08008198   0x00000004   Code   RO         7704    .ARM.Collect$$$$00000001  mc_w.l(entry2.o)
    0x0800819c   0x00000004   Code   RO         7707    .ARM.Collect$$$$00000004  mc_w.l(entry5.o)
    0x080081a0   0x00000000   Code   RO         7709    .ARM.Collect$$$$00000008  mc_w.l(entry7b.o)
    0x080081a0   0x00000000   Code   RO         7711    .ARM.Collect$$$$0000000A  mc_w.l(entry8b.o)
    0x080081a0   0x00000000   Code   RO         7712    .ARM.Collect$$$$0000000D  mc_w.l(entry10a.o)
    0x080081a0   0x00000000   Code   RO         7714    .ARM.Collect$$$$0000000F  mc_w.l(entry11a.o)
    0x080081a0   0x00000018   Code   RO         6044    .ARM.Collect$$$$000000FF  rtx_conf_cm.o
    0x080081b8   0x00000004   Code   RO         7705    .ARM.Collect$$$$00002712  mc_w.l(entry2.o)
    0x080081bc   0x00000198   Code   RO         7328    .emb_text           RTX_CM4.lib(hal_cm4.o)
    0x08008354   0x00000024   Code   RO         6082    .text               startup_n32g45x.o
    0x08008378   0x00000062   Code   RO         7370    .text               mc_w.l(uldiv.o)
    0x080083da   0x0000001e   Code   RO         7372    .text               mc_w.l(llshl.o)
    0x080083f8   0x00000020   Code   RO         7374    .text               mc_w.l(llushr.o)
    0x08008418   0x00000024   Code   RO         7376    .text               mc_w.l(memcpya.o)
    0x0800843c   0x00000024   Code   RO         7378    .text               mc_w.l(memseta.o)
    0x08008460   0x00000024   Code   RO         7380    .text               mc_w.l(strstr.o)
    0x08008484   0x0000000e   Code   RO         7382    .text               mc_w.l(strlen.o)
    0x08008492   0x0000001c   Code   RO         7384    .text               mc_w.l(strcmp.o)
    0x080084ae   0x0000001a   Code   RO         7386    .text               mc_w.l(memcmp.o)
    0x080084c8   0x00000038   Code   RO         7651    .text               mc_w.l(__0sscanf.o)
    0x08008500   0x0000014c   Code   RO         7653    .text               mc_w.l(_scanf_int.o)
    0x0800864c   0x000000e0   Code   RO         7655    .text               mc_w.l(_scanf_str.o)
    0x0800872c   0x00000338   Code   RO         7657    .text               mc_w.l(scanf_fp.o)
    0x08008a64   0x0000014e   Code   RO         7661    .text               mf_w.l(dadd.o)
    0x08008bb2   0x000000e4   Code   RO         7663    .text               mf_w.l(dmul.o)
    0x08008c96   0x000000de   Code   RO         7665    .text               mf_w.l(ddiv.o)
    0x08008d74   0x00000022   Code   RO         7669    .text               mf_w.l(dflti.o)
    0x08008d96   0x0000001a   Code   RO         7671    .text               mf_w.l(dfltui.o)
    0x08008db0   0x00000032   Code   RO         7673    .text               mf_w.l(dfixui.o)
    0x08008de2   0x00000026   Code   RO         7675    .text               mf_w.l(f2d.o)
    0x08008e08   0x00000038   Code   RO         7677    .text               mf_w.l(d2f.o)
    0x08008e40   0x0000002c   Code   RO         7716    .text               mc_w.l(uidiv.o)
    0x08008e6c   0x00000024   Code   RO         7718    .text               mc_w.l(llsshr.o)
    0x08008e90   0x0000001c   Code   RO         7727    .text               mc_w.l(_chval.o)
    0x08008eac   0x00000028   Code   RO         7729    .text               mc_w.l(scanf_char.o)
    0x08008ed4   0x00000040   Code   RO         7731    .text               mc_w.l(_sgetc.o)
    0x08008f14   0x00000000   Code   RO         7733    .text               mc_w.l(iusefp.o)
    0x08008f14   0x0000006e   Code   RO         7734    .text               mf_w.l(fepilogue.o)
    0x08008f82   0x000000ba   Code   RO         7736    .text               mf_w.l(depilogue.o)
    0x0800903c   0x0000002e   Code   RO         7738    .text               mf_w.l(dscalb.o)
    0x0800906a   0x000000a2   Code   RO         7740    .text               mf_w.l(dsqrt.o)
    0x0800910c   0x00000018   Code   RO         7742    .text               mf_w.l(dfltul.o)
    0x08009124   0x00000030   Code   RO         7744    .text               mf_w.l(dfixul.o)
    0x08009154   0x00000030   Code   RO         7748    .text               mf_w.l(cdrcmple.o)
    0x08009184   0x00000024   Code   RO         7750    .text               mc_w.l(init.o)
    0x080091a8   0x0000000a   Code   RO         7752    .text               mc_w.l(isspace_c.o)
    0x080091b2   0x00000002   PAD
    0x080091b4   0x0000032c   Code   RO         7754    .text               mc_w.l(_scanf.o)
    0x080094e0   0x00000028   Code   RO         7756    .text               mc_w.l(ctype_c.o)
    0x08009508   0x00000056   Code   RO         7767    .text               mc_w.l(__dczerorl2.o)
    0x0800955e   0x00000002   PAD
    0x08009560   0x00000004   Code   RO         7338    SVC_TABLE           RTX_CM4.lib(svc_table.o)
    0x08009564   0x00000088   Code   RO         2646    i.ADC_Configuration  bsp.o
    0x080095ec   0x00000016   Code   RO         3342    i.ADC_Enable        n32g45x_adc.o
    0x08009602   0x00000014   Code   RO         3352    i.ADC_GetCalibrationStatus  n32g45x_adc.o
    0x08009616   0x00000008   Code   RO         3353    i.ADC_GetDat        n32g45x_adc.o
    0x0800961e   0x00000012   Code   RO         3356    i.ADC_GetFlagStatusNew  n32g45x_adc.o
    0x08009630   0x00000050   Code   RO         3361    i.ADC_Init          n32g45x_adc.o
    0x08009680   0x0000000a   Code   RO         3368    i.ADC_StartCalibration  n32g45x_adc.o
    0x0800968a   0x00000002   PAD
    0x0800968c   0x00000090   Code   RO          699    i.AuxiliaryCanInit  obd.o
    0x0800971c   0x000000d8   Code   RO          700    i.AuxiliaryCanPinMatch  obd.o
    0x080097f4   0x0000001c   Code   RO         3593    i.BKP_ReadBkpData   n32g45x_bkp.o
    0x08009810   0x0000001c   Code   RO         3596    i.BKP_WriteBkpData  n32g45x_bkp.o
    0x0800982c   0x00000254   Code   RO         1736    i.BOOL_data_put_buf  gb17691a.o
    0x08009a80   0x00000004   Code   RO          306    i.BusFault_Handler  stm32f10x_it.o
    0x08009a84   0x00000040   Code   RO          360    i.CAN1SendMsg       can.o
    0x08009ac4   0x00000108   Code   RO         3665    i.CAN1_InitFilter   n32g45x_can.o
    0x08009bcc   0x00000054   Code   RO          247    i.CAN1test          terminaltest.o
    0x08009c20   0x00000048   Code   RO          361    i.CAN2SendMsg       can.o
    0x08009c68   0x00000108   Code   RO         3666    i.CAN2_InitFilter   n32g45x_can.o
    0x08009d70   0x0000007c   Code   RO          362    i.CAN2_RX0_IRQHandler  can.o
    0x08009dec   0x00000030   Code   RO         3667    i.CAN_CancelTransmitMessage  n32g45x_can.o
    0x08009e1c   0x00000038   Code   RO         3670    i.CAN_DeInit        n32g45x_can.o
    0x08009e54   0x00000118   Code   RO          365    i.CAN_GPIOConfig    can.o
    0x08009f6c   0x00000012   Code   RO         3679    i.CAN_INTConfig     n32g45x_can.o
    0x08009f7e   0x00000114   Code   RO         3680    i.CAN_Init          n32g45x_can.o
    0x0800a092   0x0000001e   Code   RO         3683    i.CAN_PendingMessage  n32g45x_can.o
    0x0800a0b0   0x000000f0   Code   RO         3684    i.CAN_ReceiveMessage  n32g45x_can.o
    0x0800a1a0   0x00000126   Code   RO         3686    i.CAN_TransmitMessage  n32g45x_can.o
    0x0800a2c6   0x00000002   PAD
    0x0800a2c8   0x000000a0   Code   RO         3687    i.CAN_TransmitSTS   n32g45x_can.o
    0x0800a368   0x00000164   Code   RO         2721    i.COM_CMD_analysis  uart.o
    0x0800a4cc   0x0000016c   Code   RO         2722    i.COM_CMD_check     uart.o
    0x0800a638   0x000000f8   Code   RO         2140    i.CalcCRC32         crc.o
    0x0800a730   0x0000004c   Code   RO          366    i.Can1ModeInit      can.o
    0x0800a77c   0x0000004c   Code   RO          367    i.Can2ModeInit      can.o
    0x0800a7c8   0x00000008   Code   RO          844    i.CanDataProcess    candataanalysis.o
    0x0800a7d0   0x00000010   Code   RO          368    i.CanInit           can.o
    0x0800a7e0   0x00000050   Code   RO          369    i.CanSetBaud        can.o
    0x0800a830   0x00000074   Code   RO          845    i.CheckCanMsg       candataanalysis.o
    0x0800a8a4   0x000000e4   Code   RO          701    i.CheckEPM          obd.o
    0x0800a988   0x00000044   Code   RO         1988    i.CheckPenaltyZone  gps_calculation.o
    0x0800a9cc   0x00000304   Code   RO         1738    i.Checkvin_SetUds   gb17691a.o
    0x0800acd0   0x00000028   Code   RO          985    i.CountSpeedMatchRes  uds.o
    0x0800acf8   0x00000078   Code   RO         3164    i.CreatePlatformPublicKeyFile  lkt4305_iic.o
    0x0800ad70   0x00000070   Code   RO          986    i.Datong_TEMP_LQY   uds.o
    0x0800ade0   0x00000070   Code   RO          987    i.Datong_engineTorq  uds.o
    0x0800ae50   0x0000002c   Code   RO          988    i.Datong_enginefuelFlow  uds.o
    0x0800ae7c   0x00000002   Code   RO          307    i.DebugMon_Handler  stm32f10x_it.o
    0x0800ae7e   0x00000002   PAD
    0x0800ae80   0x0000000c   Code   RO          473    i.Dis15765_09Sever  iso_15765.o
    0x0800ae8c   0x0000004c   Code   RO          474    i.Dis_15765_09_SID  iso_15765.o
    0x0800aed8   0x00000002   Code   RO         2912    i.EXTI0_IRQHandler  wkup.o
    0x0800aeda   0x00000002   PAD
    0x0800aedc   0x0000000c   Code   RO         4273    i.EXTI_ClrITPendBit  n32g45x_exti.o
    0x0800aee8   0x00000094   Code   RO         4278    i.EXTI_InitPeripheral  n32g45x_exti.o
    0x0800af7c   0x00000018   Code   RO         1739    i.EvalBCC_FromBytes  gb17691a.o
    0x0800af94   0x000000ac   Code   RO          590    i.F101_Sensor_Send  j_1939.o
    0x0800b040   0x00000368   Code   RO         1741    i.GB17691_CMD_analysis  gb17691a.o
    0x0800b3a8   0x000001c4   Code   RO         1742    i.GB17691_CMD_check  gb17691a.o
    0x0800b56c   0x0000011c   Code   RO         1743    i.GB17691_CONTROL_CHECK  gb17691a.o
    0x0800b688   0x00000174   Code   RO         1744    i.GB17691_ack_send  gb17691a.o
    0x0800b7fc   0x000000dc   Code   RO         1629    i.GB17691_get_BOOLcustom_Info  gb17691_can_gps.o
    0x0800b8d8   0x00000192   Code   RO         1630    i.GB17691_get_BOOLdatastream_Info  gb17691_can_gps.o
    0x0800ba6a   0x000004b4   Code   RO         1631    i.GB17691_get_OBD_Info  gb17691_can_gps.o
    0x0800bf1e   0x00000002   PAD
    0x0800bf20   0x00000048   Code   RO         1632    i.GB17691_get_VIN_Info  gb17691_can_gps.o
    0x0800bf68   0x00000028   Code   RO         1635    i.GB17691_get_softver_Info  gb17691_can_gps.o
    0x0800bf90   0x000000d4   Code   RO         1636    i.GB17691_get_ver_Info  gb17691_can_gps.o
    0x0800c064   0x000003a0   Code   RO         1747    i.GB17691_real_time_upload  gb17691a.o
    0x0800c404   0x0000019c   Code   RO         1748    i.GB17691_resend_data  gb17691a.o
    0x0800c5a0   0x00000028   Code   RO         1749    i.GB17691_send_data  gb17691a.o
    0x0800c5c8   0x000001fc   Code   RO         1750    i.GB17691_task      gb17691a.o
    0x0800c7c4   0x0000007c   Code   RO         1751    i.GB17691_task_init  gb17691a.o
    0x0800c840   0x00000116   Code   RO         4353    i.GPIO_InitPeripheral  n32g45x_gpio.o
    0x0800c956   0x00000012   Code   RO         4358    i.GPIO_ReadOutputDataBit  n32g45x_gpio.o
    0x0800c968   0x00000004   Code   RO         4359    i.GPIO_ResetBits    n32g45x_gpio.o
    0x0800c96c   0x00000004   Code   RO         4360    i.GPIO_SetBits      n32g45x_gpio.o
    0x0800c970   0x00000080   Code   RO          989    i.Get07_45data      uds.o
    0x0800c9f0   0x0000007c   Code   RO          846    i.GetCanData        candataanalysis.o
    0x0800ca6c   0x00000044   Code   RO          847    i.GetCanDataEmptyBuf  candataanalysis.o
    0x0800cab0   0x0000003c   Code   RO          848    i.GetCanDataEmptyBufCnt  candataanalysis.o
    0x0800caec   0x0000001a   Code   RO          849    i.GetCanDataFrameCnt  candataanalysis.o
    0x0800cb06   0x00000002   PAD
    0x0800cb08   0x00000064   Code   RO          371    i.GetCanRxMsg       can.o
    0x0800cb6c   0x00000026   Code   RO          850    i.GetCanSpecifyFrame  candataanalysis.o
    0x0800cb92   0x0000007a   Code   RO         1989    i.GetGpsState       gps_calculation.o
    0x0800cc0c   0x0000000c   Code   RO          591    i.GetIsHave1939Pro  j_1939.o
    0x0800cc18   0x0000008c   Code   RO          851    i.GetMultiFrameEmptyBuf  candataanalysis.o
    0x0800cca4   0x00000034   Code   RO          852    i.GetMultiFrameNodeEmptyBuf  candataanalysis.o
    0x0800ccd8   0x0000001c   Code   RO          853    i.GetMultiFrameNodeEnd  candataanalysis.o
    0x0800ccf4   0x00000080   Code   RO          990    i.GetNOX_benchi     uds.o
    0x0800cd74   0x00000098   Code   RO          991    i.GetNoxContestJieFang  uds.o
    0x0800ce0c   0x00000084   Code   RO          992    i.GetNoxContest_HengHe  uds.o
    0x0800ce90   0x00000090   Code   RO          993    i.GetNoxContest_KaiLong  uds.o
    0x0800cf20   0x000000a4   Code   RO          994    i.GetNoxContest_KaiRuiWeiKeSi  uds.o
    0x0800cfc4   0x00000078   Code   RO          702    i.GetObdData        obd.o
    0x0800d03c   0x00000094   Code   RO          703    i.GetObdPara        obd.o
    0x0800d0d0   0x00000018   Code   RO          704    i.GetProtocolNum    obd.o
    0x0800d0e8   0x000000ac   Code   RO          995    i.GetScrTempJieFang  uds.o
    0x0800d194   0x0000008c   Code   RO          996    i.GetScrTemp_256A_B_Div10_Sub273  uds.o
    0x0800d220   0x0000005c   Code   RO          997    i.GetScrTemp_HengHe  uds.o
    0x0800d27c   0x00000084   Code   RO          998    i.GetScrTemp_KaiLong  uds.o
    0x0800d300   0x000000a8   Code   RO          999    i.GetScrTemp_KaiRuiWeiKeSi  uds.o
    0x0800d3a8   0x00000088   Code   RO         1000    i.GetUdsData_100D_Div250  uds.o
    0x0800d430   0x00000090   Code   RO         1001    i.GetUdsData_16777216A_65536B_256C_D_Sub270  uds.o
    0x0800d4c0   0x00000080   Code   RO         1002    i.GetUdsData_256A_B  uds.o
    0x0800d540   0x00000088   Code   RO         1003    i.GetUdsData_256A_B_Div100  uds.o
    0x0800d5c8   0x00000080   Code   RO         1004    i.GetUdsData_256A_B_Div2  uds.o
    0x0800d648   0x00000080   Code   RO         1005    i.GetUdsData_256A_B_Div4  uds.o
    0x0800d6c8   0x0000002c   Code   RO         1006    i.GetUdsData_256A_B_KaiDeSi  uds.o
    0x0800d6f4   0x00000090   Code   RO         1007    i.GetUdsData_256A_B_Mul625_Div10000_Sub40  uds.o
    0x0800d784   0x000000a0   Code   RO         1008    i.GetUdsData_256A_B_sign  uds.o
    0x0800d824   0x00000054   Code   RO         1009    i.GetUdsData_ISO15031_100A_Div255  uds.o
    0x0800d878   0x0000005c   Code   RO         1010    i.GetUdsData_ISO15031_100B_Div255  uds.o
    0x0800d8d4   0x0000005c   Code   RO         1011    i.GetUdsData_ISO15031_256A_B_Div10  uds.o
    0x0800d930   0x00000064   Code   RO         1012    i.GetUdsData_ISO15031_256A_B_Div10_Sub40  uds.o
    0x0800d994   0x00000054   Code   RO         1013    i.GetUdsData_ISO15031_256A_B_Div4  uds.o
    0x0800d9e8   0x00000064   Code   RO         1014    i.GetUdsData_ISO15031_256A_B_Mul99_Div1000  uds.o
    0x0800da4c   0x00000054   Code   RO         1015    i.GetUdsData_ISO15031_256B_C  uds.o
    0x0800daa0   0x00000154   Code   RO         1016    i.GetUdsData_YiLiLanJie  uds.o
    0x0800dbf4   0x00000060   Code   RO         1338    i.GetUdsPara        spi_flash.o
    0x0800dc54   0x0000002c   Code   RO         1017    i.GetUdsSpeed_BoShiYuChai  uds.o
    0x0800dc80   0x00000054   Code   RO         1018    i.GetUdsSpeed_HengHe  uds.o
    0x0800dcd4   0x0000002c   Code   RO         1019    i.GetUdsSpeed_KaiDeSi  uds.o
    0x0800dd00   0x00000084   Code   RO         1020    i.GetUdsSpeed_KaiLong  uds.o
    0x0800dd84   0x000000ac   Code   RO         1021    i.GetUdsSpeed_KaiRuiWeiKeSi  uds.o
    0x0800de30   0x00000024   Code   RO         1022    i.GetUdsUreaLiquidLevel_KaiDeSi  uds.o
    0x0800de54   0x000000ac   Code   RO         1023    i.GetUreaLiquidLevelJieFang  uds.o
    0x0800df00   0x00000050   Code   RO         1024    i.GetUreaLiquidLevel_50Ling  uds.o
    0x0800df50   0x0000005c   Code   RO         1025    i.GetUreaLiquidLevel_HengHe  uds.o
    0x0800dfac   0x00000088   Code   RO         1026    i.GetUreaLiquidLevel_KaiLong  uds.o
    0x0800e034   0x000000ac   Code   RO         1027    i.GetUreaLiquidLevel_KaiRuiWeiKeSi  uds.o
    0x0800e0e0   0x00000088   Code   RO         1028    i.GetUreaLiquidLevel_benchi  uds.o
    0x0800e168   0x00000054   Code   RO         1752    i.Get_SM2id         gb17691a.o
    0x0800e1bc   0x00000034   Code   RO          592    i.Get_Sensor_flag   j_1939.o
    0x0800e1f0   0x000000e0   Code   RO          705    i.Get_guide         obd.o
    0x0800e2d0   0x00000014   Code   RO         1029    i.GoToNextStep      uds.o
    0x0800e2e4   0x00000034   Code   RO         1753    i.Gps_Led_Init      gb17691a.o
    0x0800e318   0x00000004   Code   RO          308    i.HardFault_Handler  stm32f10x_it.o
    0x0800e31c   0x00000018   Code   RO         1030    i.HeartResponse     uds.o
    0x0800e334   0x00000890   Code   RO          475    i.ISO15765CheckPid  iso_15765.o
    0x0800ebc4   0x00000070   Code   RO          476    i.ISO15765CvnProcess  iso_15765.o
    0x0800ec34   0x00000064   Code   RO          477    i.ISO15765DisPidDone  iso_15765.o
    0x0800ec98   0x00000064   Code   RO          478    i.ISO15765DisPidSend  iso_15765.o
    0x0800ecfc   0x00000060   Code   RO          479    i.ISO15765EnPidSend  iso_15765.o
    0x0800ed5c   0x00000068   Code   RO          480    i.ISO15765Init      iso_15765.o
    0x0800edc4   0x00000208   Code   RO          481    i.ISO15765IuprProcess  iso_15765.o
    0x0800efcc   0x0000014e   Code   RO          854    i.ISO15765MultiFrameProcess  candataanalysis.o
    0x0800f11a   0x000000e0   Code   RO          855    i.ISO15765MultiFrameToData  candataanalysis.o
    0x0800f1fa   0x00000002   PAD
    0x0800f1fc   0x000000cc   Code   RO          482    i.ISO15765NoxProcess  iso_15765.o
    0x0800f2c8   0x00000128   Code   RO          483    i.ISO15765ObdDiagnosis  iso_15765.o
    0x0800f3f0   0x00000064   Code   RO          484    i.ISO15765ObdFault  iso_15765.o
    0x0800f454   0x00000148   Code   RO          856    i.ISO15765ProtocolProcess  candataanalysis.o
    0x0800f59c   0x0000009c   Code   RO          857    i.ISO15765SendFrameFlowCmd  candataanalysis.o
    0x0800f638   0x00000140   Code   RO          485    i.ISO15765SendMsg   iso_15765.o
    0x0800f778   0x0000002c   Code   RO          858    i.ISO15765SingleFrameToData  candataanalysis.o
    0x0800f7a4   0x00000038   Code   RO          486    i.ISO15765SoftCbrtNum  iso_15765.o
    0x0800f7dc   0x00000038   Code   RO          487    i.ISO15765VinProcess  iso_15765.o
    0x0800f814   0x0000000c   Code   RO         4477    i.IWDG_CntReload    n32g45x_iwdg.o
    0x0800f820   0x00000010   Code   RO         4478    i.IWDG_Enable       n32g45x_iwdg.o
    0x0800f830   0x00000008   Code   RO         2882    i.IWDG_Feed         iwdg.o
    0x0800f838   0x00000024   Code   RO         2883    i.IWDG_Init         iwdg.o
    0x0800f85c   0x00000010   Code   RO         4480    i.IWDG_ReloadKey    n32g45x_iwdg.o
    0x0800f86c   0x0000000c   Code   RO         4481    i.IWDG_SetPrescalerDiv  n32g45x_iwdg.o
    0x0800f878   0x0000000c   Code   RO         4482    i.IWDG_WriteConfig  n32g45x_iwdg.o
    0x0800f884   0x00000020   Code   RO         6032    i.IsAscii           utils.o
    0x0800f8a4   0x00000060   Code   RO          488    i.IsISO15765PidDoneEn  iso_15765.o
    0x0800f904   0x00000050   Code   RO          593    i.IsJ1939PgnDoneEn  j_1939.o
    0x0800f954   0x0000002a   Code   RO         1754    i.IsLeapYear        gb17691a.o
    0x0800f97e   0x0000002a   Code   RO         2040    i.IsLeapYear        gps.o
    0x0800f9a8   0x000001b8   Code   RO         1990    i.IsPenaltyZone     gps_calculation.o
    0x0800fb60   0x00000044   Code   RO         1031    i.IsUdsCanIdDoneFlagMark  uds.o
    0x0800fba4   0x0000003a   Code   RO         2954    i.Is_Leap_Year      rtc.o
    0x0800fbde   0x00000002   PAD
    0x0800fbe0   0x000000cc   Code   RO          594    i.IuprProcess       j_1939.o
    0x0800fcac   0x00001010   Code   RO          595    i.J1939CheckPgn     j_1939.o
    0x08010cbc   0x00000050   Code   RO          596    i.J1939Init         j_1939.o
    0x08010d0c   0x00000098   Code   RO          597    i.J1939IuprProcess  j_1939.o
    0x08010da4   0x00000140   Code   RO          859    i.J1939MultiFrameProcess  candataanalysis.o
    0x08010ee4   0x0000007e   Code   RO          860    i.J1939MultiFrameToData  candataanalysis.o
    0x08010f62   0x00000002   PAD
    0x08010f64   0x0000004c   Code   RO          598    i.J1939PgnDisDone   j_1939.o
    0x08010fb0   0x0000004c   Code   RO          599    i.J1939PgnDisSend   j_1939.o
    0x08010ffc   0x00000138   Code   RO          861    i.J1939ProtocolProcess  candataanalysis.o
    0x08011134   0x00000118   Code   RO          600    i.J1939SendMsg      j_1939.o
    0x0801124c   0x0000002c   Code   RO          862    i.J1939SingleFrameToData  candataanalysis.o
    0x08011278   0x00000028   Code   RO         3166    i.LKT4305Init       lkt4305_iic.o
    0x080112a0   0x00000078   Code   RO         3167    i.LKT4305RecData    lkt4305_iic.o
    0x08011318   0x00000072   Code   RO         3168    i.LKT4305SendData   lkt4305_iic.o
    0x0801138a   0x00000002   PAD
    0x0801138c   0x000001f8   Code   RO         3169    i.LKT4305Test       lkt4305_iic.o
    0x08011584   0x00000064   Code   RO         1755    i.LKT4305_Key_Init  gb17691a.o
    0x080115e8   0x0000004c   Code   RO         3048    i.MCU_RESET         power_ctl.o
    0x08011634   0x00000004   Code   RO          309    i.MemManage_Handler  stm32f10x_it.o
    0x08011638   0x0000012c   Code   RO         2955    i.My_RTC_Init       rtc.o
    0x08011764   0x00000002   Code   RO          310    i.NMI_Handler       stm32f10x_it.o
    0x08011766   0x0000007e   Code   RO         2650    i.NVIC_Config       bsp.o
    0x080117e4   0x00000044   Code   RO          706    i.NVIC_Config_can   obd.o
    0x08011828   0x00000070   Code   RO         5631    i.NVIC_Init         misc.o
    0x08011898   0x00000014   Code   RO         5632    i.NVIC_PriorityGroupConfig  misc.o
    0x080118ac   0x00000034   Code   RO          707    i.OBD_LED_INIT      obd.o
    0x080118e0   0x00000014   Code   RO          708    i.ObdCanBaudSet     obd.o
    0x080118f4   0x0000005c   Code   RO          709    i.Obd_init          obd.o
    0x08011950   0x000000d0   Code   RO         2565    i.OpenSocket        multisocket.o
    0x08011a20   0x0000000c   Code   RO         5951    i.PWR_BackupAccessEnable  n32g45x_pwr.o
    0x08011a2c   0x0000003c   Code   RO         5956    i.PWR_EnterStandbyState  n32g45x_pwr.o
    0x08011a68   0x000002dc   Code   RO          710    i.ProtocolMatch     obd.o
    0x08011d44   0x0000001c   Code   RO         5695    i.RCC_ConfigRtcClk  n32g45x_rcc.o
    0x08011d60   0x00000020   Code   RO         5701    i.RCC_EnableAHBPeriphClk  n32g45x_rcc.o
    0x08011d80   0x00000020   Code   RO         5703    i.RCC_EnableAPB1PeriphClk  n32g45x_rcc.o
    0x08011da0   0x00000020   Code   RO         5704    i.RCC_EnableAPB1PeriphReset  n32g45x_rcc.o
    0x08011dc0   0x00000020   Code   RO         5705    i.RCC_EnableAPB2PeriphClk  n32g45x_rcc.o
    0x08011de0   0x00000020   Code   RO         5706    i.RCC_EnableAPB2PeriphReset  n32g45x_rcc.o
    0x08011e00   0x0000000c   Code   RO         5711    i.RCC_EnableLsi     n32g45x_rcc.o
    0x08011e0c   0x0000000c   Code   RO         5713    i.RCC_EnableRtcClk  n32g45x_rcc.o
    0x08011e18   0x0000010c   Code   RO         5715    i.RCC_GetClocksFreqValue  n32g45x_rcc.o
    0x08011f24   0x0000003c   Code   RO         5716    i.RCC_GetFlagStatus  n32g45x_rcc.o
    0x08011f60   0x00000090   Code   RO         2651    i.RS232_USART_Config  bsp.o
    0x08011ff0   0x00000028   Code   RO         2956    i.RTCAlarm_IRQHandler  rtc.o
    0x08012018   0x00000016   Code   RO         3990    i.RTC_Bcd2ToByte    n32g45x_rtc.o
    0x0801202e   0x0000001c   Code   RO         3991    i.RTC_ByteToBcd2    n32g45x_rtc.o
    0x0801204a   0x00000002   PAD
    0x0801204c   0x00000020   Code   RO         3993    i.RTC_ClrIntPendingBit  n32g45x_rtc.o
    0x0801206c   0x00000038   Code   RO         3997    i.RTC_ConfigInt     n32g45x_rtc.o
    0x080120a4   0x000000d0   Code   RO         4002    i.RTC_ConfigTime    n32g45x_rtc.o
    0x08012174   0x00000074   Code   RO         4006    i.RTC_EnableAlarm   n32g45x_rtc.o
    0x080121e8   0x00000050   Code   RO         4013    i.RTC_EnterInitMode  n32g45x_rtc.o
    0x08012238   0x00000014   Code   RO         4014    i.RTC_ExitInitMode  n32g45x_rtc.o
    0x0801224c   0x000000f8   Code   RO         2957    i.RTC_Get           rtc.o
    0x08012344   0x00000074   Code   RO         4015    i.RTC_GetAlarm      n32g45x_rtc.o
    0x080123b8   0x00000030   Code   RO         4019    i.RTC_GetITStatus   n32g45x_rtc.o
    0x080123e8   0x00000050   Code   RO         4022    i.RTC_GetTime       n32g45x_rtc.o
    0x08012438   0x00000064   Code   RO         4026    i.RTC_Init          n32g45x_rtc.o
    0x0801249c   0x000000c4   Code   RO         2959    i.RTC_Set           rtc.o
    0x08012560   0x000000ec   Code   RO         4027    i.RTC_SetAlarm      n32g45x_rtc.o
    0x0801264c   0x000000c8   Code   RO         4028    i.RTC_SetDate       n32g45x_rtc.o
    0x08012714   0x00000060   Code   RO         4032    i.RTC_WaitForSynchro  n32g45x_rtc.o
    0x08012774   0x000000b0   Code   RO         3170    i.ReadPublickey     lkt4305_iic.o
    0x08012824   0x00000028   Code   RO         2141    i.Reflect           crc.o
    0x0801284c   0x00000032   Code   RO          863    i.ReleaseCanDataBuf  candataanalysis.o
    0x0801287e   0x00000018   Code   RO          372    i.ReleaseCanRxBuf   can.o
    0x08012896   0x00000046   Code   RO          864    i.ReleaseMultiFrameBuf  candataanalysis.o
    0x080128dc   0x00000020   Code   RO         1756    i.ResetData         gb17691a.o
    0x080128fc   0x000000a4   Code   RO         1339    i.SPI1_Init         spi_flash.o
    0x080129a0   0x00000038   Code   RO         1340    i.SPI1_ReadWriteByte  spi_flash.o
    0x080129d8   0x00000028   Code   RO         1341    i.SPI1_SetSpeed     spi_flash.o
    0x08012a00   0x00000018   Code   RO         4536    i.SPI_Enable        n32g45x_spi.o
    0x08012a18   0x00000012   Code   RO         4546    i.SPI_I2S_GetStatus  n32g45x_spi.o
    0x08012a2a   0x00000006   Code   RO         4547    i.SPI_I2S_ReceiveData  n32g45x_spi.o
    0x08012a30   0x00000004   Code   RO         4548    i.SPI_I2S_TransmitData  n32g45x_spi.o
    0x08012a34   0x0000003c   Code   RO         4549    i.SPI_Init          n32g45x_spi.o
    0x08012a70   0x00000014   Code   RO          865    i.SendCanMsg        candataanalysis.o
    0x08012a84   0x0000000c   Code   RO          373    i.SetCanRxBufDoneFlag  can.o
    0x08012a90   0x00000048   Code   RO         2566    i.SetCipget         multisocket.o
    0x08012ad8   0x000000e0   Code   RO         6089    i.SetSysClock       system_n32g45x.o
    0x08012bb8   0x00000018   Code   RO         1032    i.SetUdsEnFlag      uds.o
    0x08012bd0   0x00000018   Code   RO         1033    i.SetUdsMode        uds.o
    0x08012be8   0x00000078   Code   RO         1342    i.SetUdsPara        spi_flash.o
    0x08012c60   0x00000060   Code   RO         1034    i.SetUdsProtocol    uds.o
    0x08012cc0   0x000000d0   Code   RO         2298    i.Set_SimcomModleVer  sim_net.o
    0x08012d90   0x0000006a   Code   RO         1343    i.Set_evads         spi_flash.o
    0x08012dfa   0x00000050   Code   RO         2960    i.Set_rtcalarm      rtc.o
    0x08012e4a   0x00000002   PAD
    0x08012e4c   0x00000810   Code   RO         1035    i.ShowData2App      uds.o
    0x0801365c   0x000000a4   Code   RO         2568    i.SocketRead        multisocket.o
    0x08013700   0x00000068   Code   RO         2569    i.SocketWrite       multisocket.o
    0x08013768   0x00000080   Code   RO         1036    i.StartMatchNextPro  uds.o
    0x080137e8   0x00000012   Code   RO         3130    i.Sys_Enter_Standby  sleep.o
    0x080137fa   0x00000010   Code   RO         3131    i.Sys_Standby       sleep.o
    0x0801380a   0x00000002   PAD
    0x0801380c   0x000000b0   Code   RO         6091    i.SystemInit        system_n32g45x.o
    0x080138bc   0x0000002c   Code   RO         2851    i.TIM3_IRQHandler   timer.o
    0x080138e8   0x00000040   Code   RO         2852    i.TIM3_Int_Init     timer.o
    0x08013928   0x00000008   Code   RO         4692    i.TIM_ClrIntPendingBit  n32g45x_tim.o
    0x08013930   0x00000012   Code   RO         4714    i.TIM_ConfigInt     n32g45x_tim.o
    0x08013942   0x00000016   Code   RO         4742    i.TIM_Enable        n32g45x_tim.o
    0x08013958   0x00000158   Code   RO         4773    i.TIM_InitTimeBase  n32g45x_tim.o
    0x08013ab0   0x00000578   Code   RO          248    i.TerminalTestProcess  terminaltest.o
    0x08014028   0x00000164   Code   RO          601    i.TianDiCheRen_Sensor_Send  j_1939.o
    0x0801418c   0x0000005c   Code   RO         2041    i.UART4_IRQHandler  gps.o
    0x080141e8   0x00000088   Code   RO         2225    i.UART5_IRQHandler  sim_uart.o
    0x08014270   0x0000034c   Code   RO         2723    i.USART1_IRQHandler  uart.o
    0x080145bc   0x00000032   Code   RO         2724    i.USARTSendOut      uart.o
    0x080145ee   0x0000004a   Code   RO         5359    i.USART_ConfigInt   n32g45x_usart.o
    0x08014638   0x00000018   Code   RO         5364    i.USART_Enable      n32g45x_usart.o
    0x08014650   0x0000001a   Code   RO         5371    i.USART_GetFlagStatus  n32g45x_usart.o
    0x0801466a   0x00000054   Code   RO         5372    i.USART_GetIntStatus  n32g45x_usart.o
    0x080146be   0x00000002   PAD
    0x080146c0   0x000000b4   Code   RO         5373    i.USART_Init        n32g45x_usart.o
    0x08014774   0x0000000a   Code   RO         5374    i.USART_ReceiveData  n32g45x_usart.o
    0x0801477e   0x00000008   Code   RO         5376    i.USART_SendData    n32g45x_usart.o
    0x08014786   0x0000001e   Code   RO         2725    i.USART_Sendbyte    uart.o
    0x080147a4   0x0000008c   Code   RO          374    i.USB_LP_CAN1_RX0_IRQHandler  can.o
    0x08014830   0x000000bc   Code   RO         2042    i.UTCTime2LocalTime  gps.o
    0x080148ec   0x0000001c   Code   RO         1037    i.UdsCanIdDoneFlagClear  uds.o
    0x08014908   0x00000044   Code   RO         1038    i.UdsCanIdDoneFlagMark  uds.o
    0x0801494c   0x0000023c   Code   RO         1039    i.UdsCheckPid       uds.o
    0x08014b88   0x00000014   Code   RO         1040    i.UdsCmdDisSend     uds.o
    0x08014b9c   0x00000018   Code   RO         1042    i.UdsMatchTypeNum   uds.o
    0x08014bb4   0x000006a8   Code   RO         1043    i.UdsReqServer      uds.o
    0x0801525c   0x00000098   Code   RO         1044    i.UdsSendHeartWithoutResponse  uds.o
    0x080152f4   0x000000a8   Code   RO         1045    i.UdsSendReqCmd     uds.o
    0x0801539c   0x0000035c   Code   RO         1046    i.UdsSpeedCompare   uds.o
    0x080156f8   0x000000dc   Code   RO         1047    i.UdsUpdateData     uds.o
    0x080157d4   0x00000044   Code   RO         1048    i.UpLinkResponse    uds.o
    0x08015818   0x00000004   Code   RO          311    i.UsageFault_Handler  stm32f10x_it.o
    0x0801581c   0x0000002c   Code   RO         1345    i.W25QXX_Erase_Chip  spi_flash.o
    0x08015848   0x00000020   Code   RO         1346    i.W25QXX_Erase_Chip_osMutex  spi_flash.o
    0x08015868   0x00000048   Code   RO         1347    i.W25QXX_Erase_Sector  spi_flash.o
    0x080158b0   0x00000050   Code   RO         1349    i.W25QXX_Init       spi_flash.o
    0x08015900   0x00000050   Code   RO         1351    i.W25QXX_Read       spi_flash.o
    0x08015950   0x00000030   Code   RO         1353    i.W25QXX_ReadSR     spi_flash.o
    0x08015980   0x00000014   Code   RO         1355    i.W25QXX_Wait_Busy  spi_flash.o
    0x08015994   0x00000020   Code   RO         1357    i.W25QXX_Write_Enable  spi_flash.o
    0x080159b4   0x00000046   Code   RO         1358    i.W25QXX_Write_NoCheck  spi_flash.o
    0x080159fa   0x00000002   PAD
    0x080159fc   0x00000054   Code   RO         1359    i.W25QXX_Write_Page  spi_flash.o
    0x08015a50   0x00000078   Code   RO         3173    i.WriteICPrivateKey2File  lkt4305_iic.o
    0x08015ac8   0x00000078   Code   RO         3174    i.WriteICPublicKey2File  lkt4305_iic.o
    0x08015b40   0x0000008c   Code   RO         3175    i.WritePlatformPublicKey  lkt4305_iic.o
    0x08015bcc   0x0000008c   Code   RO         3177    i.WritePlatformPublicKey_32Bytes  lkt4305_iic.o
    0x08015c58   0x00000030   Code   RO         7624    i.__0snprintf       mc_w.l(printfa.o)
    0x08015c88   0x00000028   Code   RO         7625    i.__0sprintf        mc_w.l(printfa.o)
    0x08015cb0   0x00000024   Code   RO         7629    i.__0vsprintf       mc_w.l(printfa.o)
    0x08015cd4   0x00000030   Code   RO         7699    i.__ARM_fpclassify  m_wm.l(fpclassify.o)
    0x08015d04   0x00000004   PAD
    0x08015d08   0x00000c50   Code   RO         7341    i.__hardfp_pow      m_wm.l(pow.o)
    0x08016958   0x0000007a   Code   RO         7355    i.__hardfp_sqrt     m_wm.l(sqrt.o)
    0x080169d2   0x000000f8   Code   RO         7701    i.__kernel_poly     m_wm.l(poly.o)
    0x08016aca   0x00000006   PAD
    0x08016ad0   0x00000030   Code   RO         7679    i.__mathlib_dbl_divzero  m_wm.l(dunder.o)
    0x08016b00   0x00000014   Code   RO         7681    i.__mathlib_dbl_infnan2  m_wm.l(dunder.o)
    0x08016b14   0x00000004   PAD
    0x08016b18   0x00000020   Code   RO         7682    i.__mathlib_dbl_invalid  m_wm.l(dunder.o)
    0x08016b38   0x00000020   Code   RO         7683    i.__mathlib_dbl_overflow  m_wm.l(dunder.o)
    0x08016b58   0x00000020   Code   RO         7685    i.__mathlib_dbl_underflow  m_wm.l(dunder.o)
    0x08016b78   0x0000000e   Code   RO         7761    i.__scatterload_copy  mc_w.l(handlers.o)
    0x08016b86   0x00000002   Code   RO         7762    i.__scatterload_null  mc_w.l(handlers.o)
    0x08016b88   0x0000000e   Code   RO         7763    i.__scatterload_zeroinit  mc_w.l(handlers.o)
    0x08016b96   0x00000002   PAD
    0x08016b98   0x0000000c   Code   RO         7722    i.__set_errno       mc_w.l(errno.o)
    0x08016ba4   0x00000184   Code   RO         7630    i._fp_digits        mc_w.l(printfa.o)
    0x08016d28   0x00000046   Code   RO         7201    i._init_box         RTX_CM4.lib(rt_membox.o)
    0x08016d6e   0x0000000e   Code   RO         7659    i._is_digit         mc_w.l(scanf_fp.o)
    0x08016d7c   0x000006dc   Code   RO         7631    i._printf_core      mc_w.l(printfa.o)
    0x08017458   0x00000024   Code   RO         7632    i._printf_post_padding  mc_w.l(printfa.o)
    0x0801747c   0x0000002e   Code   RO         7633    i._printf_pre_padding  mc_w.l(printfa.o)
    0x080174aa   0x00000016   Code   RO         7634    i._snputc           mc_w.l(printfa.o)
    0x080174c0   0x0000000a   Code   RO         7635    i._sputc            mc_w.l(printfa.o)
    0x080174ca   0x00000038   Code   RO         2043    i.asc2int           gps.o
    0x08017502   0x00000002   PAD
    0x08017504   0x00000078   Code   RO         2299    i.at_cfslogin       sim_net.o
    0x0801757c   0x000001e8   Code   RO         2300    i.at_cftpget        sim_net.o
    0x08017764   0x000001b8   Code   RO         2301    i.at_cftpgetfile    sim_net.o
    0x0801791c   0x00000068   Code   RO         2302    i.at_cftpscacherd   sim_net.o
    0x08017984   0x00000060   Code   RO         2303    i.at_cftpscacherd_To_UART  sim_net.o
    0x080179e4   0x00000058   Code   RO         2304    i.at_cftpslogout    sim_net.o
    0x08017a3c   0x0000004c   Code   RO         2305    i.at_cftpssingleip  sim_net.o
    0x08017a88   0x00000058   Code   RO         2306    i.at_cftpsstart     sim_net.o
    0x08017ae0   0x00000058   Code   RO         2307    i.at_cftpsstop      sim_net.o
    0x08017b38   0x0000011c   Code   RO         2308    i.at_cftrantx       sim_net.o
    0x08017c54   0x0000004c   Code   RO         2309    i.at_cgatt          sim_net.o
    0x08017ca0   0x00000050   Code   RO         2310    i.at_cgpaddr        sim_net.o
    0x08017cf0   0x000000a4   Code   RO         2311    i.at_cmd_process    sim_net.o
    0x08017d94   0x0000009c   Code   RO         2312    i.at_fscd           sim_net.o
    0x08017e30   0x000000b0   Code   RO         2313    i.at_fsdel          sim_net.o
    0x08017ee0   0x00000044   Code   RO         2314    i.at_fsls           sim_net.o
    0x08017f24   0x00000080   Code   RO         2315    i.at_httpaction     sim_net.o
    0x08017fa4   0x00000048   Code   RO         2317    i.at_httpinit       sim_net.o
    0x08017fec   0x00000048   Code   RO         2318    i.at_httppara       sim_net.o
    0x08018034   0x00000054   Code   RO         2319    i.at_httppara0      sim_net.o
    0x08018088   0x00000114   Code   RO         2320    i.at_httppreadfile  sim_net.o
    0x0801819c   0x000000f0   Code   RO         1757    i.bool_login_send_new  gb17691a.o
    0x0801828c   0x00000018   Code   RO          711    i.can_collection    obd.o
    0x080182a4   0x00000070   Code   RO          603    i.canid_priority_judge  j_1939.o
    0x08018314   0x00000058   Code   RO         1758    i.check_big_heart   gb17691a.o
    0x0801836c   0x00000054   Code   RO         2322    i.check_crc32       sim_net.o
    0x080183c0   0x0000008e   Code   RO         2323    i.check_device_info1  sim_net.o
    0x0801844e   0x00000002   PAD
    0x08018450   0x00000108   Code   RO         1759    i.check_flash       gb17691a.o
    0x08018558   0x00000040   Code   RO         1363    i.clear_firmware_info  spi_flash.o
    0x08018598   0x00000054   Code   RO         2727    i.comupdate_check_crc32  uart.o
    0x080185ec   0x00000030   Code   RO         7254    i.dbg_init          RTX_CM4.lib(hal_cm.o)
    0x0801861c   0x00000020   Code   RO         7255    i.dbg_task_notify   RTX_CM4.lib(hal_cm.o)
    0x0801863c   0x00000010   Code   RO         7256    i.dbg_task_switch   RTX_CM4.lib(hal_cm.o)
    0x0801864c   0x0000001e   Code   RO         3179    i.delay_us          lkt4305_iic.o
    0x0801866a   0x00000002   PAD
    0x0801866c   0x00000100   Code   RO         1760    i.disman_alarm_send  gb17691a.o
    0x0801876c   0x00000018   Code   RO         7695    i.fabs              m_wm.l(fabs.o)
    0x08018784   0x00000058   Code   RO         1366    i.firmware_flash_init  spi_flash.o
    0x080187dc   0x00000028   Code   RO         1761    i.gb17691_print_data  gb17691a.o
    0x08018804   0x00000054   Code   RO          375    i.getEmptyBuf       can.o
    0x08018858   0x0000000c   Code   RO          249    i.getTermianlState  terminaltest.o
    0x08018864   0x00000018   Code   RO         3049    i.get_3v3_state     power_ctl.o
    0x0801887c   0x00000168   Code   RO         1991    i.get_GB17691_gps_info  gps_calculation.o
    0x080189e4   0x00000014   Code   RO          712    i.get_OBD_Aftertreatment_Infor_t  obd.o
    0x080189f8   0x00000028   Code   RO          713    i.get_OBD_Diagnosis_Infor_t  obd.o
    0x08018a20   0x00000014   Code   RO          714    i.get_OBD_Engine_Infor_t  obd.o
    0x08018a34   0x00000014   Code   RO          715    i.get_OBD_Vehicle_Infor_t  obd.o
    0x08018a48   0x0000000c   Code   RO         1762    i.get_big_heart_flag  gb17691a.o
    0x08018a54   0x0000000c   Code   RO         2729    i.get_comupdate_mode  uart.o
    0x08018a60   0x0000002c   Code   RO         2961    i.get_current_time  rtc.o
    0x08018a8c   0x00000028   Code   RO         2730    i.get_data_multiple_bytes  uart.o
    0x08018ab4   0x00000284   Code   RO         2324    i.get_firmware      sim_net.o
    0x08018d38   0x000001b8   Code   RO         2325    i.get_firmware1     sim_net.o
    0x08018ef0   0x0000019c   Code   RO         2326    i.get_firmware_http  sim_net.o
    0x0801908c   0x00000080   Code   RO         1367    i.get_firmware_info  spi_flash.o
    0x0801910c   0x00000024   Code   RO         2044    i.get_frame_size    gps.o
    0x08019130   0x00000014   Code   RO         2045    i.get_gps_info      gps.o
    0x08019144   0x00000020   Code   RO         2046    i.get_gps_time      gps.o
    0x08019164   0x00000034   Code   RO         2327    i.get_iccid         sim_net.o
    0x08019198   0x0000006c   Code   RO         1369    i.get_idstate       spi_flash.o
    0x08019204   0x0000002c   Code   RO         2328    i.get_imei          sim_net.o
    0x08019230   0x00000034   Code   RO         1370    i.get_keystate      spi_flash.o
    0x08019264   0x0000000c   Code   RO         1763    i.get_lkt4305_state  gb17691a.o
    0x08019270   0x0000000c   Code   RO         1764    i.get_login_state   gb17691a.o
    0x0801927c   0x0000011c   Code   RO         1371    i.get_lognum        spi_flash.o
    0x08019398   0x0000000c   Code   RO         2329    i.get_net_status    sim_net.o
    0x080193a4   0x0000000c   Code   RO         3050    i.get_power_state   power_ctl.o
    0x080193b0   0x00000034   Code   RO         1372    i.get_recordstate   spi_flash.o
    0x080193e4   0x00000048   Code   RO         2733    i.get_rx_data_size  uart.o
    0x0801942c   0x00000028   Code   RO         2226    i.get_sim_data_multiple_bytes  sim_uart.o
    0x08019454   0x00000014   Code   RO         2330    i.get_sim_fw_ver    sim_net.o
    0x08019468   0x0000002c   Code   RO         2227    i.get_sim_rx_buf_wr_pos  sim_uart.o
    0x08019494   0x0000000c   Code   RO         2228    i.get_sim_rx_byte   sim_uart.o
    0x080194a0   0x00000048   Code   RO         2229    i.get_sim_rx_data_size  sim_uart.o
    0x080194e8   0x00000014   Code   RO         1765    i.get_terminal_connect_status  gb17691a.o
    0x080194fc   0x0000000c   Code   RO         2962    i.get_time_stamp    rtc.o
    0x08019508   0x0000003c   Code   RO         2230    i.get_uart_send_data  sim_uart.o
    0x08019544   0x000000f0   Code   RO         1373    i.get_vin           spi_flash.o
    0x08019634   0x000001c4   Code   RO         2047    i.gps_process_frame  gps.o
    0x080197f8   0x000000a8   Code   RO         2048    i.gps_process_gngga  gps.o
    0x080198a0   0x000001dc   Code   RO         2049    i.gps_process_gprmc  gps.o
    0x08019a7c   0x00000048   Code   RO         1766    i.gps_set_time      gb17691a.o
    0x08019ac4   0x00000150   Code   RO         1992    i.gps_str_to_float  gps_calculation.o
    0x08019c14   0x000000ac   Code   RO         2053    i.gps_uart_init     gps.o
    0x08019cc0   0x00000050   Code   RO         1767    i.hex2ascii         gb17691a.o
    0x08019d10   0x00000050   Code   RO         3180    i.iicAck            lkt4305_iic.o
    0x08019d60   0x00000084   Code   RO         3181    i.iicCheckAck       lkt4305_iic.o
    0x08019de4   0x00000064   Code   RO         3182    i.iicInit           lkt4305_iic.o
    0x08019e48   0x00000050   Code   RO         3183    i.iicNoAck          lkt4305_iic.o
    0x08019e98   0x00000070   Code   RO         3184    i.iicRecByte        lkt4305_iic.o
    0x08019f08   0x000000c4   Code   RO         3185    i.iicSendByte       lkt4305_iic.o
    0x08019fcc   0x0000004c   Code   RO         3186    i.iicStart          lkt4305_iic.o
    0x0801a018   0x00000054   Code   RO         3187    i.iicStop1          lkt4305_iic.o
    0x0801a06c   0x00000054   Code   RO         3188    i.iicStop2          lkt4305_iic.o
    0x0801a0c0   0x0000005c   Code   RO         2331    i.is_download_complete  sim_net.o
    0x0801a11c   0x0000000c   Code   RO         2963    i.is_set_time       rtc.o
    0x0801a128   0x000001e8   Code   RO         3051    i.is_sleep          power_ctl.o
    0x0801a310   0x0000069c   Code   RO         2332    i.is_update_firmware1  sim_net.o
    0x0801a9ac   0x00000030   Code   RO          489    i.iso_15765_canAdd_Blacklist_judge  iso_15765.o
    0x0801a9dc   0x0000002a   Code   RO         6131    i.isrMessageGet     RTX_CM4.lib(rt_cmsis.o)
    0x0801aa06   0x0000002c   Code   RO         6132    i.isrMessagePut     RTX_CM4.lib(rt_cmsis.o)
    0x0801aa32   0x00000002   PAD
    0x0801aa34   0x00000056   Code   RO         7047    i.isr_mbx_receive   RTX_CM4.lib(rt_mailbox.o)
    0x0801aa8a   0x0000000e   Code   RO         7048    i.isr_mbx_send      RTX_CM4.lib(rt_mailbox.o)
    0x0801aa98   0x00000040   Code   RO          716    i.judge_is_ASCII    obd.o
    0x0801aad8   0x000000c8   Code   RO         1769    i.logout_send       gb17691a.o
    0x0801aba0   0x000001c4   Code   RO            4    i.main              main.o
    0x0801ad64   0x000002d0   Code   RO          717    i.obd_task          obd.o
    0x0801b034   0x00000018   Code   RO         6135    i.osDelay           RTX_CM4.lib(rt_cmsis.o)
    0x0801b04c   0x00000024   Code   RO         6136    i.osKernelInitialize  RTX_CM4.lib(rt_cmsis.o)
    0x0801b070   0x0000006c   Code   RO         6138    i.osKernelStart     RTX_CM4.lib(rt_cmsis.o)
    0x0801b0dc   0x00000018   Code   RO         6147    i.osMessageGet      RTX_CM4.lib(rt_cmsis.o)
    0x0801b0f4   0x0000002c   Code   RO         6149    i.osMutexCreate     RTX_CM4.lib(rt_cmsis.o)
    0x0801b120   0x00000018   Code   RO         6151    i.osMutexRelease    RTX_CM4.lib(rt_cmsis.o)
    0x0801b138   0x00000018   Code   RO         6152    i.osMutexWait       RTX_CM4.lib(rt_cmsis.o)
    0x0801b150   0x0000002c   Code   RO         6164    i.osThreadCreate    RTX_CM4.lib(rt_cmsis.o)
    0x0801b17c   0x00000018   Code   RO         6165    i.osThreadExit      RTX_CM4.lib(rt_cmsis.o)
    0x0801b194   0x0000000c   Code   RO         6171    i.osTimerCall       RTX_CM4.lib(rt_cmsis.o)
    0x0801b1a0   0x0000002c   Code   RO         6176    i.osTimerThread     RTX_CM4.lib(rt_cmsis.o)
    0x0801b1cc   0x00000022   Code   RO         6045    i.os_error          rtx_conf_cm.o
    0x0801b1ee   0x00000004   Code   RO         6046    i.os_idle_demon     rtx_conf_cm.o
    0x0801b1f2   0x00000002   PAD
    0x0801b1f4   0x00000028   Code   RO         6835    i.os_tick_init      RTX_CM4.lib(rt_system.o)
    0x0801b21c   0x00000002   Code   RO         6836    i.os_tick_irqack    RTX_CM4.lib(rt_system.o)
    0x0801b21e   0x00000002   PAD
    0x0801b220   0x00000050   Code   RO         3052    i.power_ctl_gpio_init  power_ctl.o
    0x0801b270   0x000000a8   Code   RO         1374    i.read_data_from_flash  spi_flash.o
    0x0801b318   0x000000c0   Code   RO         1770    i.read_msg_from_flash  gb17691a.o
    0x0801b3d8   0x0000000c   Code   RO         2333    i.reconnect_sim_net  sim_net.o
    0x0801b3e4   0x00000018   Code   RO         2334    i.reset_sim_net     sim_net.o
    0x0801b3fc   0x00000010   Code   RO         2174    i.reset_sim_pwrkey  sim_pwrkey.o
    0x0801b40c   0x0000001a   Code   RO         7202    i.rt_alloc_box      RTX_CM4.lib(rt_membox.o)
    0x0801b426   0x0000003e   Code   RO         7230    i.rt_alloc_mem      RTX_CM4.lib(rt_memory.o)
    0x0801b464   0x00000038   Code   RO         6750    i.rt_block          RTX_CM4.lib(rt_task.o)
    0x0801b49c   0x00000048   Code   RO         7307    i.rt_chk_robin      RTX_CM4.lib(rt_robin.o)
    0x0801b4e4   0x00000070   Code   RO         6971    i.rt_dec_dly        RTX_CM4.lib(rt_list.o)
    0x0801b554   0x00000044   Code   RO         6751    i.rt_dispatch       RTX_CM4.lib(rt_task.o)
    0x0801b598   0x00000006   Code   RO         7137    i.rt_dly_wait       RTX_CM4.lib(rt_time.o)
    0x0801b59e   0x00000002   PAD
    0x0801b5a0   0x00000050   Code   RO         6928    i.rt_evt_psh        RTX_CM4.lib(rt_event.o)
    0x0801b5f0   0x0000002c   Code   RO         7203    i.rt_free_box       RTX_CM4.lib(rt_membox.o)
    0x0801b61c   0x00000028   Code   RO         7231    i.rt_free_mem       RTX_CM4.lib(rt_memory.o)
    0x0801b644   0x00000028   Code   RO         6972    i.rt_get_first      RTX_CM4.lib(rt_list.o)
    0x0801b66c   0x00000008   Code   RO         6181    i.rt_id2obj         RTX_CM4.lib(rt_cmsis.o)
    0x0801b674   0x00000048   Code   RO         6752    i.rt_init_context   RTX_CM4.lib(rt_task.o)
    0x0801b6bc   0x0000001a   Code   RO         7232    i.rt_init_mem       RTX_CM4.lib(rt_memory.o)
    0x0801b6d6   0x00000002   PAD
    0x0801b6d8   0x00000018   Code   RO         7308    i.rt_init_robin     RTX_CM4.lib(rt_robin.o)
    0x0801b6f0   0x00000080   Code   RO         7257    i.rt_init_stack     RTX_CM4.lib(hal_cm.o)
    0x0801b770   0x00000008   Code   RO         7049    i.rt_mbx_check      RTX_CM4.lib(rt_mailbox.o)
    0x0801b778   0x0000001a   Code   RO         7050    i.rt_mbx_init       RTX_CM4.lib(rt_mailbox.o)
    0x0801b792   0x00000002   PAD
    0x0801b794   0x000000f0   Code   RO         7051    i.rt_mbx_psh        RTX_CM4.lib(rt_mailbox.o)
    0x0801b884   0x000000b4   Code   RO         7053    i.rt_mbx_wait       RTX_CM4.lib(rt_mailbox.o)
    0x0801b938   0x00000044   Code   RO         6182    i.rt_ms2tick        RTX_CM4.lib(rt_cmsis.o)
    0x0801b97c   0x00000010   Code   RO         7171    i.rt_mut_init       RTX_CM4.lib(rt_mutex.o)
    0x0801b98c   0x000000d8   Code   RO         7172    i.rt_mut_release    RTX_CM4.lib(rt_mutex.o)
    0x0801ba64   0x00000078   Code   RO         7173    i.rt_mut_wait       RTX_CM4.lib(rt_mutex.o)
    0x0801badc   0x0000007c   Code   RO         6839    i.rt_pop_req        RTX_CM4.lib(rt_system.o)
    0x0801bb58   0x00000020   Code   RO         6840    i.rt_psh_req        RTX_CM4.lib(rt_system.o)
    0x0801bb78   0x0000005c   Code   RO         6974    i.rt_psq_enq        RTX_CM4.lib(rt_list.o)
    0x0801bbd4   0x00000048   Code   RO         6975    i.rt_put_dly        RTX_CM4.lib(rt_list.o)
    0x0801bc1c   0x00000036   Code   RO         6976    i.rt_put_prio       RTX_CM4.lib(rt_list.o)
    0x0801bc52   0x00000002   PAD
    0x0801bc54   0x00000014   Code   RO         6977    i.rt_put_rdy_first  RTX_CM4.lib(rt_list.o)
    0x0801bc68   0x00000034   Code   RO         6978    i.rt_resort_prio    RTX_CM4.lib(rt_list.o)
    0x0801bc9c   0x00000010   Code   RO         7258    i.rt_ret_regs       RTX_CM4.lib(hal_cm.o)
    0x0801bcac   0x0000000c   Code   RO         7259    i.rt_ret_val        RTX_CM4.lib(hal_cm.o)
    0x0801bcb8   0x00000010   Code   RO         7260    i.rt_ret_val2       RTX_CM4.lib(hal_cm.o)
    0x0801bcc8   0x00000028   Code   RO         6979    i.rt_rmv_dly        RTX_CM4.lib(rt_list.o)
    0x0801bcf0   0x00000030   Code   RO         6980    i.rt_rmv_list       RTX_CM4.lib(rt_list.o)
    0x0801bd20   0x00000034   Code   RO         7098    i.rt_sem_psh        RTX_CM4.lib(rt_semaphore.o)
    0x0801bd54   0x00000024   Code   RO         6842    i.rt_stk_check      RTX_CM4.lib(rt_system.o)
    0x0801bd78   0x00000028   Code   RO         6753    i.rt_switch_req     RTX_CM4.lib(rt_task.o)
    0x0801bda0   0x000000cc   Code   RO         6754    i.rt_sys_init       RTX_CM4.lib(rt_task.o)
    0x0801be6c   0x00000078   Code   RO         6755    i.rt_sys_start      RTX_CM4.lib(rt_task.o)
    0x0801bee4   0x00000040   Code   RO         6844    i.rt_systick        RTX_CM4.lib(rt_system.o)
    0x0801bf24   0x00000012   Code   RO         6183    i.rt_tid2ptcb       RTX_CM4.lib(rt_cmsis.o)
    0x0801bf36   0x00000002   PAD
    0x0801bf38   0x00000034   Code   RO         6184    i.rt_timer_insert   RTX_CM4.lib(rt_cmsis.o)
    0x0801bf6c   0x00000088   Code   RO         6756    i.rt_tsk_create     RTX_CM4.lib(rt_task.o)
    0x0801bff4   0x0000017c   Code   RO         6757    i.rt_tsk_delete     RTX_CM4.lib(rt_task.o)
    0x0801c170   0x0000007c   Code   RO         6759    i.rt_tsk_prio       RTX_CM4.lib(rt_task.o)
    0x0801c1ec   0x00000010   Code   RO         6760    i.rt_tsk_self       RTX_CM4.lib(rt_task.o)
    0x0801c1fc   0x00000040   Code   RO         2964    i.set_current_time  rtc.o
    0x0801c23c   0x000000f0   Code   RO         1375    i.set_firmware_info  spi_flash.o
    0x0801c32c   0x00000050   Code   RO         1376    i.set_idstate       spi_flash.o
    0x0801c37c   0x00000048   Code   RO         1377    i.set_keystate      spi_flash.o
    0x0801c3c4   0x000000e8   Code   RO         1378    i.set_lognum        spi_flash.o
    0x0801c4ac   0x00000010   Code   RO         2175    i.set_sim_pwrkey    sim_pwrkey.o
    0x0801c4bc   0x000000e0   Code   RO         1771    i.set_time_preset   gb17691a.o
    0x0801c59c   0x00000054   Code   RO         1380    i.set_vin           spi_flash.o
    0x0801c5f0   0x00000058   Code   RO         2176    i.sim_gpio_init     sim_pwrkey.o
    0x0801c648   0x00000488   Code   RO         2336    i.sim_net_ctr       sim_net.o
    0x0801cad0   0x00000028   Code   RO         2337    i.sim_net_task      sim_net.o
    0x0801caf8   0x00000018   Code   RO         2338    i.sim_net_task_init  sim_net.o
    0x0801cb10   0x00000044   Code   RO         2339    i.sim_power_off     sim_net.o
    0x0801cb54   0x00000058   Code   RO         2340    i.sim_power_on      sim_net.o
    0x0801cbac   0x000000d0   Code   RO         2231    i.sim_uart_init     sim_uart.o
    0x0801cc7c   0x000000fc   Code   RO         2232    i.sim_uart_tx       sim_uart.o
    0x0801cd78   0x00000018   Code   RO         3132    i.sleep_s           sleep.o
    0x0801cd90   0x0000006e   Code   RO         7357    i.sqrt              m_wm.l(sqrt.o)
    0x0801cdfe   0x00000002   PAD
    0x0801ce00   0x00000148   Code   RO         2341    i.str_scanf         sim_net.o
    0x0801cf48   0x00000012   Code   RO         6186    i.svcDelay          RTX_CM4.lib(rt_cmsis.o)
    0x0801cf5a   0x00000002   PAD
    0x0801cf5c   0x00000070   Code   RO         6187    i.svcKernelInitialize  RTX_CM4.lib(rt_cmsis.o)
    0x0801cfcc   0x00000048   Code   RO         6189    i.svcKernelStart    RTX_CM4.lib(rt_cmsis.o)
    0x0801d014   0x00000024   Code   RO         6192    i.svcMessageCreate  RTX_CM4.lib(rt_cmsis.o)
    0x0801d038   0x0000003a   Code   RO         6193    i.svcMessageGet     RTX_CM4.lib(rt_cmsis.o)
    0x0801d072   0x0000001c   Code   RO         6195    i.svcMutexCreate    RTX_CM4.lib(rt_cmsis.o)
    0x0801d08e   0x00000022   Code   RO         6197    i.svcMutexRelease   RTX_CM4.lib(rt_cmsis.o)
    0x0801d0b0   0x0000003a   Code   RO         6198    i.svcMutexWait      RTX_CM4.lib(rt_cmsis.o)
    0x0801d0ea   0x00000002   PAD
    0x0801d0ec   0x0000006c   Code   RO         6207    i.svcThreadCreate   RTX_CM4.lib(rt_cmsis.o)
    0x0801d158   0x0000001c   Code   RO         6208    i.svcThreadGetId    RTX_CM4.lib(rt_cmsis.o)
    0x0801d174   0x00000038   Code   RO         6211    i.svcThreadTerminate  RTX_CM4.lib(rt_cmsis.o)
    0x0801d1ac   0x00000018   Code   RO         6213    i.svcTimerCall      RTX_CM4.lib(rt_cmsis.o)
    0x0801d1c4   0x0000005c   Code   RO         6222    i.sysTimerTick      RTX_CM4.lib(rt_cmsis.o)
    0x0801d220   0x000000f8   Code   RO         1772    i.timing_send       gb17691a.o
    0x0801d318   0x00000014   Code   RO         3053    i.turn_off_3v3      power_ctl.o
    0x0801d32c   0x00000010   Code   RO         3054    i.turn_off_sim_3v8  power_ctl.o
    0x0801d33c   0x00000010   Code   RO         2177    i.turn_off_sim_pwr  sim_pwrkey.o
    0x0801d34c   0x00000014   Code   RO         3055    i.turn_on_3v3       power_ctl.o
    0x0801d360   0x0000001c   Code   RO         3056    i.turn_on_sim_3v8   power_ctl.o
    0x0801d37c   0x00000020   Code   RO         1773    i.update_big_heart_time  gb17691a.o
    0x0801d39c   0x00000418   Code   RO         2342    i.update_firmware   sim_net.o
    0x0801d7b4   0x0000003c   Code   RO         2734    i.uprintf           uart.o
    0x0801d7f0   0x000000c4   Code   RO         1381    i.write_data_to_flash  spi_flash.o
    0x0801d8b4   0x000000b0   Code   RO         1382    i.write_resend_data_flag  spi_flash.o
    0x0801d964   0x00000008   Data   RO            6    .constdata          main.o
    0x0801d96c   0x000001d6   Data   RO          250    .constdata          terminaltest.o
    0x0801db42   0x0000014c   Data   RO          491    .constdata          iso_15765.o
    0x0801dc8e   0x000000ea   Data   RO          605    .constdata          j_1939.o
    0x0801dd78   0x00000010   Data   RO          719    .constdata          obd.o
    0x0801dd88   0x00000990   Data   RO         1050    .constdata          uds.o
    0x0801e718   0x00000004   Data   RO         1384    .constdata          spi_flash.o
    0x0801e71c   0x00000040   Data   RO         1642    .constdata          gb17691_can_gps.o
    0x0801e75c   0x00000010   Data   RO         1775    .constdata          gb17691a.o
    0x0801e76c   0x00000010   Data   RO         2344    .constdata          sim_net.o
    0x0801e77c   0x0000004c   Data   RO         2965    .constdata          rtc.o
    0x0801e7c8   0x000000a0   Data   RO         3190    .constdata          lkt4305_iic.o
    0x0801e868   0x00000040   Data   RO         5721    .constdata          n32g45x_rcc.o
    0x0801e8a8   0x00000068   Data   RO         6048    .constdata          rtx_conf_cm.o
    0x0801e910   0x00000088   Data   RO         7344    .constdata          m_wm.l(pow.o)
    0x0801e998   0x00000008   Data   RO         7703    .constdata          m_wm.l(qnan.o)
    0x0801e9a0   0x00000040   Data   RO         7757    .constdata          mc_w.l(ctype_c.o)
    0x0801e9e0   0x00000045   Data   RO         2345    .conststring        sim_net.o
    0x0801ea25   0x00000003   PAD
    0x0801ea28   0x00000020   Data   RO         7759    Region$$Table       anon$$obj.o


    Execution Region RW_IRAM1 (Base: 0x20000000, Size: 0x0000a9f0, Max: 0x00024000, ABSOLUTE, COMPRESSED[0x000000cc])

    Base Addr    Size         Type   Attr      Idx    E Section Name        Object

    0x20000000   0x00000018   Data   RW            7    .data               main.o
    0x20000018   0x00000009   Data   RW          251    .data               terminaltest.o
    0x20000021   0x00000001   PAD
    0x20000022   0x00000004   Data   RW          377    .data               can.o
    0x20000026   0x00000002   PAD
    0x20000028   0x0000001a   Data   RW          492    .data               iso_15765.o
    0x20000042   0x00000006   PAD
    0x20000048   0x00000022   Data   RW          606    .data               j_1939.o
    0x2000006a   0x00000002   PAD
    0x2000006c   0x0000002e   Data   RW          720    .data               obd.o
    0x2000009a   0x00000005   Data   RW          867    .data               candataanalysis.o
    0x2000009f   0x00000001   PAD
    0x200000a0   0x00000031   Data   RW         1051    .data               uds.o
    0x200000d1   0x00000003   PAD
    0x200000d4   0x00000004   Data   RW         1385    .data               spi_flash.o
    0x200000d8   0x00000070   Data   RW         1776    .data               gb17691a.o
    0x20000148   0x00000001   Data   RW         1994    .data               gps_calculation.o
    0x20000149   0x00000001   PAD
    0x2000014a   0x0000000a   Data   RW         2055    .data               gps.o
    0x20000154   0x00000008   Data   RW         2234    .data               sim_uart.o
    0x2000015c   0x000000c0   Data   RW         2346    .data               sim_net.o
    0x2000021c   0x00000038   Data   RW         2571    .data               multisocket.o
    0x20000254   0x0000004b   Data   RW         2736    .data               uart.o
    0x2000029f   0x00000001   PAD
    0x200002a0   0x00000012   Data   RW         2966    .data               rtc.o
    0x200002b2   0x00000002   Data   RW         3057    .data               power_ctl.o
    0x200002b4   0x0000000c   Data   RW         3191    .data               lkt4305_iic.o
    0x200002c0   0x00000010   Data   RW         6049    .data               rtx_conf_cm.o
    0x200002d0   0x00000004   Data   RW         6093    .data               system_n32g45x.o
    0x200002d4   0x00000008   Data   RW         6225    .data               RTX_CM4.lib(rt_cmsis.o)
    0x200002dc   0x00000008   Data   RW         6762    .data               RTX_CM4.lib(rt_task.o)
    0x200002e4   0x00000008   Data   RW         6847    .data               RTX_CM4.lib(rt_system.o)
    0x200002ec   0x00000004   Data   RW         7141    .data               RTX_CM4.lib(rt_time.o)
    0x200002f0   0x00000001   Data   RW         7261    .data               RTX_CM4.lib(hal_cm.o)
    0x200002f1   0x00000003   PAD
    0x200002f4   0x00000008   Data   RW         7309    .data               RTX_CM4.lib(rt_robin.o)
    0x200002fc   0x00000004   Data   RW         7723    .data               mc_w.l(errno.o)
    0x20000300   0x00000020   Zero   RW            5    .bss                main.o
    0x20000320   0x000012c0   Zero   RW          376    .bss                can.o
    0x200015e0   0x00000021   Zero   RW          490    .bss                iso_15765.o
    0x20001601   0x0000004e   Zero   RW          604    .bss                j_1939.o
    0x2000164f   0x00000001   PAD
    0x20001650   0x00000104   Zero   RW          718    .bss                obd.o
    0x20001754   0x00001c70   Zero   RW          866    .bss                candataanalysis.o
    0x200033c4   0x00000068   Zero   RW         1049    .bss                uds.o
    0x2000342c   0x00000010   Zero   RW         1383    .bss                spi_flash.o
    0x2000343c   0x00000b86   Zero   RW         1774    .bss                gb17691a.o
    0x20003fc2   0x0000000d   Zero   RW         1993    .bss                gps_calculation.o
    0x20003fcf   0x00000001   PAD
    0x20003fd0   0x000004fc   Zero   RW         2054    .bss                gps.o
    0x200044cc   0x00000400   Zero   RW         2142    .bss                crc.o
    0x200048cc   0x00000c00   Zero   RW         2233    .bss                sim_uart.o
    0x200054cc   0x000014e0   Zero   RW         2343    .bss                sim_net.o
    0x200069ac   0x0000000a   Zero   RW         2570    .bss                multisocket.o
    0x200069b6   0x00000002   PAD
    0x200069b8   0x0000088d   Zero   RW         2735    .bss                uart.o
    0x20007245   0x0000083a   Zero   RW         3189    .bss                lkt4305_iic.o
    0x20007a7f   0x00000001   PAD
    0x20007a80   0x00001a08   Zero   RW         6047    .bss                rtx_conf_cm.o
    0x20009488   0x00000034   Zero   RW         6761    .bss                RTX_CM4.lib(rt_task.o)
    0x200094bc   0x00000030   Zero   RW         6981    .bss                RTX_CM4.lib(rt_list.o)
    0x200094ec   0x00000004   PAD
    0x200094f0   0x00001500   Zero   RW         6079    STACK               startup_n32g45x.o


==============================================================================

Image component sizes


      Code (inc. data)   RO Data    RW Data    ZI Data      Debug   Object Name

       406         20          0          0          0       1895   bsp.o
      1148         68          0          4       4800       7948   can.o
      2688         54          0          5       7280      16811   candataanalysis.o
       288          8          0          0       1024       2060   crc.o
      2150         50         64          0          0       7084   gb17691_can_gps.o
      7686        878         16        112       2950      28794   gb17691a.o
      1734        222          0         10       1276       7560   gps.o
      1326         78          0          1         13       5385   gps_calculation.o
      4488        202        332         26         33      14043   iso_15765.o
        44          0          0          0          0       1028   iwdg.o
      5764        284        234         34         78      14512   j_1939.o
      2568        236        160         12       2106      14266   lkt4305_iic.o
       452        120          8         24         32     420308   main.o
       132         22          0          0          0       1655   misc.o
       548        132          0         56         10       4193   multisocket.o
       158         10          0          0          0       5886   n32g45x_adc.o
        56         10          0          0          0       2209   n32g45x_bkp.o
      1650         40          0          0          0       8034   n32g45x_can.o
       160         12          0          0          0       1614   n32g45x_exti.o
       304          0          0          0          0       4123   n32g45x_gpio.o
        68         30          0          0          0       2710   n32g45x_iwdg.o
        72         14          0          0          0       1105   n32g45x_pwr.o
       540         80         64          0          0       9868   n32g45x_rcc.o
      1438         78          0          0          0      11309   n32g45x_rtc.o
       112          0          0          0          0       4121   n32g45x_spi.o
       392         30          0          0          0       3295   n32g45x_tim.o
       406         12          0          0          0       6494   n32g45x_usart.o
      2976        312         16         46        260      18878   obd.o
       764        132          0          2          0      40740   power_ctl.o
      1054         70         76         18          0       7944   rtc.o
        62          6        104         16       6664       7688   rtx_conf_cm.o
      9858       1592         85        192       5344      35344   sim_net.o
       136         20          0          0          0       2007   sim_pwrkey.o
       824        108          0          8       3072       5994   sim_uart.o
        58          0          0          0          0       1390   sleep.o
      3408        218          4          4         16      22932   spi_flash.o
        36          8        408          0       5376        840   startup_n32g45x.o
        20          0          0          0          0       2729   stm32f10x_it.o
       400         58          0          4          0       2137   system_n32g45x.o
      1496        246        470          9          0       3934   terminaltest.o
       108         18          0          0          0       1114   timer.o
      1912        316          0         75       2189      10161   uart.o
     11616       1844       2448         49        104      44204   uds.o
        32          0          0          0          0        554   utils.o
         2          0          0          0          0        455   wkup.o

    ----------------------------------------------------------------------
     71578       7638       4524        724      42632     817355   Object Totals
         0          0         32          0          0          0   (incl. Generated)
        38          0          3         17          5          0   (incl. Padding)

    ----------------------------------------------------------------------

      Code (inc. data)   RO Data    RW Data    ZI Data      Debug   Library Member Name

       268         24          0          1          0       4524   hal_cm.o
       408         34          0          0          0        824   hal_cm4.o
      1364        164          0          8          0      39790   rt_cmsis.o
        80          4          0          0          0        709   rt_event.o
       530         34          0          0         48       8685   rt_list.o
       554         10          0          0          0       4237   rt_mailbox.o
       140          0          0          0          0       2069   rt_membox.o
       128          0          0          0          0       2451   rt_memory.o
       352         14          0          0          0       2249   rt_mutex.o
        96         22          0          8          0       1254   rt_robin.o
        52          4          0          0          0        621   rt_semaphore.o
       298         52          0          8          0       6511   rt_system.o
      1216        174          0          8         52      10129   rt_task.o
         6          0          0          4          0        700   rt_time.o
         4          4          0          0          0        208   svc_table.o
       164         44          0          0          0        620   dunder.o
        24          0          0          0          0        124   fabs.o
        48          0          0          0          0        124   fpclassify.o
       248          0          0          0          0        152   poly.o
      3152        296        136          0          0        352   pow.o
         0          0          8          0          0          0   qnan.o
       232          0          0          0          0        296   sqrt.o
        56          8          0          0          0         84   __0sscanf.o
        86          0          0          0          0          0   __dczerorl2.o
        28          0          0          0          0         68   _chval.o
       812          4          0          0          0        112   _scanf.o
       332          0          0          0          0         96   _scanf_int.o
       224          0          0          0          0         96   _scanf_str.o
        64          0          0          0          0         84   _sgetc.o
        40          6         64          0          0         68   ctype_c.o
         0          0          0          0          0          0   entry.o
         0          0          0          0          0          0   entry10a.o
         0          0          0          0          0          0   entry11a.o
         8          4          0          0          0          0   entry2.o
         4          0          0          0          0          0   entry5.o
         0          0          0          0          0          0   entry7b.o
         0          0          0          0          0          0   entry8b.o
        12          6          0          4          0         68   errno.o
        30          0          0          0          0          0   handlers.o
        36          8          0          0          0         68   init.o
        10          0          0          0          0         68   isspace_c.o
         0          0          0          0          0          0   iusefp.o
        30          0          0          0          0         68   llshl.o
        36          0          0          0          0         68   llsshr.o
        32          0          0          0          0         68   llushr.o
        26          0          0          0          0         80   memcmp.o
        36          0          0          0          0         68   memcpya.o
        36          0          0          0          0        108   memseta.o
      2382         96          0          0          0        752   printfa.o
        40          8          0          0          0         84   scanf_char.o
       838         12          0          0          0        216   scanf_fp.o
        28          0          0          0          0         76   strcmp.o
        14          0          0          0          0         68   strlen.o
        36          0          0          0          0         80   strstr.o
        44          0          0          0          0         80   uidiv.o
        98          0          0          0          0         92   uldiv.o
        48          0          0          0          0         68   cdrcmple.o
        56          0          0          0          0         88   d2f.o
       334          0          0          0          0        148   dadd.o
       222          0          0          0          0        100   ddiv.o
       186          0          0          0          0        176   depilogue.o
        50          0          0          0          0         76   dfixui.o
        48          0          0          0          0         68   dfixul.o
        34          0          0          0          0         76   dflti.o
        26          0          0          0          0         76   dfltui.o
        24          0          0          0          0         76   dfltul.o
       228          0          0          0          0         96   dmul.o
        46          0          0          0          0         80   dscalb.o
       162          0          0          0          0        100   dsqrt.o
        38          0          0          0          0         68   f2d.o
       110          0          0          0          0        168   fepilogue.o

    ----------------------------------------------------------------------
     16434       1032        208         44        104      90813   Library Totals
        40          0          0          3          4          0   (incl. Padding)

    ----------------------------------------------------------------------

      Code (inc. data)   RO Data    RW Data    ZI Data      Debug   Library Name

      5496        540          0         37        100      84961   RTX_CM4.lib
      3868        340        144          0          0       1668   m_wm.l
      5418        152         64          4          0       2720   mc_w.l
      1612          0          0          0          0       1464   mf_w.l

    ----------------------------------------------------------------------
     16434       1032        208         44        104      90813   Library Totals

    ----------------------------------------------------------------------

==============================================================================


      Code (inc. data)   RO Data    RW Data    ZI Data      Debug   

     88012       8670       4732        768      42736     853412   Grand Totals
     88012       8670       4732        204      42736     853412   ELF Image Totals (compressed)
     88012       8670       4732        204          0          0   ROM Totals

==============================================================================

    Total RO  Size (Code + RO Data)                92744 (  90.57kB)
    Total RW  Size (RW Data + ZI Data)             43504 (  42.48kB)
    Total ROM Size (Code + RO Data + RW Data)      92948 (  90.77kB)

==============================================================================

