Component: ARM Compiler 5.06 update 4 (build 422) Tool: armlink [4d35d2]

==============================================================================

Section Cross References

    main.o(i.main) refers to power_ctl.o(i.power_ctl_gpio_init) for power_ctl_gpio_init
    main.o(i.main) refers to iwdg.o(i.IWDG_Init) for IWDG_Init
    main.o(i.main) refers to gps.o(i.gps_uart_init) for gps_uart_init
    main.o(i.main) refers to bsp.o(i.RS232_USART_Config) for RS232_USART_Config
    main.o(i.main) refers to rtc.o(i.My_RTC_Init) for My_RTC_Init
    main.o(i.main) refers to spi_flash.o(i.W25QXX_Init) for W25QXX_Init
    main.o(i.main) refers to rt_cmsis.o(i.osKernelInitialize) for osKernelInitialize
    main.o(i.main) refers to obd.o(i.can_collection) for can_collection
    main.o(i.main) refers to sim_net.o(i.sim_net_task_init) for sim_net_task_init
    main.o(i.main) refers to gb17691a.o(i.GB17691_task_init) for GB17691_task_init
    main.o(i.main) refers to rt_cmsis.o(i.osKernelStart) for osKernelStart
    main.o(i.main) refers to rt_cmsis.o(i.osDelay) for osDelay
    main.o(i.main) refers to terminaltest.o(i.TerminalTestProcess) for TerminalTestProcess
    main.o(i.main) refers to iwdg.o(i.IWDG_Feed) for IWDG_Feed
    main.o(i.main) refers to power_ctl.o(i.is_sleep) for is_sleep
    main.o(.constdata) refers to main.o(.bss) for os_mutex_cb_spiflash_mtx
    terminaltest.o(i.CAN1test) refers to sim_net.o(i.get_imei) for get_imei
    terminaltest.o(i.CAN1test) refers to terminaltest.o(.data) for imeiOffset
    terminaltest.o(i.TerminalTestProcess) refers to uart.o(i.USARTSendOut) for USARTSendOut
    terminaltest.o(i.TerminalTestProcess) refers to sim_net.o(i.get_sim_fw_ver) for get_sim_fw_ver
    terminaltest.o(i.TerminalTestProcess) refers to sim_net.o(i.get_iccid) for get_iccid
    terminaltest.o(i.TerminalTestProcess) refers to sim_net.o(i.get_imei) for get_imei
    terminaltest.o(i.TerminalTestProcess) refers to strlen.o(.text) for strlen
    terminaltest.o(i.TerminalTestProcess) refers to gps.o(i.get_gps_time) for get_gps_time
    terminaltest.o(i.TerminalTestProcess) refers to gb17691a.o(i.read_msg_from_flash) for read_msg_from_flash
    terminaltest.o(i.TerminalTestProcess) refers to stm32f10x_gpio.o(i.GPIO_ResetBits) for GPIO_ResetBits
    terminaltest.o(i.TerminalTestProcess) refers to can.o(i.CAN1_32bitfilter_Init) for CAN1_32bitfilter_Init
    terminaltest.o(i.TerminalTestProcess) refers to rt_memclr_w.o(.text) for __aeabi_memclr4
    terminaltest.o(i.TerminalTestProcess) refers to can.o(i.CAN1SendMsg) for CAN1SendMsg
    terminaltest.o(i.TerminalTestProcess) refers to stm32f10x_gpio.o(i.GPIO_SetBits) for GPIO_SetBits
    terminaltest.o(i.TerminalTestProcess) refers to rt_cmsis.o(i.osDelay) for osDelay
    terminaltest.o(i.TerminalTestProcess) refers to can.o(i.CAN2SendMsg) for CAN2SendMsg
    terminaltest.o(i.TerminalTestProcess) refers to bsp.o(i.RS232_USART_Config) for RS232_USART_Config
    terminaltest.o(i.TerminalTestProcess) refers to terminaltest.o(.data) for testState
    terminaltest.o(i.TerminalTestProcess) refers to terminaltest.o(.conststring) for .conststring
    terminaltest.o(i.TerminalTestProcess) refers to gb17691a.o(.data) for timing_state
    terminaltest.o(i.TerminalTestProcess) refers to terminaltest.o(.constdata) for listPrintf
    terminaltest.o(i.TerminalTestProcess) refers to obd.o(.bss) for OBD_vehicle_infor
    terminaltest.o(i.getTermianlState) refers to terminaltest.o(.data) for testState
    can.o(i.CAN1SendMsg) refers to stm32f10x_can.o(i.CAN_Transmit) for CAN_Transmit
    can.o(i.CAN1SendMsg) refers to stm32f10x_can.o(i.CAN_TransmitStatus) for CAN_TransmitStatus
    can.o(i.CAN1_32bitfilter_Init) refers to stm32f10x_can.o(i.CAN_FilterInit) for CAN_FilterInit
    can.o(i.CAN1_32bitfilter_Init) refers to stm32f10x_can.o(i.CAN_ITConfig) for CAN_ITConfig
    can.o(i.CAN1_Mode_Init) refers to can.o(i.CAN_Config) for CAN_Config
    can.o(i.CAN1_Mode_Init) refers to can.o(i.CAN1_32bitfilter_Init) for CAN1_32bitfilter_Init
    can.o(i.CAN1_RX0_IRQHandler) refers to stm32f10x_can.o(i.CAN_MessagePending) for CAN_MessagePending
    can.o(i.CAN1_RX0_IRQHandler) refers to stm32f10x_can.o(i.CAN_Receive) for CAN_Receive
    can.o(i.CAN1_RX0_IRQHandler) refers to terminaltest.o(i.getTermianlState) for getTermianlState
    can.o(i.CAN1_RX0_IRQHandler) refers to terminaltest.o(i.CAN1test) for CAN1test
    can.o(i.CAN1_RX0_IRQHandler) refers to can.o(i.getEmptyBuf) for getEmptyBuf
    can.o(i.CAN2SendMsg) refers to stm32f10x_can.o(i.CAN_Transmit) for CAN_Transmit
    can.o(i.CAN2SendMsg) refers to stm32f10x_can.o(i.CAN_TransmitStatus) for CAN_TransmitStatus
    can.o(i.CAN2_32bitfilter_Init) refers to stm32f10x_can.o(i.CAN_FilterInit) for CAN_FilterInit
    can.o(i.CAN2_32bitfilter_Init) refers to stm32f10x_can.o(i.CAN_ITConfig) for CAN_ITConfig
    can.o(i.CAN2_Mode_Init) refers to can.o(i.CAN_Config) for CAN_Config
[...]
    _scanf_infnan                            0x08019171   Thumb Code     4  scanf2.o(x$fpl$scanf2)
    __fpl_cmpreturn                          0x08019175   Thumb Code    48  trapv.o(x$fpl$trapveneer)
    __I$use$fp                               0x080191a4   Number         0  usenofp.o(x$fpl$usenofp)
    os_thread_def_obd_task                   0x08019518   Data          16  obd.o(.constdata)
    os_mutex_def_spi_flash_mutex             0x08019dc4   Data           4  spi_flash.o(.constdata)
    os_thread_def_GB17691_task               0x08019e08   Data          16  gb17691a.o(.constdata)
    os_thread_def_sim_net_task               0x08019e18   Data          16  sim_net.o(.constdata)
    DAYS_IN_MONTH                            0x08019e28   Data          52  rtc.o(.constdata)
    table_week                               0x08019e5c   Data          12  rtc.o(.constdata)
    mon_table                                0x08019e68   Data          12  rtc.o(.constdata)
    os_maxtaskrun                            0x08019e74   Data           2  rtx_conf_cm.o(.constdata)
    os_stackinfo                             0x08019e78   Data           4  rtx_conf_cm.o(.constdata)
    os_rrobin                                0x08019e7c   Data           4  rtx_conf_cm.o(.constdata)
    os_tickfreq                              0x08019e80   Data           4  rtx_conf_cm.o(.constdata)
    os_tickus_i                              0x08019e84   Data           2  rtx_conf_cm.o(.constdata)
    os_tickus_f                              0x08019e86   Data           2  rtx_conf_cm.o(.constdata)
    os_trv                                   0x08019e88   Data           4  rtx_conf_cm.o(.constdata)
    os_flags                                 0x08019e8c   Data           1  rtx_conf_cm.o(.constdata)
    CMSIS_RTOS_API_Version                   0x08019e90   Data           4  rtx_conf_cm.o(.constdata)
    CMSIS_RTOS_RTX_Version                   0x08019e94   Data           4  rtx_conf_cm.o(.constdata)
    os_clockrate                             0x08019e98   Data           4  rtx_conf_cm.o(.constdata)
    os_timernum                              0x08019e9c   Data           4  rtx_conf_cm.o(.constdata)
    mp_tcb_size                              0x08019ea0   Data           2  rtx_conf_cm.o(.constdata)
    mp_stk_size                              0x08019ea4   Data           4  rtx_conf_cm.o(.constdata)
    os_stack_sz                              0x08019ea8   Data           4  rtx_conf_cm.o(.constdata)
    os_fifo_size                             0x08019eac   Data           1  rtx_conf_cm.o(.constdata)
    os_thread_def_osTimerThread              0x08019eb0   Data          16  rtx_conf_cm.o(.constdata)
    os_messageQ_def_osTimerMessageQ          0x08019ec0   Data           8  rtx_conf_cm.o(.constdata)
    mp_tmr_size                              0x08019ec8   Data           2  rtx_conf_cm.o(.constdata)
    os_thread_def_main                       0x08019ecc   Data          16  rtx_conf_cm.o(.constdata)
    Region$$Table$$Base                      0x0801a104   Number         0  anon$$obj.o(Region$$Table)
    Region$$Table$$Limit                     0x0801a124   Number         0  anon$$obj.o(Region$$Table)
    __aeabi_HUGE_VAL                         0x0801a124   Data           0  fpconst.o(c$$dinf)
    __aeabi_HUGE_VALL                        0x0801a124   Data           0  fpconst.o(c$$dinf)
    __aeabi_INFINITY                         0x0801a124   Data           0  fpconst.o(c$$dinf)
    __dInf                                   0x0801a124   Data           0  fpconst.o(c$$dinf)
    __huge_val                               0x0801a124   Data           0  fpconst.o(c$$dinf)
    __ctype                                  0x0801a155   Data           0  lc_ctype_c.o(locale$$data)
    iwdg_net                                 0x20000000   Data           1  main.o(.data)
    iwdg_main                                0x20000001   Data           1  main.o(.data)
    iwdg_gps                                 0x20000002   Data           1  main.o(.data)
    DMATX_len                                0x20000003   Data           1  main.o(.data)
    log_state                                0x20000004   Data           1  main.o(.data)
    net_state                                0x20000005   Data           1  main.o(.data)
    spiflash_mtx_id                          0x20000008   Data           4  main.o(.data)
    spi_state                                0x2000000c   Data           4  main.o(.data)
    can_state                                0x2000005c   Data           1  obd.o(.data)
    tid_can_collection                       0x20000070   Data           4  obd.o(.data)
    CanDataReadPos                           0x20000074   Data           2  candataanalysis.o(.data)
    CanDataWritePos                          0x20000076   Data           2  candataanalysis.o(.data)
    CanMultiFramePos                         0x20000078   Data           1  candataanalysis.o(.data)
    timing_state                             0x200000a9   Data           1  gb17691a.o(.data)
    big_heart_flag                           0x200000d1   Data           1  gb17691a.o(.data)
    big_heart_time_stamp                     0x200000d4   Data           4  gb17691a.o(.data)
    INFO_STREAM_NO                           0x200000de   Data           2  gb17691a.o(.data)
    low_power_state                          0x200000e0   Data           1  gb17691a.o(.data)
    temp_test_stamp                          0x200000e4   Data           4  gb17691a.o(.data)
    test_logout                              0x200000e8   Data           4  gb17691a.o(.data)
    test_flag                                0x200000ec   Data           1  gb17691a.o(.data)
    test_flag_num                            0x200000ed   Data           1  gb17691a.o(.data)
    tid_GB17691_task                         0x200000f0   Data           4  gb17691a.o(.data)
    IP_data                                  0x20000140   Data          50  sim_net.o(.data)
    tid_Thread                               0x200001c4   Data           4  sim_net.o(.data)
    socketNum                                0x200001f8   Data           4  multisocket.o(.data)
    uartRxBuf                                0x200001fc   Data           8  multisocket.o(.data)
    __stdout                                 0x20000204   Data           4  uart.o(.data)
    consoleCnt                               0x20000208   Data           1  uart.o(.data)
    a                                        0x2000020c   Data           4  uart.o(.data)
    b                                        0x20000210   Data           4  uart.o(.data)
    c                                        0x20000214   Data           4  uart.o(.data)
    d                                        0x20000218   Data           4  uart.o(.data)
    ipAdress                                 0x2000021c   Data           1  uart.o(.data)
    flag_set_vin                             0x2000021d   Data           1  uart.o(.data)
    set_time_flag                            0x2000021e   Data           1  rtc.o(.data)
    calendar                                 0x2000021f   Data           6  rtc.o(.data)
    NVIC_InitStructure                       0x20000225   Data           4  rtc.o(.data)
    osThreadId_osTimerThread                 0x20000244   Data           4  rtx_conf_cm.o(.data)
    osMessageQId_osTimerMessageQ             0x20000248   Data           4  rtx_conf_cm.o(.data)
    os_tmr                                   0x2000024c   Data           4  rtx_conf_cm.o(.data)
    m_tmr                                    0x20000250   Data           4  rtx_conf_cm.o(.data)
    os_initialized                           0x20000258   Data           1  rt_cmsis.o(.data)
    os_running                               0x20000259   Data           1  rt_cmsis.o(.data)
    os_timer_head                            0x2000025c   Data           4  rt_cmsis.o(.data)
    os_tsk                                   0x20000260   Data           8  rt_task.o(.data)
    os_tick_irqn                             0x2000026c   Data           4  rt_system.o(.data)
    os_time                                  0x20000270   Data           4  rt_time.o(.data)
    os_robin                                 0x20000274   Data           8  rt_robin.o(.data)
    dbg_msg                                  0x2000027c   Data           1  hal_cm.o(.data)
    OBD_vehicle_infor                        0x200015a4   Data          60  obd.o(.bss)
    OBD_diagnosis_infor                      0x200015e0   Data         144  obd.o(.bss)
    OBD_engine_infor                         0x20001670   Data          20  obd.o(.bss)
    OBD_aftertreatment_infor                 0x20001684   Data          28  obd.o(.bss)
    CanData                                  0x200016a0   Data        6000  candataanalysis.o(.bss)
    CanMultiFrame                            0x20002e10   Data          80  candataanalysis.o(.bss)
    MultiFrameNode                           0x20002e60   Data        1200  candataanalysis.o(.bss)
    os_mutex_cb_spi_flash_mutex              0x20003310   Data          16  spi_flash.o(.bss)
    GB17691_data_package                     0x200035d8   Data         512  gb17691a.o(.bss)
    gps_rx_buf                               0x200037ec   Data        1024  gps.o(.bss)
    gps_frame_buf                            0x20003bec   Data         100  gps.o(.bss)
    sim_uart_tx_buf                          0x200040e8   Data        1024  sim_uart.o(.bss)
    sim_uart_rx_buf                          0x200044e8   Data        2048  sim_uart.o(.bss)
    simRxBuf                                 0x2000515d   Data          10  multisocket.o(.bss)
    consoleBuf                               0x20005168   Data          40  uart.o(.bss)
    consoleBufTx                             0x20005190   Data          40  uart.o(.bss)
    vin_info                                 0x200051b8   Data          17  uart.o(.bss)
    mp_tcb                                   0x200051d0   Data         376  rtx_conf_cm.o(.bss)
    mp_stk                                   0x20005348   Data         616  rtx_conf_cm.o(.bss)
    os_stack_mem                             0x200055b0   Data        4352  rtx_conf_cm.o(.bss)
    os_fifo                                  0x200066b0   Data         132  rtx_conf_cm.o(.bss)
    os_active_TCB                            0x20006734   Data          28  rtx_conf_cm.o(.bss)
    os_messageQ_q_osTimerMessageQ            0x20006750   Data          32  rtx_conf_cm.o(.bss)
    os_idle_TCB                              0x20006a90   Data          52  rt_task.o(.bss)
    os_rdy                                   0x20006ac4   Data          24  rt_list.o(.bss)
    os_dly                                   0x20006adc   Data          24  rt_list.o(.bss)
    __libspace_start                         0x20006af4   Data          96  libspace.o(.bss)
    __temporary_stack_top$libspace           0x20006b54   Data           0  libspace.o(.bss)



==============================================================================

Memory Map of the image

  Image Entry point : 0x08008151

  Load Region LR_IROM1 (Base: 0x08008000, Size: 0x000124d8, Max: 0x00020000, ABSOLUTE, COMPRESSED[0x000122f8])

    Execution Region ER_IROM1 (Base: 0x08008000, Size: 0x00012258, Max: 0x00020000, ABSOLUTE)

    Base Addr    Size         Type   Attr      Idx    E Section Name        Object

    0x08008000   0x00000150   Data   RO         4343    RESET               startup_stm32f10x_cl.o
    0x08008150   0x00000008   Code   RO         5694  * !!!main             c_w.l(__main.o)
    0x08008158   0x00000034   Code   RO         6093    !!!scatter          c_w.l(__scatter.o)
    0x0800818c   0x0000005a   Code   RO         6091    !!dczerorl2         c_w.l(__dczerorl2.o)
    0x080081e6   0x00000002   PAD
    0x080081e8   0x0000001c   Code   RO         6095    !!handler_zi        c_w.l(__scatter_zi.o)
    0x08008204   0x00000000   Code   RO         5665    .ARM.Collect$$_printf_percent$$00000000  c_w.l(_printf_percent.o)
    0x08008204   0x00000006   Code   RO         5759    .ARM.Collect$$_printf_percent$$00000001  c_w.l(_printf_n.o)
    0x0800820a   0x00000006   Code   RO         5760    .ARM.Collect$$_printf_percent$$00000002  c_w.l(_printf_p.o)
    0x08008210   0x00000006   Code   RO         5764    .ARM.Collect$$_printf_percent$$00000003  c_w.l(_printf_f.o)
    0x08008216   0x00000006   Code   RO         5765    .ARM.Collect$$_printf_percent$$00000004  c_w.l(_printf_e.o)
    0x0800821c   0x00000006   Code   RO         5766    .ARM.Collect$$_printf_percent$$00000005  c_w.l(_printf_g.o)
    0x08008222   0x00000006   Code   RO         5767    .ARM.Collect$$_printf_percent$$00000006  c_w.l(_printf_a.o)
    0x08008228   0x0000000a   Code   RO         5772    .ARM.Collect$$_printf_percent$$00000007  c_w.l(_printf_ll.o)
    0x08008232   0x00000006   Code   RO         5762    .ARM.Collect$$_printf_percent$$00000008  c_w.l(_printf_i.o)
    0x08008238   0x00000006   Code   RO         5664    .ARM.Collect$$_printf_percent$$00000009  c_w.l(_printf_d.o)
    0x0800823e   0x00000006   Code   RO         5763    .ARM.Collect$$_printf_percent$$0000000A  c_w.l(_printf_u.o)
    0x08008244   0x00000006   Code   RO         5761    .ARM.Collect$$_printf_percent$$0000000B  c_w.l(_printf_o.o)
    0x0800824a   0x00000006   Code   RO         5663    .ARM.Collect$$_printf_percent$$0000000C  c_w.l(_printf_x.o)
    0x08008250   0x00000006   Code   RO         5769    .ARM.Collect$$_printf_percent$$0000000D  c_w.l(_printf_lli.o)
    0x08008256   0x00000006   Code   RO         5770    .ARM.Collect$$_printf_percent$$0000000E  c_w.l(_printf_lld.o)
    0x0800825c   0x00000006   Code   RO         5771    .ARM.Collect$$_printf_percent$$0000000F  c_w.l(_printf_llu.o)
    0x08008262   0x00000006   Code   RO         5776    .ARM.Collect$$_printf_percent$$00000010  c_w.l(_printf_llo.o)
    0x08008268   0x00000006   Code   RO         5777    .ARM.Collect$$_printf_percent$$00000011  c_w.l(_printf_llx.o)
    0x0800826e   0x0000000a   Code   RO         5773    .ARM.Collect$$_printf_percent$$00000012  c_w.l(_printf_l.o)
    0x08008278   0x00000006   Code   RO         5758    .ARM.Collect$$_printf_percent$$00000013  c_w.l(_printf_c.o)
    0x0800827e   0x00000006   Code   RO         5662    .ARM.Collect$$_printf_percent$$00000014  c_w.l(_printf_s.o)
    0x08008284   0x00000006   Code   RO         5774    .ARM.Collect$$_printf_percent$$00000015  c_w.l(_printf_lc.o)
    0x0800828a   0x00000006   Code   RO         5775    .ARM.Collect$$_printf_percent$$00000016  c_w.l(_printf_ls.o)
    0x08008290   0x00000004   Code   RO         5768    .ARM.Collect$$_printf_percent$$00000017  c_w.l(_printf_percent_end.o)
    0x08008294   0x00000002   Code   RO         5923    .ARM.Collect$$libinit$$00000000  c_w.l(libinit.o)
    0x08008296   0x00000000   Code   RO         5925    .ARM.Collect$$libinit$$00000002  c_w.l(libinit2.o)
    0x08008296   0x00000000   Code   RO         5927    .ARM.Collect$$libinit$$00000004  c_w.l(libinit2.o)
    0x08008296   0x00000000   Code   RO         5930    .ARM.Collect$$libinit$$0000000A  c_w.l(libinit2.o)
    0x08008296   0x00000000   Code   RO         5932    .ARM.Collect$$libinit$$0000000C  c_w.l(libinit2.o)
    0x08008296   0x00000000   Code   RO         5934    .ARM.Collect$$libinit$$0000000E  c_w.l(libinit2.o)
    0x08008296   0x00000006   Code   RO         5935    .ARM.Collect$$libinit$$0000000F  c_w.l(libinit2.o)
    0x0800829c   0x00000000   Code   RO         5937    .ARM.Collect$$libinit$$00000011  c_w.l(libinit2.o)
    0x0800829c   0x0000000c   Code   RO         5938    .ARM.Collect$$libinit$$00000012  c_w.l(libinit2.o)
    0x080082a8   0x00000000   Code   RO         5939    .ARM.Collect$$libinit$$00000013  c_w.l(libinit2.o)
    0x080082a8   0x00000000   Code   RO         5941    .ARM.Collect$$libinit$$00000015  c_w.l(libinit2.o)
    0x080082a8   0x0000000a   Code   RO         5942    .ARM.Collect$$libinit$$00000016  c_w.l(libinit2.o)
    0x080082b2   0x00000000   Code   RO         5943    .ARM.Collect$$libinit$$00000017  c_w.l(libinit2.o)
    0x080082b2   0x00000000   Code   RO         5945    .ARM.Collect$$libinit$$00000019  c_w.l(libinit2.o)
    0x080082b2   0x00000000   Code   RO         5947    .ARM.Collect$$libinit$$0000001B  c_w.l(libinit2.o)
    0x080082b2   0x00000000   Code   RO         5949    .ARM.Collect$$libinit$$0000001D  c_w.l(libinit2.o)
    0x080082b2   0x00000000   Code   RO         5951    .ARM.Collect$$libinit$$0000001F  c_w.l(libinit2.o)
    0x080082b2   0x00000000   Code   RO         5953    .ARM.Collect$$libinit$$00000021  c_w.l(libinit2.o)
    0x080082b2   0x00000000   Code   RO         5955    .ARM.Collect$$libinit$$00000023  c_w.l(libinit2.o)
    0x080082b2   0x00000000   Code   RO         5957    .ARM.Collect$$libinit$$00000025  c_w.l(libinit2.o)
    0x080082b2   0x00000000   Code   RO         5961    .ARM.Collect$$libinit$$0000002C  c_w.l(libinit2.o)
    0x080082b2   0x00000000   Code   RO         5963    .ARM.Collect$$libinit$$0000002E  c_w.l(libinit2.o)
    0x080082b2   0x00000000   Code   RO         5965    .ARM.Collect$$libinit$$00000030  c_w.l(libinit2.o)
    0x080082b2   0x00000000   Code   RO         5967    .ARM.Collect$$libinit$$00000032  c_w.l(libinit2.o)
    0x080082b2   0x00000002   Code   RO         5968    .ARM.Collect$$libinit$$00000033  c_w.l(libinit2.o)
    0x080082b4   0x00000002   Code   RO         5969    .ARM.Collect$$libshutdown$$00000000  c_w.l(libshutdown.o)
    0x080082b6   0x00000000   Code   RO         5994    .ARM.Collect$$libshutdown$$00000002  c_w.l(libshutdown2.o)
    0x080082b6   0x00000000   Code   RO         5996    .ARM.Collect$$libshutdown$$00000004  c_w.l(libshutdown2.o)
    0x080082b6   0x00000000   Code   RO         5999    .ARM.Collect$$libshutdown$$00000007  c_w.l(libshutdown2.o)
    0x080082b6   0x00000000   Code   RO         6002    .ARM.Collect$$libshutdown$$0000000A  c_w.l(libshutdown2.o)
    0x080082b6   0x00000000   Code   RO         6004    .ARM.Collect$$libshutdown$$0000000C  c_w.l(libshutdown2.o)
    0x080082b6   0x00000000   Code   RO         6007    .ARM.Collect$$libshutdown$$0000000F  c_w.l(libshutdown2.o)
    0x080082b6   0x00000002   Code   RO         6008    .ARM.Collect$$libshutdown$$00000010  c_w.l(libshutdown2.o)
    0x080082b8   0x00000000   Code   RO         5726    .ARM.Collect$$rtentry$$00000000  c_w.l(__rtentry.o)
    0x080082b8   0x00000000   Code   RO         5802    .ARM.Collect$$rtentry$$00000002  c_w.l(__rtentry2.o)
    0x080082b8   0x00000006   Code   RO         5814    .ARM.Collect$$rtentry$$00000004  c_w.l(__rtentry4.o)
    0x080082be   0x00000000   Code   RO         5804    .ARM.Collect$$rtentry$$00000009  c_w.l(__rtentry2.o)
    0x080082be   0x00000004   Code   RO         5805    .ARM.Collect$$rtentry$$0000000A  c_w.l(__rtentry2.o)
    0x080082c2   0x00000008   Code   RO         5806    .ARM.Collect$$rtentry$$0000000B  c_w.l(__rtentry2.o)
    0x080082ca   0x00000008   Code   RO         5808    .ARM.Collect$$rtentry$$0000000D  c_w.l(__rtentry2.o)
    0x080082d2   0x00000002   Code   RO         5727    .ARM.Collect$$rtexit$$00000000  c_w.l(rtexit.o)
    0x080082d4   0x00000000   Code   RO         5817    .ARM.Collect$$rtexit$$00000002  c_w.l(rtexit2.o)
    0x080082d4   0x00000004   Code   RO         5818    .ARM.Collect$$rtexit$$00000003  c_w.l(rtexit2.o)
    0x080082d8   0x00000006   Code   RO         5819    .ARM.Collect$$rtexit$$00000004  c_w.l(rtexit2.o)
    0x080082de   0x00000002   PAD
    0x080082e0   0x0000001c   Code   RO         4283    .emb_text           rtx_conf_cm.o
    0x080082fc   0x00000130   Code   RO         5577    .emb_text           RTX_CM3.lib(hal_cm3.o)
    0x0800842c   0x00000040   Code   RO         4344    .text               startup_stm32f10x_cl.o
    0x0800846c   0x00000008   Code   RO         5592    .text               c_w.l(libspace.o)
    0x08008474   0x00000002   Code   RO         5595    .text               c_w.l(use_no_semi_2.o)
    0x08008476   0x00000026   Code   RO         5599    .text               c_w.l(llshl.o)
    0x0800849c   0x00000026   Code   RO         5601    .text               c_w.l(llushr.o)
    0x080084c2   0x00000002   PAD
    0x080084c4   0x00000024   Code   RO         5603    .text               c_w.l(vsprintf.o)
    0x080084e8   0x0000002c   Code   RO         5605    .text               c_w.l(__2sprintf.o)
    0x08008514   0x00000038   Code   RO         5607    .text               c_w.l(__2snprintf.o)
    0x0800854c   0x0000004e   Code   RO         5615    .text               c_w.l(_printf_pad.o)
    0x0800859a   0x00000052   Code   RO         5617    .text               c_w.l(_printf_str.o)
    0x080085ec   0x00000078   Code   RO         5619    .text               c_w.l(_printf_dec.o)
    0x08008664   0x00000094   Code   RO         5639    .text               c_w.l(_printf_hex_int_ll_ptr.o)
    0x080086f8   0x00000188   Code   RO         5659    .text               c_w.l(__printf_flags_ss_wp.o)
    0x08008880   0x0000003c   Code   RO         5666    .text               c_w.l(__0sscanf.o)
    0x080088bc   0x0000014c   Code   RO         5668    .text               c_w.l(_scanf_int.o)
    0x08008a08   0x000000e0   Code   RO         5670    .text               c_w.l(_scanf_str.o)
    0x08008ae8   0x00000012   Code   RO         5672    .text               c_w.l(exit.o)
    0x08008afa   0x00000024   Code   RO         5674    .text               c_w.l(strstr.o)
    0x08008b1e   0x00000058   Code   RO         5676    .text               c_w.l(memcmp.o)
    0x08008b76   0x0000003e   Code   RO         5678    .text               c_w.l(strlen.o)
    0x08008bb4   0x0000008a   Code   RO         5680    .text               c_w.l(rt_memcpy_v6.o)
    0x08008c3e   0x00000064   Code   RO         5682    .text               c_w.l(rt_memcpy_w.o)
    0x08008ca2   0x00000010   Code   RO         5684    .text               c_w.l(aeabi_memset.o)
    0x08008cb2   0x00000044   Code   RO         5686    .text               c_w.l(rt_memclr.o)
    0x08008cf6   0x0000004e   Code   RO         5688    .text               c_w.l(rt_memclr_w.o)
    0x08008d44   0x00000080   Code   RO         5690    .text               c_w.l(strcmpv7m.o)
    0x08008dc4   0x00000006   Code   RO         5692    .text               c_w.l(heapauxi.o)
    0x08008dca   0x00000002   Code   RO         5724    .text               c_w.l(use_no_semi.o)
    0x08008dcc   0x00000024   Code   RO         5733    .text               c_w.l(_printf_truncate.o)
    0x08008df0   0x000000b2   Code   RO         5735    .text               c_w.l(_printf_intcommon.o)
    0x08008ea2   0x00000028   Code   RO         5737    .text               c_w.l(_printf_charcount.o)
    0x08008eca   0x00000002   PAD
    0x08008ecc   0x00000030   Code   RO         5739    .text               c_w.l(_printf_char_common.o)
    0x08008efc   0x0000000a   Code   RO         5741    .text               c_w.l(_sputc.o)
    0x08008f06   0x00000010   Code   RO         5743    .text               c_w.l(_snputc.o)
    0x08008f16   0x0000002c   Code   RO         5745    .text               c_w.l(_printf_char.o)
    0x08008f42   0x00000002   PAD
    0x08008f44   0x000000bc   Code   RO         5747    .text               c_w.l(_printf_wctomb.o)
    0x08009000   0x0000007c   Code   RO         5750    .text               c_w.l(_printf_longlong_dec.o)
    0x0800907c   0x00000070   Code   RO         5756    .text               c_w.l(_printf_oct_int_ll.o)
    0x080090ec   0x0000001c   Code   RO         5778    .text               c_w.l(_chval.o)
    0x08009108   0x000004a4   Code   RO         5780    .text               c_w.l(scanf_fp.o)
    0x080095ac   0x0000002c   Code   RO         5782    .text               c_w.l(scanf_char.o)
    0x080095d8   0x00000040   Code   RO         5784    .text               c_w.l(_sgetc.o)
    0x08009618   0x0000000a   Code   RO         5830    .text               c_w.l(rt_locale_twolibspace.o)
    0x08009622   0x00000004   Code   RO         5837    .text               c_w.l(rt_errno_addr_twolibspace.o)
    0x08009626   0x0000008a   Code   RO         5839    .text               c_w.l(lludiv10.o)
    0x080096b0   0x00000012   Code   RO         5841    .text               c_w.l(isspace.o)
    0x080096c2   0x0000041a   Code   RO         5843    .text               c_w.l(_printf_fp_dec.o)
    0x08009adc   0x000002fc   Code   RO         5845    .text               c_w.l(_printf_fp_hex.o)
    0x08009dd8   0x0000002c   Code   RO         5850    .text               c_w.l(_printf_wchar.o)
    0x08009e04   0x00000374   Code   RO         5852    .text               c_w.l(_scanf.o)
    0x0800a178   0x000000dc   Code   RO         5854    .text               c_w.l(bigflt0.o)
    0x0800a254   0x00000040   Code   RO         5879    .text               c_w.l(_wcrtomb.o)
    0x0800a294   0x0000004a   Code   RO         5901    .text               c_w.l(sys_stackheap_outer.o)
    0x0800a2de   0x00000002   PAD
    0x0800a2e0   0x00000010   Code   RO         5903    .text               c_w.l(rt_ctype_table.o)
    0x0800a2f0   0x00000016   Code   RO         5905    .text               c_w.l(_rserrno.o)
    0x0800a306   0x00000002   PAD
    0x0800a308   0x00000080   Code   RO         5907    .text               c_w.l(_printf_fp_infnan.o)
    0x0800a388   0x00000320   Code   RO         5909    .text               c_w.l(scanf_hexfp.o)
    0x0800a6a8   0x00000134   Code   RO         5911    .text               c_w.l(scanf_infnan.o)
    0x0800a7dc   0x0000003e   Code   RO         5857    CL$$btod_d2e        c_w.l(btod.o)
    0x0800a81a   0x00000046   Code   RO         5859    CL$$btod_d2e_denorm_low  c_w.l(btod.o)
    0x0800a860   0x00000060   Code   RO         5858    CL$$btod_d2e_norm_op1  c_w.l(btod.o)
    0x0800a8c0   0x00000338   Code   RO         5867    CL$$btod_div_common  c_w.l(btod.o)
    0x0800abf8   0x00000054   Code   RO         5865    CL$$btod_e2d        c_w.l(btod.o)
    0x0800ac4c   0x000000c6   Code   RO         5864    CL$$btod_e2e        c_w.l(btod.o)
    0x0800ad12   0x00000028   Code   RO         5861    CL$$btod_ediv       c_w.l(btod.o)
    0x0800ad3a   0x00000028   Code   RO         5863    CL$$btod_edivd      c_w.l(btod.o)
    0x0800ad62   0x00000028   Code   RO         5860    CL$$btod_emul       c_w.l(btod.o)
    0x0800ad8a   0x00000028   Code   RO         5862    CL$$btod_emuld      c_w.l(btod.o)
    0x0800adb2   0x00000244   Code   RO         5866    CL$$btod_mult_common  c_w.l(btod.o)
    0x0800aff6   0x00000002   PAD
    0x0800aff8   0x00000004   Code   RO         5587    SVC_TABLE           RTX_CM3.lib(svc_table.o)
    0x0800affc   0x00000094   Code   RO          573    i.AuxiliaryCanInit  obd.o
    0x0800b090   0x00000098   Code   RO          574    i.AuxiliaryCanPinMatch  obd.o
    0x0800b128   0x00000010   Code   RO         3998    i.BKP_DeInit        stm32f10x_bkp.o
    0x0800b138   0x0000001c   Code   RO         4003    i.BKP_ReadBackupRegister  stm32f10x_bkp.o
    0x0800b154   0x0000001c   Code   RO         4007    i.BKP_WriteBackupRegister  stm32f10x_bkp.o
    0x0800b170   0x00000154   Code   RO         1383    i.BOOL_data_put_buf  gb17691a.o
    0x0800b2c4   0x00000004   Code   RO          239    i.BusFault_Handler  stm32f10x_it.o
    0x0800b2c8   0x00000040   Code   RO          281    i.CAN1SendMsg       can.o
    0x0800b308   0x00000090   Code   RO          282    i.CAN1_32bitfilter_Init  can.o
    0x0800b398   0x0000008c   Code   RO          284    i.CAN1_RX0_IRQHandler  can.o
    0x0800b424   0x00000054   Code   RO          184    i.CAN1test          terminaltest.o
    0x0800b478   0x00000040   Code   RO          285    i.CAN2SendMsg       can.o
    0x0800b4b8   0x0000007c   Code   RO          288    i.CAN2_RX0_IRQHandler  can.o
    0x0800b534   0x00000108   Code   RO         2655    i.CAN_FilterInit    stm32f10x_can.o
    0x0800b63c   0x00000118   Code   RO          291    i.CAN_GPIOConfig    can.o
    0x0800b754   0x00000012   Code   RO         2661    i.CAN_ITConfig      stm32f10x_can.o
    0x0800b766   0x00000114   Code   RO         2662    i.CAN_Init          stm32f10x_can.o
    0x0800b87a   0x0000001e   Code   RO         2663    i.CAN_MessagePending  stm32f10x_can.o
    0x0800b898   0x000000f0   Code   RO         2665    i.CAN_Receive       stm32f10x_can.o
    0x0800b988   0x00000126   Code   RO         2670    i.CAN_Transmit      stm32f10x_can.o
    0x0800baae   0x00000002   PAD
    0x0800bab0   0x000000a0   Code   RO         2671    i.CAN_TransmitStatus  stm32f10x_can.o
    0x0800bb50   0x000000f8   Code   RO         1647    i.CalcCRC32         crc.o
    0x0800bc48   0x00000044   Code   RO          292    i.Can1ModeInit      can.o
    0x0800bc8c   0x00000048   Code   RO          293    i.Can2ModeInit      can.o
    0x0800bcd4   0x00000008   Code   RO          677    i.CanDataProcess    candataanalysis.o
    0x0800bcdc   0x00000010   Code   RO          294    i.CanInit           can.o
    0x0800bcec   0x0000004c   Code   RO          295    i.CanSetBaud        can.o
    0x0800bd38   0x00000054   Code   RO          678    i.CheckCanMsg       candataanalysis.o
    0x0800bd8c   0x0000004c   Code   RO          575    i.CheckEPM          obd.o
    0x0800bdd8   0x00000028   Code   RO          806    i.CountSpeedMatchRes  uds.o
    0x0800be00   0x00000002   Code   RO          240    i.DebugMon_Handler  stm32f10x_it.o
    0x0800be02   0x00000002   PAD
    0x0800be04   0x0000004c   Code   RO          409    i.Dis_15765_09_SID  iso_15765.o
    0x0800be50   0x00000002   Code   RO         2237    i.EXTI0_IRQHandler  wkup.o
    0x0800be52   0x00000002   PAD
    0x0800be54   0x0000000c   Code   RO         4207    i.EXTI_ClearITPendingBit  stm32f10x_exti.o
    0x0800be60   0x00000018   Code   RO         1384    i.EvalBCC_FromBytes  gb17691a.o
    0x0800be78   0x0000020c   Code   RO         1385    i.GB17691_CMD_analysis  gb17691a.o
    0x0800c084   0x0000015c   Code   RO         1386    i.GB17691_CMD_check  gb17691a.o
    0x0800c1e0   0x0000023c   Code   RO         1387    i.GB17691_data_put_buf  gb17691a.o
    0x0800c41c   0x00000096   Code   RO         1335    i.GB17691_get_BOOLcustom_Info  gb17691_can_gps.o
    0x0800c4b2   0x000004b4   Code   RO         1336    i.GB17691_get_OBD_Info  gb17691_can_gps.o
    0x0800c966   0x00000002   PAD
    0x0800c968   0x0000004c   Code   RO         1337    i.GB17691_get_VIN_Info  gb17691_can_gps.o
    0x0800c9b4   0x00000176   Code   RO         1338    i.GB17691_get_custom_Info  gb17691_can_gps.o
    0x0800cb2a   0x00000236   Code   RO         1339    i.GB17691_get_datastream_Info  gb17691_can_gps.o
    0x0800cd60   0x000000cc   Code   RO         1340    i.GB17691_get_softver_Info  gb17691_can_gps.o
    0x0800ce2c   0x00000324   Code   RO         1389    i.GB17691_real_time_upload  gb17691a.o
    0x0800d150   0x00000124   Code   RO         1390    i.GB17691_resend_data  gb17691a.o
    0x0800d274   0x00000018   Code   RO         1391    i.GB17691_send_data  gb17691a.o
    0x0800d28c   0x000000b0   Code   RO         1392    i.GB17691_task      gb17691a.o
    0x0800d33c   0x0000007c   Code   RO         1393    i.GB17691_task_init  gb17691a.o
    0x0800d3b8   0x00000116   Code   RO         2810    i.GPIO_Init         stm32f10x_gpio.o
    0x0800d4ce   0x00000004   Code   RO         2817    i.GPIO_ResetBits    stm32f10x_gpio.o
    0x0800d4d2   0x00000004   Code   RO         2818    i.GPIO_SetBits      stm32f10x_gpio.o
    0x0800d4d6   0x00000002   PAD
    0x0800d4d8   0x0000007c   Code   RO          679    i.GetCanData        candataanalysis.o
    0x0800d554   0x00000044   Code   RO          680    i.GetCanDataEmptyBuf  candataanalysis.o
    0x0800d598   0x0000003c   Code   RO          681    i.GetCanDataEmptyBufCnt  candataanalysis.o
    0x0800d5d4   0x0000001a   Code   RO          682    i.GetCanDataFrameCnt  candataanalysis.o
    0x0800d5ee   0x00000002   PAD
    0x0800d5f0   0x00000064   Code   RO          297    i.GetCanRxMsg       can.o
    0x0800d654   0x00000026   Code   RO          683    i.GetCanSpecifyFrame  candataanalysis.o
    0x0800d67a   0x00000002   PAD
    0x0800d67c   0x0000008c   Code   RO          684    i.GetMultiFrameEmptyBuf  candataanalysis.o
    0x0800d708   0x00000034   Code   RO          685    i.GetMultiFrameNodeEmptyBuf  candataanalysis.o
    0x0800d73c   0x0000001c   Code   RO          686    i.GetMultiFrameNodeEnd  candataanalysis.o
    0x0800d758   0x0000009c   Code   RO          807    i.GetNoxContestJieFang  uds.o
    0x0800d7f4   0x00000084   Code   RO          808    i.GetNoxContest_HengHe  uds.o
    0x0800d878   0x00000090   Code   RO          809    i.GetNoxContest_KaiLong  uds.o
    0x0800d908   0x000000a4   Code   RO          810    i.GetNoxContest_KaiRuiWeiKeSi  uds.o
    0x0800d9ac   0x00000078   Code   RO          576    i.GetObdData        obd.o
    0x0800da24   0x000000b0   Code   RO          811    i.GetScrTempJieFang  uds.o
    0x0800dad4   0x0000008c   Code   RO          812    i.GetScrTemp_256A_B_Div10_Sub273  uds.o
    0x0800db60   0x0000005c   Code   RO          813    i.GetScrTemp_HengHe  uds.o
    0x0800dbbc   0x00000084   Code   RO          814    i.GetScrTemp_KaiLong  uds.o
    0x0800dc40   0x000000a8   Code   RO          815    i.GetScrTemp_KaiRuiWeiKeSi  uds.o
    0x0800dce8   0x00000088   Code   RO          816    i.GetUdsData_100D_Div250  uds.o
    0x0800dd70   0x00000090   Code   RO          817    i.GetUdsData_16777216A_65536B_256C_D_Sub270  uds.o
    0x0800de00   0x00000080   Code   RO          818    i.GetUdsData_256A_B  uds.o
    0x0800de80   0x00000088   Code   RO          820    i.GetUdsData_256A_B_Div100  uds.o
    0x0800df08   0x00000080   Code   RO          821    i.GetUdsData_256A_B_Div2  uds.o
    0x0800df88   0x00000080   Code   RO          822    i.GetUdsData_256A_B_Div4  uds.o
    0x0800e008   0x0000002c   Code   RO          824    i.GetUdsData_256A_B_KaiDeSi  uds.o
    0x0800e034   0x00000090   Code   RO          825    i.GetUdsData_256A_B_Mul625_Div10000_Sub40  uds.o
    0x0800e0c4   0x00000054   Code   RO          827    i.GetUdsData_ISO15031_100A_Div255  uds.o
    0x0800e118   0x00000058   Code   RO          828    i.GetUdsData_ISO15031_100B_Div255  uds.o
    0x0800e170   0x0000005c   Code   RO          829    i.GetUdsData_ISO15031_256A_B_Div10  uds.o
    0x0800e1cc   0x00000064   Code   RO          830    i.GetUdsData_ISO15031_256A_B_Div10_Sub40  uds.o
    0x0800e230   0x00000054   Code   RO          831    i.GetUdsData_ISO15031_256A_B_Div4  uds.o
    0x0800e284   0x00000064   Code   RO          832    i.GetUdsData_ISO15031_256A_B_Mul99_Div1000  uds.o
    0x0800e2e8   0x00000054   Code   RO          833    i.GetUdsData_ISO15031_256B_C  uds.o
    0x0800e33c   0x00000100   Code   RO          834    i.GetUdsData_YiLiLanJie  uds.o
    0x0800e43c   0x00000038   Code   RO          835    i.GetUdsNoxContest_BoShiYuChai  uds.o
    0x0800e474   0x0000003c   Code   RO          836    i.GetUdsScrBackTemp_BoShiYuChai  uds.o
    0x0800e4b0   0x0000002c   Code   RO          837    i.GetUdsSpeed_BoShiYuChai  uds.o
    0x0800e4dc   0x00000054   Code   RO          838    i.GetUdsSpeed_HengHe  uds.o
    0x0800e530   0x0000002c   Code   RO          839    i.GetUdsSpeed_KaiDeSi  uds.o
    0x0800e55c   0x00000084   Code   RO          840    i.GetUdsSpeed_KaiLong  uds.o
    0x0800e5e0   0x000000ac   Code   RO          841    i.GetUdsSpeed_KaiRuiWeiKeSi  uds.o
    0x0800e68c   0x00000030   Code   RO          842    i.GetUdsUreaLiquidLevel_BoShiYuChai  uds.o
    0x0800e6bc   0x00000024   Code   RO          843    i.GetUdsUreaLiquidLevel_KaiDeSi  uds.o
    0x0800e6e0   0x000000ac   Code   RO          844    i.GetUreaLiquidLevelJieFang  uds.o
    0x0800e78c   0x00000058   Code   RO          845    i.GetUreaLiquidLevel_HengHe  uds.o
    0x0800e7e4   0x00000088   Code   RO          846    i.GetUreaLiquidLevel_KaiLong  uds.o
    0x0800e86c   0x000000a8   Code   RO          847    i.GetUreaLiquidLevel_KaiRuiWeiKeSi  uds.o
    0x0800e914   0x00000014   Code   RO          848    i.GoToNextStep      uds.o
    0x0800e928   0x00000004   Code   RO          241    i.HardFault_Handler  stm32f10x_it.o
    0x0800e92c   0x00000018   Code   RO          849    i.HeartResponse     uds.o
    0x0800e944   0x00000604   Code   RO          410    i.ISO15765CheckPid  iso_15765.o
    0x0800ef48   0x00000070   Code   RO          411    i.ISO15765CvnProcess  iso_15765.o
    0x0800efb8   0x00000064   Code   RO          412    i.ISO15765DisPidDone  iso_15765.o
    0x0800f01c   0x00000064   Code   RO          413    i.ISO15765DisPidSend  iso_15765.o
    0x0800f080   0x00000060   Code   RO          414    i.ISO15765EnPidSend  iso_15765.o
    0x0800f0e0   0x00000064   Code   RO          415    i.ISO15765Init      iso_15765.o
    0x0800f144   0x00000208   Code   RO          416    i.ISO15765IuprProcess  iso_15765.o
    0x0800f34c   0x0000014e   Code   RO          687    i.ISO15765MultiFrameProcess  candataanalysis.o
    0x0800f49a   0x000000e0   Code   RO          688    i.ISO15765MultiFrameToData  candataanalysis.o
    0x0800f57a   0x00000002   PAD
    0x0800f57c   0x00000128   Code   RO          417    i.ISO15765ObdDiagnosis  iso_15765.o
    0x0800f6a4   0x00000064   Code   RO          418    i.ISO15765ObdFault  iso_15765.o
    0x0800f708   0x00000148   Code   RO          689    i.ISO15765ProtocolProcess  candataanalysis.o
    0x0800f850   0x00000090   Code   RO          690    i.ISO15765SendFrameFlowCmd  candataanalysis.o
    0x0800f8e0   0x00000140   Code   RO          419    i.ISO15765SendMsg   iso_15765.o
    0x0800fa20   0x0000002c   Code   RO          691    i.ISO15765SingleFrameToData  candataanalysis.o
    0x0800fa4c   0x00000038   Code   RO          420    i.ISO15765SoftCbrtNum  iso_15765.o
    0x0800fa84   0x00000038   Code   RO          421    i.ISO15765VinProcess  iso_15765.o
    0x0800fabc   0x00000010   Code   RO         2918    i.IWDG_Enable       stm32f10x_iwdg.o
    0x0800facc   0x00000008   Code   RO         2216    i.IWDG_Feed         iwdg.o
    0x0800fad4   0x00000024   Code   RO         2217    i.IWDG_Init         iwdg.o
    0x0800faf8   0x00000010   Code   RO         2920    i.IWDG_ReloadCounter  stm32f10x_iwdg.o
    0x0800fb08   0x0000000c   Code   RO         2921    i.IWDG_SetPrescaler  stm32f10x_iwdg.o
    0x0800fb14   0x0000000c   Code   RO         2922    i.IWDG_SetReload    stm32f10x_iwdg.o
    0x0800fb20   0x0000000c   Code   RO         2923    i.IWDG_WriteAccessCmd  stm32f10x_iwdg.o
    0x0800fb2c   0x00000010   Code   RO         4260    i.IsAscii           utils.o
    0x0800fb3c   0x00000060   Code   RO          422    i.IsISO15765PidDoneEn  iso_15765.o
    0x0800fb9c   0x00000050   Code   RO          509    i.IsJ1939PgnDoneEn  j_1939.o
    0x0800fbec   0x0000002a   Code   RO         1394    i.IsLeapYear        gb17691a.o
    0x0800fc16   0x0000002a   Code   RO         1559    i.IsLeapYear        gps.o
    0x0800fc40   0x00000044   Code   RO          850    i.IsUdsCanIdDoneFlagMark  uds.o
    0x0800fc84   0x0000003a   Code   RO         2267    i.Is_Leap_Year      rtc.o
    0x0800fcbe   0x00000002   PAD
    0x0800fcc0   0x000000cc   Code   RO          510    i.IuprProcess       j_1939.o
    0x0800fd8c   0x00000abc   Code   RO          511    i.J1939CheckPgn     j_1939.o
    0x08010848   0x00000050   Code   RO          512    i.J1939Init         j_1939.o
    0x08010898   0x00000098   Code   RO          513    i.J1939IuprProcess  j_1939.o
    0x08010930   0x00000140   Code   RO          692    i.J1939MultiFrameProcess  candataanalysis.o
    0x08010a70   0x0000007e   Code   RO          693    i.J1939MultiFrameToData  candataanalysis.o
    0x08010aee   0x00000002   PAD
    0x08010af0   0x0000004c   Code   RO          514    i.J1939PgnDisDone   j_1939.o
    0x08010b3c   0x0000004c   Code   RO          515    i.J1939PgnDisSend   j_1939.o
    0x08010b88   0x00000138   Code   RO          694    i.J1939ProtocolProcess  candataanalysis.o
    0x08010cc0   0x00000114   Code   RO          516    i.J1939SendMsg      j_1939.o
    0x08010dd4   0x0000002c   Code   RO          695    i.J1939SingleFrameToData  candataanalysis.o
    0x08010e00   0x00000004   Code   RO          242    i.MemManage_Handler  stm32f10x_it.o
    0x08010e04   0x000000a8   Code   RO         2268    i.My_RTC_Init       rtc.o
    0x08010eac   0x00000002   Code   RO          243    i.NMI_Handler       stm32f10x_it.o
    0x08010eae   0x0000007e   Code   RO         2064    i.NVIC_Config       bsp.o
    0x08010f2c   0x00000044   Code   RO          577    i.NVIC_Config_can   obd.o
    0x08010f70   0x00000070   Code   RO         2613    i.NVIC_Init         misc.o
    0x08010fe0   0x00000014   Code   RO         2614    i.NVIC_PriorityGroupConfig  misc.o
    0x08010ff4   0x00000014   Code   RO          578    i.ObdCanBaudSet     obd.o
    0x08011008   0x0000004c   Code   RO          579    i.Obd_init          obd.o
    0x08011054   0x000000d0   Code   RO         1992    i.OpenSocket        multisocket.o
    0x08011124   0x0000000c   Code   RO         4074    i.PWR_BackupAccessCmd  stm32f10x_pwr.o
    0x08011130   0x00000014   Code   RO         4075    i.PWR_ClearFlag     stm32f10x_pwr.o
    0x08011144   0x00000034   Code   RO         4077    i.PWR_EnterSTANDBYMode  stm32f10x_pwr.o
    0x08011178   0x00000018   Code   RO         4079    i.PWR_GetFlagStatus  stm32f10x_pwr.o
    0x08011190   0x0000022c   Code   RO          580    i.ProtocolMatch     obd.o
    0x080113bc   0x00000020   Code   RO         2963    i.RCC_APB1PeriphClockCmd  stm32f10x_rcc.o
    0x080113dc   0x00000020   Code   RO         2965    i.RCC_APB2PeriphClockCmd  stm32f10x_rcc.o
    0x080113fc   0x00000020   Code   RO         2966    i.RCC_APB2PeriphResetCmd  stm32f10x_rcc.o
    0x0801141c   0x0000000c   Code   RO         2968    i.RCC_BackupResetCmd  stm32f10x_rcc.o
    0x08011428   0x0000018c   Code   RO         2973    i.RCC_GetClocksFreq  stm32f10x_rcc.o
    0x080115b4   0x0000003c   Code   RO         2974    i.RCC_GetFlagStatus  stm32f10x_rcc.o
    0x080115f0   0x00000034   Code   RO         2983    i.RCC_LSEConfig     stm32f10x_rcc.o
    0x08011624   0x0000000c   Code   RO         2997    i.RCC_RTCCLKCmd     stm32f10x_rcc.o
    0x08011630   0x00000010   Code   RO         2998    i.RCC_RTCCLKConfig  stm32f10x_rcc.o
    0x08011640   0x000000ac   Code   RO         2065    i.RS232_USART_Config  bsp.o
    0x080116ec   0x00000030   Code   RO         2269    i.RTCAlarm_IRQHandler  rtc.o
    0x0801171c   0x00000010   Code   RO         3907    i.RTC_ClearITPendingBit  stm32f10x_rtc.o
    0x0801172c   0x00000014   Code   RO         3908    i.RTC_EnterConfigMode  stm32f10x_rtc.o
    0x08011740   0x00000014   Code   RO         3909    i.RTC_ExitConfigMode  stm32f10x_rtc.o
    0x08011754   0x000000f4   Code   RO         2270    i.RTC_Get           rtc.o
    0x08011848   0x00000014   Code   RO         3910    i.RTC_GetCounter    stm32f10x_rtc.o
    0x0801185c   0x00000024   Code   RO         3913    i.RTC_GetITStatus   stm32f10x_rtc.o
    0x08011880   0x00000028   Code   RO         2272    i.RTC_IRQHandler    rtc.o
    0x080118a8   0x00000020   Code   RO         3914    i.RTC_ITConfig      stm32f10x_rtc.o
    0x080118c8   0x0000001e   Code   RO         2273    i.RTC_NVIC_Config   rtc.o
    0x080118e6   0x00000002   PAD
    0x080118e8   0x000000c4   Code   RO         2274    i.RTC_Set           rtc.o
    0x080119ac   0x0000001c   Code   RO         3915    i.RTC_SetAlarm      stm32f10x_rtc.o
    0x080119c8   0x0000001c   Code   RO         3916    i.RTC_SetCounter    stm32f10x_rtc.o
    0x080119e4   0x00000020   Code   RO         3917    i.RTC_SetPrescaler  stm32f10x_rtc.o
    0x08011a04   0x00000014   Code   RO         3918    i.RTC_WaitForLastTask  stm32f10x_rtc.o
    0x08011a18   0x00000024   Code   RO         3919    i.RTC_WaitForSynchro  stm32f10x_rtc.o
    0x08011a3c   0x00000028   Code   RO         1648    i.Reflect           crc.o
    0x08011a64   0x00000032   Code   RO          696    i.ReleaseCanDataBuf  candataanalysis.o
    0x08011a96   0x00000018   Code   RO          298    i.ReleaseCanRxBuf   can.o
    0x08011aae   0x00000046   Code   RO          697    i.ReleaseMultiFrameBuf  candataanalysis.o
    0x08011af4   0x000000a4   Code   RO         1111    i.SPI1_Init         spi_flash.o
    0x08011b98   0x00000038   Code   RO         1112    i.SPI1_ReadWriteByte  spi_flash.o
    0x08011bd0   0x00000028   Code   RO         1113    i.SPI1_SetSpeed     spi_flash.o
    0x08011bf8   0x00000018   Code   RO         3767    i.SPI_Cmd           stm32f10x_spi.o
    0x08011c10   0x00000012   Code   RO         3775    i.SPI_I2S_GetFlagStatus  stm32f10x_spi.o
    0x08011c22   0x00000006   Code   RO         3778    i.SPI_I2S_ReceiveData  stm32f10x_spi.o
    0x08011c28   0x00000004   Code   RO         3779    i.SPI_I2S_SendData  stm32f10x_spi.o
    0x08011c2c   0x0000003c   Code   RO         3780    i.SPI_Init          stm32f10x_spi.o
    0x08011c68   0x00000014   Code   RO          698    i.SendCanMsg        candataanalysis.o
    0x08011c7c   0x0000000c   Code   RO          299    i.SetCanRxBufDoneFlag  can.o
    0x08011c88   0x00000008   Code   RO         4348    i.SetSysClock       system_stm32f10x.o
    0x08011c90   0x00000118   Code   RO         4349    i.SetSysClockTo72   system_stm32f10x.o
    0x08011da8   0x00000070   Code   RO         1114    i.SetUdsPara        spi_flash.o
    0x08011e18   0x00000026   Code   RO         2275    i.Set_rtcalarm      rtc.o
    0x08011e3e   0x00000002   PAD
    0x08011e40   0x00000068   Code   RO         1996    i.SocketWrite       multisocket.o
    0x08011ea8   0x00000080   Code   RO          852    i.StartMatchNextPro  uds.o
    0x08011f28   0x00000012   Code   RO         2411    i.Sys_Enter_Standby  sleep.o
    0x08011f3a   0x00000010   Code   RO         2412    i.Sys_Standby       sleep.o
    0x08011f4a   0x00000002   PAD
    0x08011f4c   0x00000070   Code   RO         4351    i.SystemInit        system_stm32f10x.o
    0x08011fbc   0x00000050   Code   RO         2197    i.TIM3_IRQHandler   timer.o
    0x0801200c   0x00000006   Code   RO         3225    i.TIM_ClearITPendingBit  stm32f10x_tim.o
    0x08012012   0x00000022   Code   RO         3251    i.TIM_GetITStatus   stm32f10x_tim.o
    0x08012034   0x00000480   Code   RO          185    i.TerminalTestProcess  terminaltest.o
    0x080124b4   0x00000058   Code   RO         1560    i.UART4_IRQHandler  gps.o
    0x0801250c   0x00000078   Code   RO         1708    i.UART5_IRQHandler  sim_uart.o
    0x08012584   0x00000244   Code   RO         2121    i.USART1_IRQHandler  uart.o
    0x080127c8   0x00000032   Code   RO         2122    i.USARTSendOut      uart.o
    0x080127fa   0x0000001e   Code   RO         2434    i.USART_ClearITPendingBit  stm32f10x_usart.o
    0x08012818   0x00000018   Code   RO         2437    i.USART_Cmd         stm32f10x_usart.o
    0x08012830   0x0000001a   Code   RO         2440    i.USART_GetFlagStatus  stm32f10x_usart.o
    0x0801284a   0x00000054   Code   RO         2441    i.USART_GetITStatus  stm32f10x_usart.o
    0x0801289e   0x0000004a   Code   RO         2443    i.USART_ITConfig    stm32f10x_usart.o
    0x080128e8   0x000000d8   Code   RO         2444    i.USART_Init        stm32f10x_usart.o
    0x080129c0   0x0000000a   Code   RO         2451    i.USART_ReceiveData  stm32f10x_usart.o
    0x080129ca   0x00000008   Code   RO         2454    i.USART_SendData    stm32f10x_usart.o
    0x080129d2   0x000000bc   Code   RO         1561    i.UTCTime2LocalTime  gps.o
    0x08012a8e   0x00000002   PAD
    0x08012a90   0x0000001c   Code   RO          853    i.UdsCanIdDoneFlagClear  uds.o
    0x08012aac   0x00000044   Code   RO          854    i.UdsCanIdDoneFlagMark  uds.o
    0x08012af0   0x000001b0   Code   RO          855    i.UdsCheckPid       uds.o
    0x08012ca0   0x00000014   Code   RO          856    i.UdsCmdDisSend     uds.o
    0x08012cb4   0x00000660   Code   RO          858    i.UdsReqServer      uds.o
    0x08013314   0x00000048   Code   RO          859    i.UdsSendHeartWithoutResponse  uds.o
    0x0801335c   0x00000074   Code   RO          860    i.UdsSendReqCmd     uds.o
    0x080133d0   0x000001fc   Code   RO          861    i.UdsSpeedCompare   uds.o
    0x080135cc   0x0000006c   Code   RO          862    i.UdsUpdateData     uds.o
    0x08013638   0x00000044   Code   RO          863    i.UpLinkResponse    uds.o
    0x0801367c   0x00000004   Code   RO          244    i.UsageFault_Handler  stm32f10x_it.o
    0x08013680   0x00000048   Code   RO         1117    i.W25QXX_Erase_Sector  spi_flash.o
    0x080136c8   0x00000050   Code   RO         1119    i.W25QXX_Init       spi_flash.o
    0x08013718   0x00000050   Code   RO         1121    i.W25QXX_Read       spi_flash.o
    0x08013768   0x00000030   Code   RO         1123    i.W25QXX_ReadSR     spi_flash.o
    0x08013798   0x00000014   Code   RO         1125    i.W25QXX_Wait_Busy  spi_flash.o
    0x080137ac   0x00000020   Code   RO         1127    i.W25QXX_Write_Enable  spi_flash.o
    0x080137cc   0x00000046   Code   RO         1128    i.W25QXX_Write_NoCheck  spi_flash.o
    0x08013812   0x00000002   PAD
    0x08013814   0x00000054   Code   RO         1129    i.W25QXX_Write_Page  spi_flash.o
    0x08013868   0x00000028   Code   RO         5976    i.__ARM_fpclassify  m_ws.l(fpclassify.o)
    0x08013890   0x0000000e   Code   RO         6045    i.__mathlib_dbl_overflow  m_ws.l(dunder.o)
    0x0801389e   0x00000002   PAD
    0x080138a0   0x00000010   Code   RO         6047    i.__mathlib_dbl_underflow  m_ws.l(dunder.o)
    0x080138b0   0x00000010   Code   RO         5895    i.__mathlib_narrow  m_ws.l(narrow.o)
    0x080138c0   0x00000088   Code   RO         5896    i.__mathlib_tofloat  m_ws.l(narrow.o)
    0x08013948   0x00000016   Code   RO         6020    i.__support_ldexp   m_ws.l(ldexp.o)
    0x0801395e   0x00000002   PAD
    0x08013960   0x0000002c   Code   RO         4284    i.__user_perthread_libspace  rtx_conf_cm.o
    0x0801398c   0x00000046   Code   RO         5476    i._init_box         RTX_CM3.lib(rt_membox.o)
    0x080139d2   0x0000000e   Code   RO         5652    i._is_digit         c_w.l(__printf_wp.o)
    0x080139e0   0x00000020   Code   RO         4285    i._mutex_acquire    rtx_conf_cm.o
    0x08013a00   0x0000001c   Code   RO         4287    i._mutex_release    rtx_conf_cm.o
    0x08013a1c   0x00000004   Code   RO         2124    i._sys_exit         uart.o
    0x08013a20   0x00000038   Code   RO         1562    i.asc2int           gps.o
    0x08013a58   0x00000078   Code   RO         1769    i.at_cfslogin       sim_net.o
    0x08013ad0   0x00000170   Code   RO         1770    i.at_cftpget        sim_net.o
    0x08013c40   0x00000178   Code   RO         1771    i.at_cftpgetfile    sim_net.o
    0x08013db8   0x00000068   Code   RO         1773    i.at_cftpscacherd   sim_net.o
    0x08013e20   0x00000060   Code   RO         1774    i.at_cftpscacherd_To_UART  sim_net.o
    0x08013e80   0x00000058   Code   RO         1775    i.at_cftpslogout    sim_net.o
    0x08013ed8   0x0000004c   Code   RO         1776    i.at_cftpssingleip  sim_net.o
    0x08013f24   0x00000058   Code   RO         1777    i.at_cftpsstart     sim_net.o
    0x08013f7c   0x00000058   Code   RO         1778    i.at_cftpsstop      sim_net.o
    0x08013fd4   0x0000011c   Code   RO         1779    i.at_cftrantx       sim_net.o
    0x080140f0   0x0000004c   Code   RO         1780    i.at_cgatt          sim_net.o
    0x0801413c   0x00000050   Code   RO         1781    i.at_cgpaddr        sim_net.o
    0x0801418c   0x00000068   Code   RO         1782    i.at_cmd_process    sim_net.o
    0x080141f4   0x0000009c   Code   RO         1784    i.at_fscd           sim_net.o
    0x08014290   0x000000b0   Code   RO         1785    i.at_fsdel          sim_net.o
    0x08014340   0x00000044   Code   RO         1786    i.at_fsls           sim_net.o
    0x08014384   0x00000018   Code   RO          581    i.can_collection    obd.o
    0x0801439c   0x00000070   Code   RO          517    i.canid_priority_judge  j_1939.o
    0x0801440c   0x00000054   Code   RO         1787    i.check_crc32       sim_net.o
    0x08014460   0x00000078   Code   RO         1788    i.check_device_info  sim_net.o
    0x080144d8   0x00000108   Code   RO         1395    i.check_flash       gb17691a.o
    0x080145e0   0x00000040   Code   RO         1133    i.clear_firmware_info  spi_flash.o
    0x08014620   0x00000030   Code   RO         5529    i.dbg_init          RTX_CM3.lib(hal_cm.o)
    0x08014650   0x00000020   Code   RO         5530    i.dbg_task_notify   RTX_CM3.lib(hal_cm.o)
    0x08014670   0x00000010   Code   RO         5531    i.dbg_task_switch   RTX_CM3.lib(hal_cm.o)
    0x08014680   0x00000058   Code   RO         1135    i.firmware_flash_init  spi_flash.o
    0x080146d8   0x00000058   Code   RO         5979    i.frexp             m_ws.l(frexp.o)
    0x08014730   0x00000054   Code   RO          300    i.getEmptyBuf       can.o
    0x08014784   0x0000000c   Code   RO          186    i.getTermianlState  terminaltest.o
    0x08014790   0x00000144   Code   RO         1540    i.get_GB17691_gps_info  gps_calculation.o
    0x080148d4   0x00000014   Code   RO          582    i.get_OBD_Aftertreatment_Infor_t  obd.o
    0x080148e8   0x00000014   Code   RO          583    i.get_OBD_Diagnosis_Infor_t  obd.o
    0x080148fc   0x00000014   Code   RO          584    i.get_OBD_Engine_Infor_t  obd.o
    0x08014910   0x00000014   Code   RO          585    i.get_OBD_Vehicle_Infor_t  obd.o
    0x08014924   0x0000000c   Code   RO         1396    i.get_big_heart_flag  gb17691a.o
    0x08014930   0x00000048   Code   RO         2276    i.get_current_time  rtc.o
    0x08014978   0x0000019c   Code   RO         1790    i.get_firmware1     sim_net.o
    0x08014b14   0x00000080   Code   RO         1136    i.get_firmware_info  spi_flash.o
    0x08014b94   0x00000024   Code   RO         1563    i.get_frame_size    gps.o
    0x08014bb8   0x00000014   Code   RO         1564    i.get_gps_info      gps.o
    0x08014bcc   0x00000020   Code   RO         1565    i.get_gps_time      gps.o
    0x08014bec   0x00000034   Code   RO         1791    i.get_iccid         sim_net.o
    0x08014c20   0x0000002c   Code   RO         1792    i.get_imei          sim_net.o
    0x08014c4c   0x0000000c   Code   RO         1397    i.get_login_state   gb17691a.o
    0x08014c58   0x0000011c   Code   RO         1138    i.get_lognum        spi_flash.o
    0x08014d74   0x0000000c   Code   RO         1793    i.get_net_status    sim_net.o
    0x08014d80   0x0000000c   Code   RO         2357    i.get_power_state   power_ctl.o
    0x08014d8c   0x00000028   Code   RO         1709    i.get_sim_data_multiple_bytes  sim_uart.o
    0x08014db4   0x00000014   Code   RO         1794    i.get_sim_fw_ver    sim_net.o
    0x08014dc8   0x0000002c   Code   RO         1710    i.get_sim_rx_buf_wr_pos  sim_uart.o
    0x08014df4   0x0000000c   Code   RO         1711    i.get_sim_rx_byte   sim_uart.o
    0x08014e00   0x00000048   Code   RO         1712    i.get_sim_rx_data_size  sim_uart.o
    0x08014e48   0x00000014   Code   RO         1398    i.get_terminal_connect_status  gb17691a.o
    0x08014e5c   0x00000008   Code   RO         2277    i.get_time_stamp    rtc.o
    0x08014e64   0x0000003c   Code   RO         1713    i.get_uart_send_data  sim_uart.o
    0x08014ea0   0x00000068   Code   RO         1139    i.get_vin           spi_flash.o
    0x08014f08   0x000001c4   Code   RO         1566    i.gps_process_frame  gps.o
    0x080150cc   0x000000a0   Code   RO         1567    i.gps_process_gngga  gps.o
    0x0801516c   0x000001d4   Code   RO         1568    i.gps_process_gprmc  gps.o
    0x08015340   0x00000048   Code   RO         1399    i.gps_set_time      gb17691a.o
    0x08015388   0x00000144   Code   RO         1541    i.gps_str_to_float  gps_calculation.o
    0x080154cc   0x000000b8   Code   RO         1572    i.gps_uart_init     gps.o
    0x08015584   0x0000005c   Code   RO         1795    i.is_download_complete  sim_net.o
    0x080155e0   0x0000000c   Code   RO         2278    i.is_set_time       rtc.o
    0x080155ec   0x000000dc   Code   RO         2358    i.is_sleep          power_ctl.o
    0x080156c8   0x00000388   Code   RO         1796    i.is_update_firmware  sim_net.o
    0x08015a50   0x0000002c   Code   RO          423    i.iso_15765_canAdd_Blacklist_judge  iso_15765.o
    0x08015a7c   0x0000002a   Code   RO         4385    i.isrMessageGet     RTX_CM3.lib(rt_cmsis.o)
    0x08015aa6   0x0000002c   Code   RO         4386    i.isrMessagePut     RTX_CM3.lib(rt_cmsis.o)
    0x08015ad2   0x00000002   PAD
    0x08015ad4   0x00000056   Code   RO         5331    i.isr_mbx_receive   RTX_CM3.lib(rt_mailbox.o)
    0x08015b2a   0x0000000e   Code   RO         5332    i.isr_mbx_send      RTX_CM3.lib(rt_mailbox.o)
    0x08015b38   0x00000040   Code   RO          586    i.judge_is_ASCII    obd.o
    0x08015b78   0x00000074   Code   RO         6021    i.ldexp             m_ws.l(ldexp.o)
    0x08015bec   0x000000f0   Code   RO         1402    i.login_send_new    gb17691a.o
    0x08015cdc   0x000000d4   Code   RO         1403    i.logout_send       gb17691a.o
    0x08015db0   0x00000064   Code   RO            1    i.main              main.o
    0x08015e14   0x0000017c   Code   RO          587    i.obd_task          obd.o
    0x08015f90   0x00000018   Code   RO         4389    i.osDelay           RTX_CM3.lib(rt_cmsis.o)
    0x08015fa8   0x00000024   Code   RO         4390    i.osKernelInitialize  RTX_CM3.lib(rt_cmsis.o)
    0x08015fcc   0x0000006c   Code   RO         4392    i.osKernelStart     RTX_CM3.lib(rt_cmsis.o)
    0x08016038   0x00000018   Code   RO         4401    i.osMessageGet      RTX_CM3.lib(rt_cmsis.o)
    0x08016050   0x0000002c   Code   RO         4403    i.osMutexCreate     RTX_CM3.lib(rt_cmsis.o)
    0x0801607c   0x00000018   Code   RO         4405    i.osMutexRelease    RTX_CM3.lib(rt_cmsis.o)
    0x08016094   0x00000018   Code   RO         4406    i.osMutexWait       RTX_CM3.lib(rt_cmsis.o)
    0x080160ac   0x0000002c   Code   RO         4418    i.osThreadCreate    RTX_CM3.lib(rt_cmsis.o)
    0x080160d8   0x00000018   Code   RO         4419    i.osThreadExit      RTX_CM3.lib(rt_cmsis.o)
    0x080160f0   0x0000000c   Code   RO         4425    i.osTimerCall       RTX_CM3.lib(rt_cmsis.o)
    0x080160fc   0x0000002c   Code   RO         4430    i.osTimerThread     RTX_CM3.lib(rt_cmsis.o)
    0x08016128   0x00000022   Code   RO         4288    i.os_error          rtx_conf_cm.o
    0x0801614a   0x00000004   Code   RO         4289    i.os_idle_demon     rtx_conf_cm.o
    0x0801614e   0x00000002   PAD
    0x08016150   0x00000028   Code   RO         5123    i.os_tick_init      RTX_CM3.lib(rt_system.o)
    0x08016178   0x00000002   Code   RO         5124    i.os_tick_irqack    RTX_CM3.lib(rt_system.o)
    0x0801617a   0x00000002   PAD
    0x0801617c   0x00000050   Code   RO         2359    i.power_ctl_gpio_init  power_ctl.o
    0x080161cc   0x000000a8   Code   RO         1140    i.read_data_from_flash  spi_flash.o
    0x08016274   0x000000c0   Code   RO         1404    i.read_msg_from_flash  gb17691a.o
    0x08016334   0x00000018   Code   RO         1798    i.reset_sim_net     sim_net.o
    0x0801634c   0x00000010   Code   RO         1669    i.reset_sim_pwrkey  sim_pwrkey.o
    0x0801635c   0x0000001a   Code   RO         5477    i.rt_alloc_box      RTX_CM3.lib(rt_membox.o)
    0x08016376   0x0000003e   Code   RO         5505    i.rt_alloc_mem      RTX_CM3.lib(rt_memory.o)
    0x080163b4   0x00000038   Code   RO         5004    i.rt_block          RTX_CM3.lib(rt_task.o)
    0x080163ec   0x00000048   Code   RO         5454    i.rt_chk_robin      RTX_CM3.lib(rt_robin.o)
    0x08016434   0x00000070   Code   RO         5255    i.rt_dec_dly        RTX_CM3.lib(rt_list.o)
    0x080164a4   0x00000044   Code   RO         5005    i.rt_dispatch       RTX_CM3.lib(rt_task.o)
    0x080164e8   0x00000006   Code   RO         5421    i.rt_dly_wait       RTX_CM3.lib(rt_time.o)
    0x080164ee   0x00000002   PAD
    0x080164f0   0x00000050   Code   RO         5216    i.rt_evt_psh        RTX_CM3.lib(rt_event.o)
    0x08016540   0x0000002c   Code   RO         5478    i.rt_free_box       RTX_CM3.lib(rt_membox.o)
    0x0801656c   0x00000028   Code   RO         5506    i.rt_free_mem       RTX_CM3.lib(rt_memory.o)
    0x08016594   0x00000028   Code   RO         5256    i.rt_get_first      RTX_CM3.lib(rt_list.o)
    0x080165bc   0x00000008   Code   RO         4435    i.rt_id2obj         RTX_CM3.lib(rt_cmsis.o)
    0x080165c4   0x00000048   Code   RO         5006    i.rt_init_context   RTX_CM3.lib(rt_task.o)
    0x0801660c   0x0000001a   Code   RO         5507    i.rt_init_mem       RTX_CM3.lib(rt_memory.o)
    0x08016626   0x00000002   PAD
    0x08016628   0x00000018   Code   RO         5455    i.rt_init_robin     RTX_CM3.lib(rt_robin.o)
    0x08016640   0x00000080   Code   RO         5532    i.rt_init_stack     RTX_CM3.lib(hal_cm.o)
    0x080166c0   0x00000008   Code   RO         5333    i.rt_mbx_check      RTX_CM3.lib(rt_mailbox.o)
    0x080166c8   0x0000001a   Code   RO         5334    i.rt_mbx_init       RTX_CM3.lib(rt_mailbox.o)
    0x080166e2   0x00000002   PAD
    0x080166e4   0x000000f0   Code   RO         5335    i.rt_mbx_psh        RTX_CM3.lib(rt_mailbox.o)
    0x080167d4   0x000000b4   Code   RO         5337    i.rt_mbx_wait       RTX_CM3.lib(rt_mailbox.o)
    0x08016888   0x00000044   Code   RO         4436    i.rt_ms2tick        RTX_CM3.lib(rt_cmsis.o)
    0x080168cc   0x00000010   Code   RO         5089    i.rt_mut_init       RTX_CM3.lib(rt_mutex.o)
    0x080168dc   0x000000d8   Code   RO         5090    i.rt_mut_release    RTX_CM3.lib(rt_mutex.o)
    0x080169b4   0x00000078   Code   RO         5091    i.rt_mut_wait       RTX_CM3.lib(rt_mutex.o)
    0x08016a2c   0x0000007c   Code   RO         5127    i.rt_pop_req        RTX_CM3.lib(rt_system.o)
    0x08016aa8   0x00000020   Code   RO         5128    i.rt_psh_req        RTX_CM3.lib(rt_system.o)
    0x08016ac8   0x0000005c   Code   RO         5258    i.rt_psq_enq        RTX_CM3.lib(rt_list.o)
    0x08016b24   0x00000048   Code   RO         5259    i.rt_put_dly        RTX_CM3.lib(rt_list.o)
    0x08016b6c   0x00000036   Code   RO         5260    i.rt_put_prio       RTX_CM3.lib(rt_list.o)
    0x08016ba2   0x00000002   PAD
    0x08016ba4   0x00000014   Code   RO         5261    i.rt_put_rdy_first  RTX_CM3.lib(rt_list.o)
    0x08016bb8   0x00000034   Code   RO         5262    i.rt_resort_prio    RTX_CM3.lib(rt_list.o)
    0x08016bec   0x00000006   Code   RO         5533    i.rt_ret_val        RTX_CM3.lib(hal_cm.o)
    0x08016bf2   0x00000008   Code   RO         5534    i.rt_ret_val2       RTX_CM3.lib(hal_cm.o)
    0x08016bfa   0x00000028   Code   RO         5263    i.rt_rmv_dly        RTX_CM3.lib(rt_list.o)
    0x08016c22   0x00000002   PAD
    0x08016c24   0x00000030   Code   RO         5264    i.rt_rmv_list       RTX_CM3.lib(rt_list.o)
    0x08016c54   0x00000034   Code   RO         5382    i.rt_sem_psh        RTX_CM3.lib(rt_semaphore.o)
    0x08016c88   0x00000024   Code   RO         5130    i.rt_stk_check      RTX_CM3.lib(rt_system.o)
    0x08016cac   0x00000028   Code   RO         5007    i.rt_switch_req     RTX_CM3.lib(rt_task.o)
    0x08016cd4   0x000000cc   Code   RO         5008    i.rt_sys_init       RTX_CM3.lib(rt_task.o)
    0x08016da0   0x00000078   Code   RO         5009    i.rt_sys_start      RTX_CM3.lib(rt_task.o)
    0x08016e18   0x00000040   Code   RO         5132    i.rt_systick        RTX_CM3.lib(rt_system.o)
    0x08016e58   0x00000012   Code   RO         4437    i.rt_tid2ptcb       RTX_CM3.lib(rt_cmsis.o)
    0x08016e6a   0x00000002   PAD
    0x08016e6c   0x00000034   Code   RO         4438    i.rt_timer_insert   RTX_CM3.lib(rt_cmsis.o)
    0x08016ea0   0x00000088   Code   RO         5010    i.rt_tsk_create     RTX_CM3.lib(rt_task.o)
    0x08016f28   0x0000017c   Code   RO         5011    i.rt_tsk_delete     RTX_CM3.lib(rt_task.o)
    0x080170a4   0x0000007c   Code   RO         5013    i.rt_tsk_prio       RTX_CM3.lib(rt_task.o)
    0x08017120   0x00000010   Code   RO         5014    i.rt_tsk_self       RTX_CM3.lib(rt_task.o)
    0x08017130   0x00000040   Code   RO         2279    i.set_current_time  rtc.o
    0x08017170   0x000000f0   Code   RO         1141    i.set_firmware_info  spi_flash.o
    0x08017260   0x000000e8   Code   RO         1142    i.set_lognum        spi_flash.o
    0x08017348   0x00000010   Code   RO         1670    i.set_sim_pwrkey    sim_pwrkey.o
    0x08017358   0x000000e0   Code   RO         1405    i.set_time_preset   gb17691a.o
    0x08017438   0x00000044   Code   RO         1143    i.set_vin           spi_flash.o
    0x0801747c   0x00000058   Code   RO         1671    i.sim_gpio_init     sim_pwrkey.o
    0x080174d4   0x00000454   Code   RO         1800    i.sim_net_ctr       sim_net.o
    0x08017928   0x0000001a   Code   RO         1801    i.sim_net_task      sim_net.o
    0x08017942   0x00000002   PAD
    0x08017944   0x00000018   Code   RO         1802    i.sim_net_task_init  sim_net.o
    0x0801795c   0x00000044   Code   RO         1803    i.sim_power_off     sim_net.o
    0x080179a0   0x00000058   Code   RO         1804    i.sim_power_on      sim_net.o
    0x080179f8   0x000000d0   Code   RO         1714    i.sim_uart_init     sim_uart.o
    0x08017ac8   0x000000fc   Code   RO         1715    i.sim_uart_tx       sim_uart.o
    0x08017bc4   0x00000010   Code   RO         2413    i.sleep_s           sleep.o
    0x08017bd4   0x00000138   Code   RO         1805    i.str_scanf         sim_net.o
    0x08017d0c   0x00000012   Code   RO         4440    i.svcDelay          RTX_CM3.lib(rt_cmsis.o)
    0x08017d1e   0x00000002   PAD
    0x08017d20   0x00000070   Code   RO         4441    i.svcKernelInitialize  RTX_CM3.lib(rt_cmsis.o)
    0x08017d90   0x00000048   Code   RO         4443    i.svcKernelStart    RTX_CM3.lib(rt_cmsis.o)
    0x08017dd8   0x00000024   Code   RO         4446    i.svcMessageCreate  RTX_CM3.lib(rt_cmsis.o)
    0x08017dfc   0x0000003a   Code   RO         4447    i.svcMessageGet     RTX_CM3.lib(rt_cmsis.o)
    0x08017e36   0x0000001c   Code   RO         4449    i.svcMutexCreate    RTX_CM3.lib(rt_cmsis.o)
    0x08017e52   0x00000022   Code   RO         4451    i.svcMutexRelease   RTX_CM3.lib(rt_cmsis.o)
    0x08017e74   0x0000003a   Code   RO         4452    i.svcMutexWait      RTX_CM3.lib(rt_cmsis.o)
    0x08017eae   0x00000002   PAD
    0x08017eb0   0x0000006c   Code   RO         4461    i.svcThreadCreate   RTX_CM3.lib(rt_cmsis.o)
    0x08017f1c   0x0000001c   Code   RO         4462    i.svcThreadGetId    RTX_CM3.lib(rt_cmsis.o)
    0x08017f38   0x00000038   Code   RO         4465    i.svcThreadTerminate  RTX_CM3.lib(rt_cmsis.o)
    0x08017f70   0x00000018   Code   RO         4467    i.svcTimerCall      RTX_CM3.lib(rt_cmsis.o)
    0x08017f88   0x0000005c   Code   RO         4476    i.sysTimerTick      RTX_CM3.lib(rt_cmsis.o)
    0x08017fe4   0x000000b4   Code   RO         1406    i.timing_send       gb17691a.o
    0x08018098   0x00000014   Code   RO         2360    i.turn_off_3v3      power_ctl.o
    0x080180ac   0x00000010   Code   RO         2361    i.turn_off_sim_3v8  power_ctl.o
    0x080180bc   0x00000010   Code   RO         1672    i.turn_off_sim_pwr  sim_pwrkey.o
    0x080180cc   0x00000014   Code   RO         2362    i.turn_on_3v3       power_ctl.o
    0x080180e0   0x00000010   Code   RO         2363    i.turn_on_sim_3v8   power_ctl.o
    0x080180f0   0x00000020   Code   RO         1407    i.update_big_heart_time  gb17691a.o
    0x08018110   0x0000027c   Code   RO         1806    i.update_firmware   sim_net.o
    0x0801838c   0x0000003c   Code   RO         2126    i.uprintf           uart.o
    0x080183c8   0x000000c4   Code   RO         1144    i.write_data_to_flash  spi_flash.o
    0x0801848c   0x000000b0   Code   RO         1145    i.write_resend_data_flag  spi_flash.o
    0x0801853c   0x0000002c   Code   RO         5882    locale$$code        c_w.l(lc_numeric_c.o)
    0x08018568   0x0000002c   Code   RO         5985    locale$$code        c_w.l(lc_ctype_c.o)
    0x08018594   0x00000062   Code   RO         5970    x$fpl$d2f           fz_ws.l(d2f.o)
    0x080185f6   0x00000002   PAD
    0x080185f8   0x00000150   Code   RO         5696    x$fpl$dadd          fz_ws.l(daddsub_clz.o)
    0x08018748   0x00000010   Code   RO         6039    x$fpl$dcheck1       fz_ws.l(dcheck1.o)
    0x08018758   0x00000018   Code   RO         6009    x$fpl$dcmpinf       fz_ws.l(dcmpi.o)
    0x08018770   0x000002b0   Code   RO         5703    x$fpl$ddiv          fz_ws.l(ddiv.o)
    0x08018a20   0x00000078   Code   RO         5972    x$fpl$deqf          fz_ws.l(deqf.o)
    0x08018a98   0x0000005a   Code   RO         5706    x$fpl$dfixu         fz_ws.l(dfixu.o)
    0x08018af2   0x00000026   Code   RO         5710    x$fpl$dfltu         fz_ws.l(dflt_clz.o)
    0x08018b18   0x00000078   Code   RO         6011    x$fpl$dleqf         fz_ws.l(dleqf.o)
    0x08018b90   0x00000154   Code   RO         5716    x$fpl$dmul          fz_ws.l(dmul.o)
    0x08018ce4   0x0000009c   Code   RO         5786    x$fpl$dnaninf       fz_ws.l(dnaninf.o)
    0x08018d80   0x0000000c   Code   RO         5788    x$fpl$dretinf       fz_ws.l(dretinf.o)
    0x08018d8c   0x0000006c   Code   RO         5974    x$fpl$drleqf        fz_ws.l(drleqf.o)
    0x08018df8   0x000001d4   Code   RO         5698    x$fpl$dsub          fz_ws.l(daddsub_clz.o)
    0x08018fcc   0x0000003e   Code   RO         5718    x$fpl$ffixu         fz_ws.l(ffixu.o)
    0x0801900a   0x0000008c   Code   RO         5790    x$fpl$fnaninf       fz_ws.l(fnaninf.o)
    0x08019096   0x0000000a   Code   RO         6015    x$fpl$fretinf       fz_ws.l(fretinf.o)
    0x080190a0   0x00000004   Code   RO         5792    x$fpl$printf1       fz_ws.l(printf1.o)
    0x080190a4   0x00000004   Code   RO         5794    x$fpl$printf2       fz_ws.l(printf2.o)
    0x080190a8   0x00000064   Code   RO         6068    x$fpl$retnan        fz_ws.l(retnan.o)
    0x0801910c   0x0000005c   Code   RO         6017    x$fpl$scalbn        fz_ws.l(scalbn.o)
    0x08019168   0x00000004   Code   RO         5722    x$fpl$scanf1        fz_ws.l(scanf1.o)
    0x0801916c   0x00000008   Code   RO         5889    x$fpl$scanf2        fz_ws.l(scanf2.o)
    0x08019174   0x00000030   Code   RO         6087    x$fpl$trapveneer    fz_ws.l(trapv.o)
    0x080191a4   0x00000000   Code   RO         5800    x$fpl$usenofp       fz_ws.l(usenofp.o)
    0x080191a4   0x00000172   Data   RO          187    .constdata          terminaltest.o
    0x08019316   0x0000012d   Data   RO          425    .constdata          iso_15765.o
    0x08019443   0x00000001   PAD
    0x08019444   0x000000d2   Data   RO          519    .constdata          j_1939.o
    0x08019516   0x00000002   PAD
    0x08019518   0x00000010   Data   RO          589    .constdata          obd.o
    0x08019528   0x0000089c   Data   RO          864    .constdata          uds.o
    0x08019dc4   0x00000004   Data   RO         1147    .constdata          spi_flash.o
    0x08019dc8   0x00000040   Data   RO         1341    .constdata          gb17691_can_gps.o
    0x08019e08   0x00000010   Data   RO         1409    .constdata          gb17691a.o
    0x08019e18   0x00000010   Data   RO         1808    .constdata          sim_net.o
    0x08019e28   0x0000004c   Data   RO         2280    .constdata          rtc.o
    0x08019e74   0x00000068   Data   RO         4291    .constdata          rtx_conf_cm.o
    0x08019edc   0x00000028   Data   RO         5640    .constdata          c_w.l(_printf_hex_int_ll_ptr.o)
    0x08019f04   0x00000011   Data   RO         5660    .constdata          c_w.l(__printf_flags_ss_wp.o)
    0x08019f15   0x00000003   PAD
    0x08019f18   0x00000008   Data   RO         5748    .constdata          c_w.l(_printf_wctomb.o)
    0x08019f20   0x00000026   Data   RO         5846    .constdata          c_w.l(_printf_fp_hex.o)
    0x08019f46   0x00000002   PAD
    0x08019f48   0x00000094   Data   RO         5855    .constdata          c_w.l(bigflt0.o)
    0x08019fdc   0x00000126   Data   RO          188    .conststring        terminaltest.o
    0x0801a102   0x00000002   PAD
    0x0801a104   0x00000020   Data   RO         6089    Region$$Table       anon$$obj.o
    0x0801a124   0x00000008   Data   RO         5884    c$$dinf             fz_ws.l(fpconst.o)
    0x0801a12c   0x0000001c   Data   RO         5881    locale$$data        c_w.l(lc_numeric_c.o)
    0x0801a148   0x00000110   Data   RO         5984    locale$$data        c_w.l(lc_ctype_c.o)


    Execution Region RW_IRAM1 (Base: 0x20000000, Size: 0x00007158, Max: 0x00020000, ABSOLUTE, COMPRESSED[0x000000a0])

    Base Addr    Size         Type   Attr      Idx    E Section Name        Object

    0x20000000   0x00000010   Data   RW            4    .data               main.o
    0x20000010   0x00000009   Data   RW          189    .data               terminaltest.o
    0x20000019   0x00000001   PAD
    0x2000001a   0x00000004   Data   RW          302    .data               can.o
    0x2000001e   0x00000002   PAD
    0x20000020   0x00000019   Data   RW          426    .data               iso_15765.o
    0x20000039   0x00000007   PAD
    0x20000040   0x00000018   Data   RW          520    .data               j_1939.o
    0x20000058   0x0000001c   Data   RW          590    .data               obd.o
    0x20000074   0x00000005   Data   RW          700    .data               candataanalysis.o
    0x20000079   0x00000003   PAD
    0x2000007c   0x00000028   Data   RW          865    .data               uds.o
    0x200000a4   0x00000004   Data   RW         1148    .data               spi_flash.o
    0x200000a8   0x0000004c   Data   RW         1410    .data               gb17691a.o
    0x200000f4   0x0000000a   Data   RW         1574    .data               gps.o
    0x200000fe   0x00000008   Data   RW         1717    .data               sim_uart.o
    0x20000106   0x00000002   PAD
    0x20000108   0x000000c0   Data   RW         1809    .data               sim_net.o
    0x200001c8   0x0000003c   Data   RW         1998    .data               multisocket.o
    0x20000204   0x0000001a   Data   RW         2128    .data               uart.o
    0x2000021e   0x0000000e   Data   RW         2281    .data               rtc.o
    0x2000022c   0x00000002   Data   RW         2364    .data               power_ctl.o
    0x2000022e   0x00000014   Data   RW         3001    .data               stm32f10x_rcc.o
    0x20000242   0x00000002   PAD
    0x20000244   0x00000014   Data   RW         4292    .data               rtx_conf_cm.o
    0x20000258   0x00000008   Data   RW         4479    .data               RTX_CM3.lib(rt_cmsis.o)
    0x20000260   0x00000008   Data   RW         5016    .data               RTX_CM3.lib(rt_task.o)
    0x20000268   0x00000008   Data   RW         5135    .data               RTX_CM3.lib(rt_system.o)
    0x20000270   0x00000004   Data   RW         5425    .data               RTX_CM3.lib(rt_time.o)
    0x20000274   0x00000008   Data   RW         5456    .data               RTX_CM3.lib(rt_robin.o)
    0x2000027c   0x00000001   Data   RW         5535    .data               RTX_CM3.lib(hal_cm.o)
    0x2000027d   0x00000003   PAD
    0x20000280   0x000012c0   Zero   RW          301    .bss                can.o
    0x20001540   0x0000001e   Zero   RW          424    .bss                iso_15765.o
    0x2000155e   0x00000046   Zero   RW          518    .bss                j_1939.o
    0x200015a4   0x000000fc   Zero   RW          588    .bss                obd.o
    0x200016a0   0x00001c70   Zero   RW          699    .bss                candataanalysis.o
    0x20003310   0x00000010   Zero   RW         1146    .bss                spi_flash.o
    0x20003320   0x000004c1   Zero   RW         1408    .bss                gb17691a.o
    0x200037e1   0x00000009   Zero   RW         1542    .bss                gps_calculation.o
    0x200037ea   0x00000002   PAD
    0x200037ec   0x000004fc   Zero   RW         1573    .bss                gps.o
    0x20003ce8   0x00000400   Zero   RW         1649    .bss                crc.o
    0x200040e8   0x00000c00   Zero   RW         1716    .bss                sim_uart.o
    0x20004ce8   0x00000475   Zero   RW         1807    .bss                sim_net.o
    0x2000515d   0x0000000a   Zero   RW         1997    .bss                multisocket.o
    0x20005167   0x00000001   PAD
    0x20005168   0x00000061   Zero   RW         2127    .bss                uart.o
    0x200051c9   0x00000007   PAD
    0x200051d0   0x000018c0   Zero   RW         4290    .bss                rtx_conf_cm.o
    0x20006a90   0x00000034   Zero   RW         5015    .bss                RTX_CM3.lib(rt_task.o)
    0x20006ac4   0x00000030   Zero   RW         5265    .bss                RTX_CM3.lib(rt_list.o)
    0x20006af4   0x00000060   Zero   RW         5593    .bss                c_w.l(libspace.o)
    0x20006b54   0x00000004   PAD
    0x20006b58   0x00000200   Zero   RW         4342    HEAP                startup_stm32f10x_cl.o
    0x20006d58   0x00000400   Zero   RW         4341    STACK               startup_stm32f10x_cl.o


==============================================================================

Image component sizes


      Code (inc. data)   RO Data    RW Data    ZI Data      Debug   Object Name

       298         10          0          0          0       1159   bsp.o
      1268         70          0          4       4800       8349   can.o
      2644         50          0          5       7280      15455   candataanalysis.o
         0          0          0          0          0         32   core_cm3.o
       288          8          0          0       1024       1920   crc.o
      2574         34         64          0          0       6350   gb17691_can_gps.o
      4730        334         16         76       1217      17428   gb17691a.o
      1726        216          0         10       1276       6880   gps.o
       648         20          0          0          9       2455   gps_calculation.o
      3612        172        301         25         30      12428   iso_15765.o
        44          0          0          0          0        912   iwdg.o
      3804        140        210         24         70      11263   j_1939.o
       100          0          0         16          0     304819   main.o
       132         22          0          0          0       1531   misc.o
       312         62          0         60         10       2452   multisocket.o
      1764        190         16         28        252      12852   obd.o
       384         94          0          2          0       3489   power_ctl.o
       978         52         76         14          0       7847   rtc.o
       170         38        104         20       6336       9615   rtx_conf_cm.o
      6374       1062         16        192       1141      24603   sim_net.o
       136         20          0          0          0       1775   sim_pwrkey.o
       808        106          0          8       3072       5454   sim_uart.o
        50          0          0          0          0       1210   sleep.o
      2606        136          4          4         16      15979   spi_flash.o
        64         26        336          0       1536        796   startup_stm32f10x_cl.o
        72         10          0          0          0       2684   stm32f10x_bkp.o
      1282         28          0          0          0       5690   stm32f10x_can.o
        12          6          0          0          0        513   stm32f10x_exti.o
       286          0          0          0          0       3024   stm32f10x_gpio.o
        20          0          0          0          0       2377   stm32f10x_it.o
        68         30          0          0          0       2434   stm32f10x_iwdg.o
       108         26          0          0          0       2053   stm32f10x_pwr.o
       644         66          0         20          0       8459   stm32f10x_rcc.o
       288         52          0          0          0       5647   stm32f10x_rtc.o
       112          0          0          0          0       3814   stm32f10x_spi.o
        40          0          0          0          0       1754   stm32f10x_tim.o
       472          6          0          0          0       6771   stm32f10x_usart.o
       400         38          0          0          0       1909   system_stm32f10x.o
      1248        164        664          9          0       5347   terminaltest.o
        80         16          0          0          0        462   timer.o
       694        140          0         26         97       5289   uart.o
      7752        950       2204         40          0      32473   uds.o
        16          0          0          0          0        466   utils.o
         2          0          0          0          0        395   wkup.o

    ----------------------------------------------------------------------
     49144       4394       4048        600      28176     568614   Object Totals
         0          0         32          0          0          0   (incl. Generated)
        34          0          5         17         10          0   (incl. Padding)

    ----------------------------------------------------------------------

      Code (inc. data)   RO Data    RW Data    ZI Data      Debug   Library Member Name

       238         24          0          1          0       3312   hal_cm.o
       304         36          0          0          0        768   hal_cm3.o
      1364        164          0          8          0      36706   rt_cmsis.o
        80          4          0          0          0        661   rt_event.o
       530         34          0          0         48       8253   rt_list.o
       554         10          0          0          0       3949   rt_mailbox.o
       140          0          0          0          0       1925   rt_membox.o
       128          0          0          0          0       2307   rt_memory.o
       352         14          0          0          0       2105   rt_mutex.o
        96         22          0          8          0       1158   rt_robin.o
        52          4          0          0          0        573   rt_semaphore.o
       298         52          0          8          0       6223   rt_system.o
      1216        174          0          8         52       9649   rt_task.o
         6          0          0          4          0        652   rt_time.o
         4          4          0          0          0        208   svc_table.o
        60          8          0          0          0         84   __0sscanf.o
        56          6          0          0          0         88   __2snprintf.o
        44          6          0          0          0         84   __2sprintf.o
        90          0          0          0          0          0   __dczerorl2.o
         8          0          0          0          0         68   __main.o
       392          4         17          0          0         92   __printf_flags_ss_wp.o
        14          0          0          0          0         68   __printf_wp.o
         0          0          0          0          0          0   __rtentry.o
        20          0          0          0          0          0   __rtentry2.o
         6          0          0          0          0          0   __rtentry4.o
        52          8          0          0          0          0   __scatter.o
        28          0          0          0          0          0   __scatter_zi.o
        28          0          0          0          0         68   _chval.o
         6          0          0          0          0          0   _printf_a.o
         6          0          0          0          0          0   _printf_c.o
        44          0          0          0          0        108   _printf_char.o
        48          6          0          0          0         96   _printf_char_common.o
        40          0          0          0          0         68   _printf_charcount.o
         6          0          0          0          0          0   _printf_d.o
       120         16          0          0          0         92   _printf_dec.o
         6          0          0          0          0          0   _printf_e.o
         6          0          0          0          0          0   _printf_f.o
      1050          0          0          0          0        216   _printf_fp_dec.o
       764          8         38          0          0        100   _printf_fp_hex.o
       128         16          0          0          0         84   _printf_fp_infnan.o
         6          0          0          0          0          0   _printf_g.o
       148          4         40          0          0        160   _printf_hex_int_ll_ptr.o
         6          0          0          0          0          0   _printf_i.o
       178          0          0          0          0         88   _printf_intcommon.o
        10          0          0          0          0          0   _printf_l.o
         6          0          0          0          0          0   _printf_lc.o
        10          0          0          0          0          0   _printf_ll.o
         6          0          0          0          0          0   _printf_lld.o
         6          0          0          0          0          0   _printf_lli.o
         6          0          0          0          0          0   _printf_llo.o
         6          0          0          0          0          0   _printf_llu.o
         6          0          0          0          0          0   _printf_llx.o
       124         16          0          0          0         92   _printf_longlong_dec.o
         6          0          0          0          0          0   _printf_ls.o
         6          0          0          0          0          0   _printf_n.o
         6          0          0          0          0          0   _printf_o.o
       112         10          0          0          0        124   _printf_oct_int_ll.o
         6          0          0          0          0          0   _printf_p.o
        78          0          0          0          0        108   _printf_pad.o
         0          0          0          0          0          0   _printf_percent.o
         4          0          0          0          0          0   _printf_percent_end.o
         6          0          0          0          0          0   _printf_s.o
        82          0          0          0          0         80   _printf_str.o
        36          0          0          0          0         84   _printf_truncate.o
         6          0          0          0          0          0   _printf_u.o
        44          0          0          0          0        108   _printf_wchar.o
       188          6          8          0          0         92   _printf_wctomb.o
         6          0          0          0          0          0   _printf_x.o
        22          0          0          0          0        100   _rserrno.o
       884          6          0          0          0        100   _scanf.o
       332          0          0          0          0         96   _scanf_int.o
       224          0          0          0          0         96   _scanf_str.o
        64          0          0          0          0         84   _sgetc.o
        16          0          0          0          0         68   _snputc.o
        10          0          0          0          0         68   _sputc.o
        64          0          0          0          0         92   _wcrtomb.o
        16          0          0          0          0         68   aeabi_memset.o
       220          4        148          0          0         96   bigflt0.o
      2074        132          0          0          0        940   btod.o
        18          0          0          0          0         80   exit.o
         6          0          0          0          0        152   heapauxi.o
        18          0          0          0          0         76   isspace.o
        44         10        272          0          0         76   lc_ctype_c.o
        44         10         28          0          0         76   lc_numeric_c.o
         2          0          0          0          0          0   libinit.o
        30          0          0          0          0          0   libinit2.o
         2          0          0          0          0          0   libshutdown.o
         2          0          0          0          0          0   libshutdown2.o
         8          4          0          0         96         68   libspace.o
        38          0          0          0          0         68   llshl.o
       138          0          0          0          0         80   lludiv10.o
        38          0          0          0          0         68   llushr.o
        88          0          0          0          0         76   memcmp.o
        16          4          0          0          0         76   rt_ctype_table.o
         4          0          0          0          0         68   rt_errno_addr_twolibspace.o
        10          0          0          0          0         76   rt_locale_twolibspace.o
        68          0          0          0          0         68   rt_memclr.o
        78          0          0          0          0         80   rt_memclr_w.o
       138          0          0          0          0         68   rt_memcpy_v6.o
       100          0          0          0          0         80   rt_memcpy_w.o
         2          0          0          0          0          0   rtexit.o
        10          0          0          0          0          0   rtexit2.o
        44          8          0          0          0         84   scanf_char.o
      1188         12          0          0          0        148   scanf_fp.o
       800         14          0          0          0        100   scanf_hexfp.o
       308         16          0          0          0        100   scanf_infnan.o
       128          0          0          0          0         68   strcmpv7m.o
        62          0          0          0          0         76   strlen.o
        36          0          0          0          0         80   strstr.o
        74          0          0          0          0         80   sys_stackheap_outer.o
         2          0          0          0          0         68   use_no_semi.o
         2          0          0          0          0         68   use_no_semi_2.o
        36          4          0          0          0         76   vsprintf.o
        98          4          0          0          0         92   d2f.o
       804         16          0          0          0        272   daddsub_clz.o
        16          4          0          0          0         68   dcheck1.o
        24          0          0          0          0         68   dcmpi.o
       688        140          0          0          0        208   ddiv.o
       120          4          0          0          0         92   deqf.o
        90          4          0          0          0         92   dfixu.o
        38          0          0          0          0         68   dflt_clz.o
       120          4          0          0          0         92   dleqf.o
       340         12          0          0          0        104   dmul.o
       156          4          0          0          0         92   dnaninf.o
        12          0          0          0          0         68   dretinf.o
       108          0          0          0          0         80   drleqf.o
        62          4          0          0          0         84   ffixu.o
       140          4          0          0          0         84   fnaninf.o
         0          0          8          0          0          0   fpconst.o
        10          0          0          0          0         68   fretinf.o
         4          0          0          0          0         68   printf1.o
         4          0          0          0          0         68   printf2.o
       100          0          0          0          0         68   retnan.o
        92          0          0          0          0         68   scalbn.o
         4          0          0          0          0         68   scanf1.o
         8          0          0          0          0         84   scanf2.o
        48          0          0          0          0         68   trapv.o
         0          0          0          0          0          0   usenofp.o
        30          6          0          0          0        136   dunder.o
        40          0          0          0          0         68   fpclassify.o
        88          8          0          0          0         76   frexp.o
       138          0          0          0          0        160   ldexp.o
       152          4          0          0          0        168   narrow.o

    ----------------------------------------------------------------------
     20572       1098        564         40        200      87525   Library Totals
        42          0          5          3          4          0   (incl. Padding)

    ----------------------------------------------------------------------

      Code (inc. data)   RO Data    RW Data    ZI Data      Debug   Library Name

      5362        542          0         37        100      78449   RTX_CM3.lib
     11634        338        551          0         96       6344   c_w.l
      3086        200          8          0          0       2124   fz_ws.l
       448         18          0          0          0        608   m_ws.l

    ----------------------------------------------------------------------
     20572       1098        564         40        200      87525   Library Totals

    ----------------------------------------------------------------------

==============================================================================


      Code (inc. data)   RO Data    RW Data    ZI Data      Debug   

     69716       5492       4612        640      28376     628783   Grand Totals
     69716       5492       4612        160      28376     628783   ELF Image Totals (compressed)
     69716       5492       4612        160          0          0   ROM Totals

==============================================================================

    Total RO  Size (Code + RO Data)                74328 (  72.59kB)
    Total RW  Size (RW Data + ZI Data)             29016 (  28.34kB)
    Total ROM Size (Code + RO Data + RW Data)      74488 (  72.74kB)

==============================================================================

