Component: ARM Compiler 5.06 update 6 (build 750) Tool: armlink [4d35ed]

==============================================================================

Section Cross References

    main.o(i.main) refers to power_ctl.o(i.power_ctl_gpio_init) for power_ctl_gpio_init
    main.o(i.main) refers to iwdg.o(i.IWDG_Init) for IWDG_Init
    main.o(i.main) refers to gps.o(i.gps_uart_init) for gps_uart_init
    main.o(i.main) refers to bsp.o(i.ADC_Configuration) for ADC_Configuration
    main.o(i.main) refers to bsp.o(i.RS232_USART_Config) for RS232_USART_Config
    main.o(i.main) refers to rt_cmsis.o(i.osMutexCreate) for osMutexCreate
    main.o(i.main) refers to timer.o(i.TIM3_Int_Init) for TIM3_Int_Init
    main.o(i.main) refers to rtc.o(i.My_RTC_Init) for My_RTC_Init
    main.o(i.main) refers to spi_flash.o(i.W25QXX_Init) for W25QXX_Init
    main.o(i.main) refers to rt_cmsis.o(i.osKernelInitialize) for osKernelInitialize
    main.o(i.main) refers to obd.o(i.can_collection) for can_collection
    main.o(i.main) refers to sim_net.o(i.sim_net_task_init) for sim_net_task_init
    main.o(i.main) refers to gb17691a.o(i.GB17691_task_init) for GB17691_task_init
    main.o(i.main) refers to rt_cmsis.o(i.osKernelStart) for osKernelStart
    main.o(i.main) refers to rt_cmsis.o(i.osDelay) for osDelay
    main.o(i.main) refers to uart.o(i.COM_CMD_check) for COM_CMD_check
    main.o(i.main) refers to rtc.o(i.RTC_Get) for RTC_Get
    main.o(i.main) refers to uart.o(i.get_comupdate_mode) for get_comupdate_mode
    main.o(i.main) refers to terminaltest.o(i.TerminalTestProcess) for TerminalTestProcess
    main.o(i.main) refers to terminaltest.o(i.getTermianlState) for getTermianlState
    main.o(i.main) refers to iwdg.o(i.IWDG_Feed) for IWDG_Feed
    main.o(i.main) refers to power_ctl.o(i.is_sleep) for is_sleep
    main.o(i.main) refers to main.o(.constdata) for os_mutex_def_USART1_MUX
    main.o(i.main) refers to main.o(.data) for USART1_MUX_mutex_id
    main.o(i.main) refers to gb17691a.o(.data) for iwdg_17691
    main.o(i.main) refers to sim_net.o(.data) for iwdg_net
    main.o(i.main) refers to obd.o(.data) for iwdg_obd
    main.o(.constdata) refers to main.o(.bss) for os_mutex_cb_spiflash_mtx
    terminaltest.o(i.CAN1test) refers to sim_net.o(i.get_imei) for get_imei
    terminaltest.o(i.CAN1test) refers to terminaltest.o(.data) for imeiOffset
    terminaltest.o(i.TerminalTestProcess) refers to n32g45x_bkp.o(i.BKP_ReadBkpData) for BKP_ReadBkpData
    terminaltest.o(i.TerminalTestProcess) refers to uart.o(i.USARTSendOut) for USARTSendOut
    terminaltest.o(i.TerminalTestProcess) refers to n32g45x_bkp.o(i.BKP_WriteBkpData) for BKP_WriteBkpData
    terminaltest.o(i.TerminalTestProcess) refers to sim_net.o(i.get_sim_fw_ver) for get_sim_fw_ver
    terminaltest.o(i.TerminalTestProcess) refers to sim_net.o(i.get_iccid) for get_iccid
    terminaltest.o(i.TerminalTestProcess) refers to sim_net.o(i.get_imei) for get_imei
    terminaltest.o(i.TerminalTestProcess) refers to strlen.o(.text) for strlen
    terminaltest.o(i.TerminalTestProcess) refers to gps.o(i.get_gps_time) for get_gps_time
    terminaltest.o(i.TerminalTestProcess) refers to gb17691a.o(i.read_msg_from_flash) for read_msg_from_flash
    terminaltest.o(i.TerminalTestProcess) refers to spi_flash.o(i.get_keystate) for get_keystate
    terminaltest.o(i.TerminalTestProcess) refers to n32g45x_gpio.o(i.GPIO_ResetBits) for GPIO_ResetBits
    terminaltest.o(i.TerminalTestProcess) refers to memseta.o(.text) for __aeabi_memclr4
    terminaltest.o(i.TerminalTestProcess) refers to can.o(i.CAN1SendMsg) for CAN1SendMsg
    terminaltest.o(i.TerminalTestProcess) refers to n32g45x_gpio.o(i.GPIO_SetBits) for GPIO_SetBits
    terminaltest.o(i.TerminalTestProcess) refers to rt_cmsis.o(i.osDelay) for osDelay
    terminaltest.o(i.TerminalTestProcess) refers to can.o(i.CAN2SendMsg) for CAN2SendMsg
    terminaltest.o(i.TerminalTestProcess) refers to gb17691a.o(i.get_lkt4305_state) for get_lkt4305_state
    terminaltest.o(i.TerminalTestProcess) refers to sleep.o(i.sleep_s) for sleep_s
    terminaltest.o(i.TerminalTestProcess) refers to terminaltest.o(.data) for testState
    terminaltest.o(i.TerminalTestProcess) refers to gb17691a.o(.data) for timing_state
    terminaltest.o(i.TerminalTestProcess) refers to uart.o(.data) for flag_rs232test
    terminaltest.o(i.TerminalTestProcess) refers to bsp.o(i.RS232_USART_Config) for RS232_USART_Config
    terminaltest.o(i.TerminalTestProcess) refers to terminaltest.o(.constdata) for listPrintf
    terminaltest.o(i.TerminalTestProcess) refers to obd.o(.bss) for OBD_vehicle_infor
    terminaltest.o(i.getTermianlState) refers to terminaltest.o(.data) for testState
    can.o(i.CAN1SendMsg) refers to n32g45x_can.o(i.CAN_TransmitMessage) for CAN_TransmitMessage
    can.o(i.CAN1SendMsg) refers to n32g45x_can.o(i.CAN_TransmitSTS) for CAN_TransmitSTS
    can.o(i.CAN2SendMsg) refers to n32g45x_can.o(i.CAN_TransmitMessage) for CAN_TransmitMessage
[...]
    timing_state                             0x200000e5   Data           1  gb17691a.o(.data)
    big_heart_flag                           0x2000010d   Data           1  gb17691a.o(.data)
    big_heart_time_stamp                     0x20000110   Data           4  gb17691a.o(.data)
    INFO_STREAM_NO                           0x20000116   Data           2  gb17691a.o(.data)
    low_power_state                          0x20000119   Data           1  gb17691a.o(.data)
    flag_answer_net_time                     0x20000121   Data           6  gb17691a.o(.data)
    temp_test_stamp                          0x20000128   Data           4  gb17691a.o(.data)
    test_logout                              0x2000012c   Data           4  gb17691a.o(.data)
    test_flag                                0x20000130   Data           1  gb17691a.o(.data)
    test_flag_num                            0x20000131   Data           1  gb17691a.o(.data)
    Actblue_State                            0x20000132   Data           1  gb17691a.o(.data)
    ACTBLU_date_state                        0x20000133   Data           1  gb17691a.o(.data)
    CtlID                                    0x20000134   Data           8  gb17691a.o(.data)
    alarm_num                                0x2000013c   Data           2  gb17691a.o(.data)
    iwdg_17691                               0x20000140   Data           4  gb17691a.o(.data)
    alarm_send_cnt                           0x20000144   Data           1  gb17691a.o(.data)
    alarm_state_flag                         0x20000145   Data           1  gb17691a.o(.data)
    randnum                                  0x20000148   Data           4  gb17691a.o(.data)
    GPS_LED_cnt                              0x2000014c   Data           2  gb17691a.o(.data)
    tid_GB17691_task                         0x20000150   Data           4  gb17691a.o(.data)
    PenaltyZoneFlag                          0x20000154   Data           1  gps_calculation.o(.data)
    iwdg_net                                 0x20000168   Data           4  sim_net.o(.data)
    state_net0                               0x20000173   Data           1  sim_net.o(.data)
    state_net1                               0x20000174   Data           1  sim_net.o(.data)
    state_net2                               0x20000175   Data           1  sim_net.o(.data)
    IP_data                                  0x20000176   Data          70  sim_net.o(.data)
    flag_http_update                         0x20000220   Data           1  sim_net.o(.data)
    tid_Thread                               0x20000224   Data           4  sim_net.o(.data)
    socketNum                                0x20000228   Data           4  multisocket.o(.data)
    IP_Bool                                  0x2000022c   Data          43  multisocket.o(.data)
    uartRxBuf                                0x20000258   Data           8  multisocket.o(.data)
    BIN_FILE_SIZE                            0x20000264   Data           4  uart.o(.data)
    comupdate_mode_flag                      0x2000026f   Data           1  uart.o(.data)
    flag_rs232test                           0x20000271   Data           1  uart.o(.data)
    __stdout                                 0x20000290   Data           4  uart.o(.data)
    consoleCnt                               0x20000294   Data           1  uart.o(.data)
    a                                        0x20000298   Data           4  uart.o(.data)
    b                                        0x2000029c   Data           4  uart.o(.data)
    c                                        0x200002a0   Data           4  uart.o(.data)
    d                                        0x200002a4   Data           4  uart.o(.data)
    ipAdress                                 0x200002a8   Data           1  uart.o(.data)
    flag_set_vin                             0x200002a9   Data           1  uart.o(.data)
    flag_set_evads                           0x200002aa   Data           1  uart.o(.data)
    set_time_flag                            0x200002ac   Data           1  rtc.o(.data)
    calendar                                 0x200002ad   Data           6  rtc.o(.data)
    NVIC_InitStructure                       0x200002b3   Data           4  rtc.o(.data)
    TIME_time                                0x200002b8   Data           4  rtc.o(.data)
    selectFile                               0x200002c0   Data           7  lkt4305_iic.o(.data)
    readPublickey                            0x200002c7   Data           5  lkt4305_iic.o(.data)
    osThreadId_osTimerThread                 0x200002cc   Data           4  rtx_conf_cm.o(.data)
    osMessageQId_osTimerMessageQ             0x200002d0   Data           4  rtx_conf_cm.o(.data)
    os_tmr                                   0x200002d4   Data           4  rtx_conf_cm.o(.data)
    m_tmr                                    0x200002d8   Data           4  rtx_conf_cm.o(.data)
    SystemCoreClock                          0x200002dc   Data           4  system_n32g45x.o(.data)
    os_initialized                           0x200002e0   Data           1  rt_cmsis.o(.data)
    os_running                               0x200002e1   Data           1  rt_cmsis.o(.data)
    os_timer_head                            0x200002e4   Data           4  rt_cmsis.o(.data)
    os_tsk                                   0x200002e8   Data           8  rt_task.o(.data)
    os_tick_irqn                             0x200002f4   Data           4  rt_system.o(.data)
    os_time                                  0x200002f8   Data           4  rt_time.o(.data)
    dbg_msg                                  0x200002fc   Data           1  hal_cm.o(.data)
    os_robin                                 0x20000300   Data           8  rt_robin.o(.data)
    os_mutex_cb_spiflash_mtx                 0x2000030c   Data          16  main.o(.bss)
    os_mutex_cb_USART1_MUX                   0x2000031c   Data          16  main.o(.bss)
    OBD_diagnosis_infor                      0x2000165c   Data         144  obd.o(.bss)
    OBD_vehicle_infor                        0x200016ec   Data          60  obd.o(.bss)
    OBD_engine_infor                         0x20001728   Data          20  obd.o(.bss)
    OBD_aftertreatment_infor                 0x2000173c   Data          36  obd.o(.bss)
    CanData                                  0x20001760   Data        6000  candataanalysis.o(.bss)
    CanMultiFrame                            0x20002ed0   Data          80  candataanalysis.o(.bss)
    MultiFrameNode                           0x20002f20   Data        1200  candataanalysis.o(.bss)
    os_mutex_cb_spi_flash_mutex              0x200033d0   Data          16  spi_flash.o(.bss)
    consoleBuf_XINXIANG                      0x200033e0   Data          80  gb17691_can_gps.o(.bss)
    consoleBufTx_XINXIANG                    0x20003430   Data          80  gb17691_can_gps.o(.bss)
    consoleBuf_ActBule                       0x20003480   Data          80  gb17691_can_gps.o(.bss)
    consoleBufTx_AIKELAN                     0x200034d0   Data          80  gb17691_can_gps.o(.bss)
    GB17691_CMD_data                         0x20003520   Data         256  gb17691a.o(.bss)
    GB17691_data_package                     0x200037d8   Data        1024  gb17691a.o(.bss)
    data_sign                                0x20003bd8   Data          64  gb17691a.o(.bss)
    SM2ID                                    0x20003c18   Data          16  gb17691a.o(.bss)
    platformPublicKeyData                    0x20003c28   Data          64  gb17691a.o(.bss)
    printbuf                                 0x20003c75   Data         800  gb17691a.o(.bss)
    CtlIDNo                                  0x20003f96   Data          16  gb17691a.o(.bss)
    simRxData                                0x20003fa6   Data         256  gb17691a.o(.bss)
    gps_rx_buf                               0x200040b4   Data        1024  gps.o(.bss)
    gps_frame_buf                            0x200044b4   Data         100  gps.o(.bss)
    sim_uart_tx_buf                          0x200049b0   Data        1024  sim_uart.o(.bss)
    sim_uart_rx_buf                          0x20004db0   Data        2048  sim_uart.o(.bss)
    http_url                                 0x20006968   Data         256  sim_net.o(.bss)
    http_filename                            0x20006a68   Data          40  sim_net.o(.bss)
    simRxBuf                                 0x20006a90   Data          10  multisocket.o(.bss)
    Firmware_uart_rx_buf                     0x20006a9c   Data        1024  uart.o(.bss)
    BIN_NAME_BUF                             0x20006e9c   Data          32  uart.o(.bss)
    BIN_FREAM_INFO_BUF                       0x20006ebc   Data          10  uart.o(.bss)
    Firmware_buf                             0x20006ec6   Data        1024  uart.o(.bss)
    consoleBuf                               0x200072c6   Data          40  uart.o(.bss)
    consoleBufTx                             0x200072f0   Data          40  uart.o(.bss)
    vin_info                                 0x20007318   Data          17  uart.o(.bss)
    iicReadData                              0x20007329   Data         512  lkt4305_iic.o(.bss)
    signatureData                            0x20007529   Data         270  lkt4305_iic.o(.bss)
    i2cWriteData                             0x20007637   Data         270  lkt4305_iic.o(.bss)
    setid                                    0x20007745   Data          30  lkt4305_iic.o(.bss)
    C1C2C3                                   0x20007763   Data        1024  lkt4305_iic.o(.bss)
    mp_tcb                                   0x20007b68   Data         376  rtx_conf_cm.o(.bss)
    mp_stk                                   0x20007ce0   Data         616  rtx_conf_cm.o(.bss)
    os_stack_mem                             0x20007f48   Data        5480  rtx_conf_cm.o(.bss)
    os_fifo                                  0x200094b0   Data         132  rtx_conf_cm.o(.bss)
    os_active_TCB                            0x20009534   Data          28  rtx_conf_cm.o(.bss)
    os_messageQ_q_osTimerMessageQ            0x20009550   Data          32  rtx_conf_cm.o(.bss)
    os_idle_TCB                              0x20009570   Data          52  rt_task.o(.bss)
    os_rdy                                   0x200095a4   Data          24  rt_list.o(.bss)
    os_dly                                   0x200095bc   Data          24  rt_list.o(.bss)
    __initial_sp                             0x2000aad8   Data           0  startup_n32g45x.o(STACK)



==============================================================================

Memory Map of the image

  Image Entry point : 0x08008199

  Load Region LR_IROM1 (Base: 0x08008000, Size: 0x000178fc, Max: 0x00020000, ABSOLUTE, COMPRESSED[0x000176bc])

    Execution Region ER_IROM1 (Exec base: 0x08008000, Load base: 0x08008000, Size: 0x000175f0, Max: 0x00020000, ABSOLUTE)

    Exec Addr    Load Addr    Size         Type   Attr      Idx    E Section Name        Object

    0x08008000   0x08008000   0x00000198   Data   RO         6111    RESET               startup_n32g45x.o
    0x08008198   0x08008198   0x00000000   Code   RO         7397  * .ARM.Collect$$$$00000000  mc_w.l(entry.o)
    0x08008198   0x08008198   0x00000004   Code   RO         7734    .ARM.Collect$$$$00000001  mc_w.l(entry2.o)
    0x0800819c   0x0800819c   0x00000004   Code   RO         7737    .ARM.Collect$$$$00000004  mc_w.l(entry5.o)
    0x080081a0   0x080081a0   0x00000000   Code   RO         7739    .ARM.Collect$$$$00000008  mc_w.l(entry7b.o)
    0x080081a0   0x080081a0   0x00000000   Code   RO         7741    .ARM.Collect$$$$0000000A  mc_w.l(entry8b.o)
    0x080081a0   0x080081a0   0x00000000   Code   RO         7742    .ARM.Collect$$$$0000000D  mc_w.l(entry10a.o)
    0x080081a0   0x080081a0   0x00000000   Code   RO         7744    .ARM.Collect$$$$0000000F  mc_w.l(entry11a.o)
    0x080081a0   0x080081a0   0x00000018   Code   RO         6074    .ARM.Collect$$$$000000FF  rtx_conf_cm.o
    0x080081b8   0x080081b8   0x00000004   Code   RO         7735    .ARM.Collect$$$$00002712  mc_w.l(entry2.o)
    0x080081bc   0x080081bc   0x00000198   Code   RO         7358    .emb_text           RTX_CM4.lib(hal_cm4.o)
    0x08008354   0x08008354   0x00000024   Code   RO         6112    .text               startup_n32g45x.o
    0x08008378   0x08008378   0x00000062   Code   RO         7400    .text               mc_w.l(uldiv.o)
    0x080083da   0x080083da   0x0000001e   Code   RO         7402    .text               mc_w.l(llshl.o)
    0x080083f8   0x080083f8   0x00000020   Code   RO         7404    .text               mc_w.l(llushr.o)
    0x08008418   0x08008418   0x00000024   Code   RO         7406    .text               mc_w.l(memcpya.o)
    0x0800843c   0x0800843c   0x00000024   Code   RO         7408    .text               mc_w.l(memseta.o)
    0x08008460   0x08008460   0x00000024   Code   RO         7410    .text               mc_w.l(strstr.o)
    0x08008484   0x08008484   0x0000000e   Code   RO         7412    .text               mc_w.l(strlen.o)
    0x08008492   0x08008492   0x0000001c   Code   RO         7414    .text               mc_w.l(strcmp.o)
    0x080084ae   0x080084ae   0x0000001a   Code   RO         7416    .text               mc_w.l(memcmp.o)
    0x080084c8   0x080084c8   0x00000038   Code   RO         7681    .text               mc_w.l(__0sscanf.o)
    0x08008500   0x08008500   0x0000014c   Code   RO         7683    .text               mc_w.l(_scanf_int.o)
    0x0800864c   0x0800864c   0x000000e0   Code   RO         7685    .text               mc_w.l(_scanf_str.o)
    0x0800872c   0x0800872c   0x00000360   Code   RO         7687    .text               mc_w.l(scanf_fp.o)
    0x08008a8c   0x08008a8c   0x0000014e   Code   RO         7691    .text               mf_w.l(dadd.o)
    0x08008bda   0x08008bda   0x000000e4   Code   RO         7693    .text               mf_w.l(dmul.o)
    0x08008cbe   0x08008cbe   0x000000de   Code   RO         7695    .text               mf_w.l(ddiv.o)
    0x08008d9c   0x08008d9c   0x00000022   Code   RO         7699    .text               mf_w.l(dflti.o)
    0x08008dbe   0x08008dbe   0x0000001a   Code   RO         7701    .text               mf_w.l(dfltui.o)
    0x08008dd8   0x08008dd8   0x00000032   Code   RO         7703    .text               mf_w.l(dfixui.o)
    0x08008e0a   0x08008e0a   0x00000026   Code   RO         7705    .text               mf_w.l(f2d.o)
    0x08008e30   0x08008e30   0x00000038   Code   RO         7707    .text               mf_w.l(d2f.o)
    0x08008e68   0x08008e68   0x0000002c   Code   RO         7746    .text               mc_w.l(uidiv.o)
    0x08008e94   0x08008e94   0x00000024   Code   RO         7748    .text               mc_w.l(llsshr.o)
    0x08008eb8   0x08008eb8   0x0000001c   Code   RO         7757    .text               mc_w.l(_chval.o)
    0x08008ed4   0x08008ed4   0x00000028   Code   RO         7759    .text               mc_w.l(scanf_char.o)
    0x08008efc   0x08008efc   0x00000040   Code   RO         7761    .text               mc_w.l(_sgetc.o)
    0x08008f3c   0x08008f3c   0x00000000   Code   RO         7763    .text               mc_w.l(iusefp.o)
    0x08008f3c   0x08008f3c   0x0000006e   Code   RO         7764    .text               mf_w.l(fepilogue.o)
    0x08008faa   0x08008faa   0x000000ba   Code   RO         7766    .text               mf_w.l(depilogue.o)
    0x08009064   0x08009064   0x0000002e   Code   RO         7768    .text               mf_w.l(dscalb.o)
    0x08009092   0x08009092   0x000000a2   Code   RO         7770    .text               mf_w.l(dsqrt.o)
    0x08009134   0x08009134   0x00000018   Code   RO         7772    .text               mf_w.l(dfltul.o)
    0x0800914c   0x0800914c   0x00000030   Code   RO         7774    .text               mf_w.l(dfixul.o)
    0x0800917c   0x0800917c   0x00000030   Code   RO         7778    .text               mf_w.l(cdrcmple.o)
    0x080091ac   0x080091ac   0x00000024   Code   RO         7780    .text               mc_w.l(init.o)
    0x080091d0   0x080091d0   0x0000000a   Code   RO         7782    .text               mc_w.l(isspace_c.o)
    0x080091da   0x080091da   0x00000002   PAD
    0x080091dc   0x080091dc   0x0000032c   Code   RO         7784    .text               mc_w.l(_scanf.o)
    0x08009508   0x08009508   0x00000028   Code   RO         7786    .text               mc_w.l(ctype_c.o)
    0x08009530   0x08009530   0x00000056   Code   RO         7797    .text               mc_w.l(__dczerorl2.o)
    0x08009586   0x08009586   0x00000002   PAD
    0x08009588   0x08009588   0x00000004   Code   RO         7368    SVC_TABLE           RTX_CM4.lib(svc_table.o)
    0x0800958c   0x0800958c   0x000000c8   Code   RO         3370    i.ADC_ConfigRegularChannel  n32g45x_adc.o
    0x08009654   0x08009654   0x0000009c   Code   RO         2676    i.ADC_Configuration  bsp.o
    0x080096f0   0x080096f0   0x00000016   Code   RO         3372    i.ADC_Enable        n32g45x_adc.o
    0x08009706   0x08009706   0x00000016   Code   RO         3379    i.ADC_EnableSoftwareStartConv  n32g45x_adc.o
    0x0800971c   0x0800971c   0x00000014   Code   RO         3382    i.ADC_GetCalibrationStatus  n32g45x_adc.o
    0x08009730   0x08009730   0x00000008   Code   RO         3383    i.ADC_GetDat        n32g45x_adc.o
    0x08009738   0x08009738   0x00000012   Code   RO         3386    i.ADC_GetFlagStatusNew  n32g45x_adc.o
    0x0800974a   0x0800974a   0x00000002   PAD
    0x0800974c   0x0800974c   0x00000050   Code   RO         3391    i.ADC_Init          n32g45x_adc.o
    0x0800979c   0x0800979c   0x0000000a   Code   RO         3398    i.ADC_StartCalibration  n32g45x_adc.o
    0x080097a6   0x080097a6   0x00000002   PAD
    0x080097a8   0x080097a8   0x00000090   Code   RO          699    i.AuxiliaryCanInit  obd.o
    0x08009838   0x08009838   0x000000d8   Code   RO          700    i.AuxiliaryCanPinMatch  obd.o
    0x08009910   0x08009910   0x0000001c   Code   RO         3623    i.BKP_ReadBkpData   n32g45x_bkp.o
    0x0800992c   0x0800992c   0x0000001c   Code   RO         3626    i.BKP_WriteBkpData  n32g45x_bkp.o
    0x08009948   0x08009948   0x00000254   Code   RO         1760    i.BOOL_data_put_buf  gb17691a.o
    0x08009b9c   0x08009b9c   0x00000004   Code   RO          306    i.BusFault_Handler  stm32f10x_it.o
    0x08009ba0   0x08009ba0   0x00000040   Code   RO          360    i.CAN1SendMsg       can.o
    0x08009be0   0x08009be0   0x00000108   Code   RO         3695    i.CAN1_InitFilter   n32g45x_can.o
    0x08009ce8   0x08009ce8   0x00000054   Code   RO          247    i.CAN1test          terminaltest.o
    0x08009d3c   0x08009d3c   0x00000048   Code   RO          361    i.CAN2SendMsg       can.o
    0x08009d84   0x08009d84   0x00000108   Code   RO         3696    i.CAN2_InitFilter   n32g45x_can.o
    0x08009e8c   0x08009e8c   0x0000007c   Code   RO          362    i.CAN2_RX0_IRQHandler  can.o
    0x08009f08   0x08009f08   0x00000030   Code   RO         3697    i.CAN_CancelTransmitMessage  n32g45x_can.o
    0x08009f38   0x08009f38   0x00000038   Code   RO         3700    i.CAN_DeInit        n32g45x_can.o
    0x08009f70   0x08009f70   0x00000118   Code   RO          365    i.CAN_GPIOConfig    can.o
    0x0800a088   0x0800a088   0x00000012   Code   RO         3709    i.CAN_INTConfig     n32g45x_can.o
    0x0800a09a   0x0800a09a   0x00000114   Code   RO         3710    i.CAN_Init          n32g45x_can.o
    0x0800a1ae   0x0800a1ae   0x0000001e   Code   RO         3713    i.CAN_PendingMessage  n32g45x_can.o
    0x0800a1cc   0x0800a1cc   0x000000f0   Code   RO         3714    i.CAN_ReceiveMessage  n32g45x_can.o
    0x0800a2bc   0x0800a2bc   0x00000126   Code   RO         3716    i.CAN_TransmitMessage  n32g45x_can.o
    0x0800a3e2   0x0800a3e2   0x00000002   PAD
    0x0800a3e4   0x0800a3e4   0x000000a0   Code   RO         3717    i.CAN_TransmitSTS   n32g45x_can.o
    0x0800a484   0x0800a484   0x00000164   Code   RO         2751    i.COM_CMD_analysis  uart.o
    0x0800a5e8   0x0800a5e8   0x0000016c   Code   RO         2752    i.COM_CMD_check     uart.o
    0x0800a754   0x0800a754   0x00000034   Code   RO         1761    i.CRC16_Checkout    gb17691a.o
    0x0800a788   0x0800a788   0x000000f8   Code   RO         2170    i.CalcCRC32         crc.o
    0x0800a880   0x0800a880   0x0000004c   Code   RO          366    i.Can1ModeInit      can.o
    0x0800a8cc   0x0800a8cc   0x0000004c   Code   RO          367    i.Can2ModeInit      can.o
    0x0800a918   0x0800a918   0x00000008   Code   RO          844    i.CanDataProcess    candataanalysis.o
    0x0800a920   0x0800a920   0x00000010   Code   RO          368    i.CanInit           can.o
    0x0800a930   0x0800a930   0x00000050   Code   RO          369    i.CanSetBaud        can.o
    0x0800a980   0x0800a980   0x00000074   Code   RO          845    i.CheckCanMsg       candataanalysis.o
    0x0800a9f4   0x0800a9f4   0x000000e4   Code   RO          701    i.CheckEPM          obd.o
    0x0800aad8   0x0800aad8   0x00000044   Code   RO         2018    i.CheckPenaltyZone  gps_calculation.o
    0x0800ab1c   0x0800ab1c   0x00000304   Code   RO         1762    i.Checkvin_SetUds   gb17691a.o
    0x0800ae20   0x0800ae20   0x00000028   Code   RO          985    i.CountSpeedMatchRes  uds.o
    0x0800ae48   0x0800ae48   0x00000078   Code   RO         3194    i.CreatePlatformPublicKeyFile  lkt4305_iic.o
    0x0800aec0   0x0800aec0   0x00000070   Code   RO          986    i.Datong_TEMP_LQY   uds.o
    0x0800af30   0x0800af30   0x00000070   Code   RO          987    i.Datong_engineTorq  uds.o
    0x0800afa0   0x0800afa0   0x0000002c   Code   RO          988    i.Datong_enginefuelFlow  uds.o
    0x0800afcc   0x0800afcc   0x00000002   Code   RO          307    i.DebugMon_Handler  stm32f10x_it.o
    0x0800afce   0x0800afce   0x00000002   PAD
    0x0800afd0   0x0800afd0   0x0000000c   Code   RO          473    i.Dis15765_09Sever  iso_15765.o
    0x0800afdc   0x0800afdc   0x0000004c   Code   RO          474    i.Dis_15765_09_SID  iso_15765.o
    0x0800b028   0x0800b028   0x00000002   Code   RO         2942    i.EXTI0_IRQHandler  wkup.o
    0x0800b02a   0x0800b02a   0x00000002   PAD
    0x0800b02c   0x0800b02c   0x0000000c   Code   RO         4303    i.EXTI_ClrITPendBit  n32g45x_exti.o
    0x0800b038   0x0800b038   0x00000094   Code   RO         4308    i.EXTI_InitPeripheral  n32g45x_exti.o
    0x0800b0cc   0x0800b0cc   0x00000018   Code   RO         1763    i.EvalBCC_FromBytes  gb17691a.o
    0x0800b0e4   0x0800b0e4   0x000000ac   Code   RO          590    i.F101_Sensor_Send  j_1939.o
    0x0800b190   0x0800b190   0x00000338   Code   RO         1766    i.GB17691_CMD_analysis  gb17691a.o
    0x0800b4c8   0x0800b4c8   0x000001c4   Code   RO         1767    i.GB17691_CMD_check  gb17691a.o
    0x0800b68c   0x0800b68c   0x00000204   Code   RO         1770    i.GB17691_data_put_buf  gb17691a.o
    0x0800b890   0x0800b890   0x000000dc   Code   RO         1629    i.GB17691_get_BOOLcustom_Info  gb17691_can_gps.o
    0x0800b96c   0x0800b96c   0x000003c0   Code   RO         1630    i.GB17691_get_BOOLdatastream_Info  gb17691_can_gps.o
    0x0800bd2c   0x0800bd2c   0x000004b4   Code   RO         1631    i.GB17691_get_OBD_Info  gb17691_can_gps.o
    0x0800c1e0   0x0800c1e0   0x00000048   Code   RO         1632    i.GB17691_get_VIN_Info  gb17691_can_gps.o
    0x0800c228   0x0800c228   0x00000028   Code   RO         1635    i.GB17691_get_softver_Info  gb17691_can_gps.o
    0x0800c250   0x0800c250   0x00000348   Code   RO         1772    i.GB17691_real_time_upload  gb17691a.o
    0x0800c598   0x0800c598   0x0000019c   Code   RO         1773    i.GB17691_resend_data  gb17691a.o
    0x0800c734   0x0800c734   0x00000028   Code   RO         1774    i.GB17691_send_data  gb17691a.o
    0x0800c75c   0x0800c75c   0x000001d8   Code   RO         1775    i.GB17691_task      gb17691a.o
    0x0800c934   0x0800c934   0x0000007c   Code   RO         1776    i.GB17691_task_init  gb17691a.o
    0x0800c9b0   0x0800c9b0   0x00000116   Code   RO         4383    i.GPIO_InitPeripheral  n32g45x_gpio.o
    0x0800cac6   0x0800cac6   0x00000012   Code   RO         4388    i.GPIO_ReadOutputDataBit  n32g45x_gpio.o
    0x0800cad8   0x0800cad8   0x00000004   Code   RO         4389    i.GPIO_ResetBits    n32g45x_gpio.o
    0x0800cadc   0x0800cadc   0x00000004   Code   RO         4390    i.GPIO_SetBits      n32g45x_gpio.o
    0x0800cae0   0x0800cae0   0x00000080   Code   RO          989    i.Get07_45data      uds.o
    0x0800cb60   0x0800cb60   0x0000007c   Code   RO          846    i.GetCanData        candataanalysis.o
    0x0800cbdc   0x0800cbdc   0x00000044   Code   RO          847    i.GetCanDataEmptyBuf  candataanalysis.o
    0x0800cc20   0x0800cc20   0x0000003c   Code   RO          848    i.GetCanDataEmptyBufCnt  candataanalysis.o
    0x0800cc5c   0x0800cc5c   0x0000001a   Code   RO          849    i.GetCanDataFrameCnt  candataanalysis.o
    0x0800cc76   0x0800cc76   0x00000002   PAD
    0x0800cc78   0x0800cc78   0x00000064   Code   RO          371    i.GetCanRxMsg       can.o
    0x0800ccdc   0x0800ccdc   0x00000026   Code   RO          850    i.GetCanSpecifyFrame  candataanalysis.o
    0x0800cd02   0x0800cd02   0x0000007a   Code   RO         2019    i.GetGpsState       gps_calculation.o
    0x0800cd7c   0x0800cd7c   0x0000008c   Code   RO          851    i.GetMultiFrameEmptyBuf  candataanalysis.o
    0x0800ce08   0x0800ce08   0x00000034   Code   RO          852    i.GetMultiFrameNodeEmptyBuf  candataanalysis.o
    0x0800ce3c   0x0800ce3c   0x0000001c   Code   RO          853    i.GetMultiFrameNodeEnd  candataanalysis.o
    0x0800ce58   0x0800ce58   0x00000080   Code   RO          990    i.GetNOX_benchi     uds.o
    0x0800ced8   0x0800ced8   0x00000098   Code   RO          991    i.GetNoxContestJieFang  uds.o
    0x0800cf70   0x0800cf70   0x00000084   Code   RO          992    i.GetNoxContest_HengHe  uds.o
    0x0800cff4   0x0800cff4   0x00000090   Code   RO          993    i.GetNoxContest_KaiLong  uds.o
    0x0800d084   0x0800d084   0x000000a4   Code   RO          994    i.GetNoxContest_KaiRuiWeiKeSi  uds.o
    0x0800d128   0x0800d128   0x00000078   Code   RO          702    i.GetObdData        obd.o
    0x0800d1a0   0x0800d1a0   0x00000094   Code   RO          703    i.GetObdPara        obd.o
    0x0800d234   0x0800d234   0x000000ac   Code   RO          995    i.GetScrTempJieFang  uds.o
    0x0800d2e0   0x0800d2e0   0x0000008c   Code   RO          996    i.GetScrTemp_256A_B_Div10_Sub273  uds.o
    0x0800d36c   0x0800d36c   0x0000005c   Code   RO          997    i.GetScrTemp_HengHe  uds.o
    0x0800d3c8   0x0800d3c8   0x00000084   Code   RO          998    i.GetScrTemp_KaiLong  uds.o
    0x0800d44c   0x0800d44c   0x000000a8   Code   RO          999    i.GetScrTemp_KaiRuiWeiKeSi  uds.o
    0x0800d4f4   0x0800d4f4   0x00000088   Code   RO         1000    i.GetUdsData_100D_Div250  uds.o
    0x0800d57c   0x0800d57c   0x00000090   Code   RO         1001    i.GetUdsData_16777216A_65536B_256C_D_Sub270  uds.o
    0x0800d60c   0x0800d60c   0x00000080   Code   RO         1002    i.GetUdsData_256A_B  uds.o
    0x0800d68c   0x0800d68c   0x00000088   Code   RO         1003    i.GetUdsData_256A_B_Div100  uds.o
    0x0800d714   0x0800d714   0x00000080   Code   RO         1004    i.GetUdsData_256A_B_Div2  uds.o
    0x0800d794   0x0800d794   0x00000080   Code   RO         1005    i.GetUdsData_256A_B_Div4  uds.o
    0x0800d814   0x0800d814   0x0000002c   Code   RO         1006    i.GetUdsData_256A_B_KaiDeSi  uds.o
    0x0800d840   0x0800d840   0x00000090   Code   RO         1007    i.GetUdsData_256A_B_Mul625_Div10000_Sub40  uds.o
    0x0800d8d0   0x0800d8d0   0x000000a0   Code   RO         1008    i.GetUdsData_256A_B_sign  uds.o
    0x0800d970   0x0800d970   0x00000054   Code   RO         1009    i.GetUdsData_ISO15031_100A_Div255  uds.o
    0x0800d9c4   0x0800d9c4   0x0000005c   Code   RO         1010    i.GetUdsData_ISO15031_100B_Div255  uds.o
    0x0800da20   0x0800da20   0x0000005c   Code   RO         1011    i.GetUdsData_ISO15031_256A_B_Div10  uds.o
    0x0800da7c   0x0800da7c   0x00000064   Code   RO         1012    i.GetUdsData_ISO15031_256A_B_Div10_Sub40  uds.o
    0x0800dae0   0x0800dae0   0x00000054   Code   RO         1013    i.GetUdsData_ISO15031_256A_B_Div4  uds.o
    0x0800db34   0x0800db34   0x00000064   Code   RO         1014    i.GetUdsData_ISO15031_256A_B_Mul99_Div1000  uds.o
    0x0800db98   0x0800db98   0x00000054   Code   RO         1015    i.GetUdsData_ISO15031_256B_C  uds.o
    0x0800dbec   0x0800dbec   0x00000154   Code   RO         1016    i.GetUdsData_YiLiLanJie  uds.o
    0x0800dd40   0x0800dd40   0x00000060   Code   RO         1338    i.GetUdsPara        spi_flash.o
    0x0800dda0   0x0800dda0   0x0000002c   Code   RO         1017    i.GetUdsSpeed_BoShiYuChai  uds.o
    0x0800ddcc   0x0800ddcc   0x00000054   Code   RO         1018    i.GetUdsSpeed_HengHe  uds.o
    0x0800de20   0x0800de20   0x0000002c   Code   RO         1019    i.GetUdsSpeed_KaiDeSi  uds.o
    0x0800de4c   0x0800de4c   0x00000084   Code   RO         1020    i.GetUdsSpeed_KaiLong  uds.o
    0x0800ded0   0x0800ded0   0x000000ac   Code   RO         1021    i.GetUdsSpeed_KaiRuiWeiKeSi  uds.o
    0x0800df7c   0x0800df7c   0x00000024   Code   RO         1022    i.GetUdsUreaLiquidLevel_KaiDeSi  uds.o
    0x0800dfa0   0x0800dfa0   0x000000ac   Code   RO         1023    i.GetUreaLiquidLevelJieFang  uds.o
    0x0800e04c   0x0800e04c   0x00000050   Code   RO         1024    i.GetUreaLiquidLevel_50Ling  uds.o
    0x0800e09c   0x0800e09c   0x0000005c   Code   RO         1025    i.GetUreaLiquidLevel_HengHe  uds.o
    0x0800e0f8   0x0800e0f8   0x00000088   Code   RO         1026    i.GetUreaLiquidLevel_KaiLong  uds.o
    0x0800e180   0x0800e180   0x000000ac   Code   RO         1027    i.GetUreaLiquidLevel_KaiRuiWeiKeSi  uds.o
    0x0800e22c   0x0800e22c   0x00000088   Code   RO         1028    i.GetUreaLiquidLevel_benchi  uds.o
    0x0800e2b4   0x0800e2b4   0x00000054   Code   RO         1777    i.Get_SM2id         gb17691a.o
    0x0800e308   0x0800e308   0x00000034   Code   RO          592    i.Get_Sensor_flag   j_1939.o
    0x0800e33c   0x0800e33c   0x000000e0   Code   RO          705    i.Get_guide         obd.o
    0x0800e41c   0x0800e41c   0x00000014   Code   RO         1029    i.GoToNextStep      uds.o
    0x0800e430   0x0800e430   0x00000034   Code   RO         1778    i.Gps_Led_Init      gb17691a.o
    0x0800e464   0x0800e464   0x00000004   Code   RO          308    i.HardFault_Handler  stm32f10x_it.o
    0x0800e468   0x0800e468   0x00000018   Code   RO         1030    i.HeartResponse     uds.o
    0x0800e480   0x0800e480   0x00000890   Code   RO          475    i.ISO15765CheckPid  iso_15765.o
    0x0800ed10   0x0800ed10   0x00000070   Code   RO          476    i.ISO15765CvnProcess  iso_15765.o
    0x0800ed80   0x0800ed80   0x00000064   Code   RO          477    i.ISO15765DisPidDone  iso_15765.o
    0x0800ede4   0x0800ede4   0x00000064   Code   RO          478    i.ISO15765DisPidSend  iso_15765.o
    0x0800ee48   0x0800ee48   0x00000060   Code   RO          479    i.ISO15765EnPidSend  iso_15765.o
    0x0800eea8   0x0800eea8   0x00000068   Code   RO          480    i.ISO15765Init      iso_15765.o
    0x0800ef10   0x0800ef10   0x00000208   Code   RO          481    i.ISO15765IuprProcess  iso_15765.o
    0x0800f118   0x0800f118   0x0000014e   Code   RO          854    i.ISO15765MultiFrameProcess  candataanalysis.o
    0x0800f266   0x0800f266   0x000000e0   Code   RO          855    i.ISO15765MultiFrameToData  candataanalysis.o
    0x0800f346   0x0800f346   0x00000002   PAD
    0x0800f348   0x0800f348   0x000000cc   Code   RO          482    i.ISO15765NoxProcess  iso_15765.o
    0x0800f414   0x0800f414   0x00000128   Code   RO          483    i.ISO15765ObdDiagnosis  iso_15765.o
    0x0800f53c   0x0800f53c   0x00000064   Code   RO          484    i.ISO15765ObdFault  iso_15765.o
    0x0800f5a0   0x0800f5a0   0x00000148   Code   RO          856    i.ISO15765ProtocolProcess  candataanalysis.o
    0x0800f6e8   0x0800f6e8   0x0000009c   Code   RO          857    i.ISO15765SendFrameFlowCmd  candataanalysis.o
    0x0800f784   0x0800f784   0x00000140   Code   RO          485    i.ISO15765SendMsg   iso_15765.o
    0x0800f8c4   0x0800f8c4   0x0000002c   Code   RO          858    i.ISO15765SingleFrameToData  candataanalysis.o
    0x0800f8f0   0x0800f8f0   0x00000038   Code   RO          486    i.ISO15765SoftCbrtNum  iso_15765.o
    0x0800f928   0x0800f928   0x00000038   Code   RO          487    i.ISO15765VinProcess  iso_15765.o
    0x0800f960   0x0800f960   0x0000000c   Code   RO         4507    i.IWDG_CntReload    n32g45x_iwdg.o
    0x0800f96c   0x0800f96c   0x00000010   Code   RO         4508    i.IWDG_Enable       n32g45x_iwdg.o
    0x0800f97c   0x0800f97c   0x00000008   Code   RO         2912    i.IWDG_Feed         iwdg.o
    0x0800f984   0x0800f984   0x00000024   Code   RO         2913    i.IWDG_Init         iwdg.o
    0x0800f9a8   0x0800f9a8   0x00000010   Code   RO         4510    i.IWDG_ReloadKey    n32g45x_iwdg.o
    0x0800f9b8   0x0800f9b8   0x0000000c   Code   RO         4511    i.IWDG_SetPrescalerDiv  n32g45x_iwdg.o
    0x0800f9c4   0x0800f9c4   0x0000000c   Code   RO         4512    i.IWDG_WriteConfig  n32g45x_iwdg.o
    0x0800f9d0   0x0800f9d0   0x00000020   Code   RO         6062    i.IsAscii           utils.o
    0x0800f9f0   0x0800f9f0   0x00000060   Code   RO          488    i.IsISO15765PidDoneEn  iso_15765.o
    0x0800fa50   0x0800fa50   0x00000050   Code   RO          593    i.IsJ1939PgnDoneEn  j_1939.o
    0x0800faa0   0x0800faa0   0x0000002a   Code   RO         1779    i.IsLeapYear        gb17691a.o
    0x0800faca   0x0800faca   0x0000002a   Code   RO         2070    i.IsLeapYear        gps.o
    0x0800faf4   0x0800faf4   0x000001b8   Code   RO         2020    i.IsPenaltyZone     gps_calculation.o
    0x0800fcac   0x0800fcac   0x00000044   Code   RO         1031    i.IsUdsCanIdDoneFlagMark  uds.o
    0x0800fcf0   0x0800fcf0   0x0000003a   Code   RO         2984    i.Is_Leap_Year      rtc.o
    0x0800fd2a   0x0800fd2a   0x00000002   PAD
    0x0800fd2c   0x0800fd2c   0x000000cc   Code   RO          594    i.IuprProcess       j_1939.o
    0x0800fdf8   0x0800fdf8   0x00001010   Code   RO          595    i.J1939CheckPgn     j_1939.o
    0x08010e08   0x08010e08   0x00000050   Code   RO          596    i.J1939Init         j_1939.o
    0x08010e58   0x08010e58   0x00000098   Code   RO          597    i.J1939IuprProcess  j_1939.o
    0x08010ef0   0x08010ef0   0x00000140   Code   RO          859    i.J1939MultiFrameProcess  candataanalysis.o
    0x08011030   0x08011030   0x0000007e   Code   RO          860    i.J1939MultiFrameToData  candataanalysis.o
    0x080110ae   0x080110ae   0x00000002   PAD
    0x080110b0   0x080110b0   0x0000004c   Code   RO          598    i.J1939PgnDisDone   j_1939.o
    0x080110fc   0x080110fc   0x0000004c   Code   RO          599    i.J1939PgnDisSend   j_1939.o
    0x08011148   0x08011148   0x00000138   Code   RO          861    i.J1939ProtocolProcess  candataanalysis.o
    0x08011280   0x08011280   0x00000118   Code   RO          600    i.J1939SendMsg      j_1939.o
    0x08011398   0x08011398   0x0000002c   Code   RO          862    i.J1939SingleFrameToData  candataanalysis.o
    0x080113c4   0x080113c4   0x00000028   Code   RO         3196    i.LKT4305Init       lkt4305_iic.o
    0x080113ec   0x080113ec   0x00000078   Code   RO         3197    i.LKT4305RecData    lkt4305_iic.o
    0x08011464   0x08011464   0x00000072   Code   RO         3198    i.LKT4305SendData   lkt4305_iic.o
    0x080114d6   0x080114d6   0x00000002   PAD
    0x080114d8   0x080114d8   0x000001f8   Code   RO         3199    i.LKT4305Test       lkt4305_iic.o
    0x080116d0   0x080116d0   0x00000064   Code   RO         1780    i.LKT4305_Key_Init  gb17691a.o
    0x08011734   0x08011734   0x0000004c   Code   RO         3078    i.MCU_RESET         power_ctl.o
    0x08011780   0x08011780   0x00000004   Code   RO          309    i.MemManage_Handler  stm32f10x_it.o
    0x08011784   0x08011784   0x00000134   Code   RO         2985    i.My_RTC_Init       rtc.o
    0x080118b8   0x080118b8   0x00000002   Code   RO          310    i.NMI_Handler       stm32f10x_it.o
    0x080118ba   0x080118ba   0x0000007e   Code   RO         2680    i.NVIC_Config       bsp.o
    0x08011938   0x08011938   0x00000044   Code   RO          706    i.NVIC_Config_can   obd.o
    0x0801197c   0x0801197c   0x00000070   Code   RO         5661    i.NVIC_Init         misc.o
    0x080119ec   0x080119ec   0x00000014   Code   RO         5662    i.NVIC_PriorityGroupConfig  misc.o
    0x08011a00   0x08011a00   0x00000034   Code   RO          707    i.OBD_LED_INIT      obd.o
    0x08011a34   0x08011a34   0x00000014   Code   RO          708    i.ObdCanBaudSet     obd.o
    0x08011a48   0x08011a48   0x0000005c   Code   RO          709    i.Obd_init          obd.o
    0x08011aa4   0x08011aa4   0x000000d0   Code   RO         2595    i.OpenSocket        multisocket.o
    0x08011b74   0x08011b74   0x0000000c   Code   RO         5981    i.PWR_BackupAccessEnable  n32g45x_pwr.o
    0x08011b80   0x08011b80   0x0000003c   Code   RO         5986    i.PWR_EnterStandbyState  n32g45x_pwr.o
    0x08011bbc   0x08011bbc   0x000002dc   Code   RO          710    i.ProtocolMatch     obd.o
    0x08011e98   0x08011e98   0x0000001c   Code   RO         5725    i.RCC_ConfigRtcClk  n32g45x_rcc.o
    0x08011eb4   0x08011eb4   0x00000020   Code   RO         5731    i.RCC_EnableAHBPeriphClk  n32g45x_rcc.o
    0x08011ed4   0x08011ed4   0x00000020   Code   RO         5733    i.RCC_EnableAPB1PeriphClk  n32g45x_rcc.o
    0x08011ef4   0x08011ef4   0x00000020   Code   RO         5734    i.RCC_EnableAPB1PeriphReset  n32g45x_rcc.o
    0x08011f14   0x08011f14   0x00000020   Code   RO         5735    i.RCC_EnableAPB2PeriphClk  n32g45x_rcc.o
    0x08011f34   0x08011f34   0x00000020   Code   RO         5736    i.RCC_EnableAPB2PeriphReset  n32g45x_rcc.o
    0x08011f54   0x08011f54   0x0000000c   Code   RO         5741    i.RCC_EnableLsi     n32g45x_rcc.o
    0x08011f60   0x08011f60   0x0000000c   Code   RO         5743    i.RCC_EnableRtcClk  n32g45x_rcc.o
    0x08011f6c   0x08011f6c   0x0000010c   Code   RO         5745    i.RCC_GetClocksFreqValue  n32g45x_rcc.o
    0x08012078   0x08012078   0x0000003c   Code   RO         5746    i.RCC_GetFlagStatus  n32g45x_rcc.o
    0x080120b4   0x080120b4   0x00000090   Code   RO         2681    i.RS232_USART_Config  bsp.o
    0x08012144   0x08012144   0x00000028   Code   RO         2986    i.RTCAlarm_IRQHandler  rtc.o
    0x0801216c   0x0801216c   0x00000016   Code   RO         4020    i.RTC_Bcd2ToByte    n32g45x_rtc.o
    0x08012182   0x08012182   0x0000001c   Code   RO         4021    i.RTC_ByteToBcd2    n32g45x_rtc.o
    0x0801219e   0x0801219e   0x00000002   PAD
    0x080121a0   0x080121a0   0x00000020   Code   RO         4023    i.RTC_ClrIntPendingBit  n32g45x_rtc.o
    0x080121c0   0x080121c0   0x00000038   Code   RO         4027    i.RTC_ConfigInt     n32g45x_rtc.o
    0x080121f8   0x080121f8   0x000000d0   Code   RO         4032    i.RTC_ConfigTime    n32g45x_rtc.o
    0x080122c8   0x080122c8   0x00000074   Code   RO         4036    i.RTC_EnableAlarm   n32g45x_rtc.o
    0x0801233c   0x0801233c   0x00000050   Code   RO         4043    i.RTC_EnterInitMode  n32g45x_rtc.o
    0x0801238c   0x0801238c   0x00000014   Code   RO         4044    i.RTC_ExitInitMode  n32g45x_rtc.o
    0x080123a0   0x080123a0   0x000000f8   Code   RO         2987    i.RTC_Get           rtc.o
    0x08012498   0x08012498   0x00000074   Code   RO         4045    i.RTC_GetAlarm      n32g45x_rtc.o
    0x0801250c   0x0801250c   0x00000030   Code   RO         4049    i.RTC_GetITStatus   n32g45x_rtc.o
    0x0801253c   0x0801253c   0x00000050   Code   RO         4052    i.RTC_GetTime       n32g45x_rtc.o
    0x0801258c   0x0801258c   0x00000064   Code   RO         4056    i.RTC_Init          n32g45x_rtc.o
    0x080125f0   0x080125f0   0x000000c4   Code   RO         2989    i.RTC_Set           rtc.o
    0x080126b4   0x080126b4   0x000000ec   Code   RO         4057    i.RTC_SetAlarm      n32g45x_rtc.o
    0x080127a0   0x080127a0   0x000000c8   Code   RO         4058    i.RTC_SetDate       n32g45x_rtc.o
    0x08012868   0x08012868   0x00000060   Code   RO         4062    i.RTC_WaitForSynchro  n32g45x_rtc.o
    0x080128c8   0x080128c8   0x000000b0   Code   RO         3200    i.ReadPublickey     lkt4305_iic.o
    0x08012978   0x08012978   0x00000028   Code   RO         2171    i.Reflect           crc.o
    0x080129a0   0x080129a0   0x00000032   Code   RO          863    i.ReleaseCanDataBuf  candataanalysis.o
    0x080129d2   0x080129d2   0x00000018   Code   RO          372    i.ReleaseCanRxBuf   can.o
    0x080129ea   0x080129ea   0x00000046   Code   RO          864    i.ReleaseMultiFrameBuf  candataanalysis.o
    0x08012a30   0x08012a30   0x00000020   Code   RO         1781    i.ResetData         gb17691a.o
    0x08012a50   0x08012a50   0x000000a4   Code   RO         1339    i.SPI1_Init         spi_flash.o
    0x08012af4   0x08012af4   0x00000038   Code   RO         1340    i.SPI1_ReadWriteByte  spi_flash.o
    0x08012b2c   0x08012b2c   0x00000028   Code   RO         1341    i.SPI1_SetSpeed     spi_flash.o
    0x08012b54   0x08012b54   0x00000018   Code   RO         4566    i.SPI_Enable        n32g45x_spi.o
    0x08012b6c   0x08012b6c   0x00000012   Code   RO         4576    i.SPI_I2S_GetStatus  n32g45x_spi.o
    0x08012b7e   0x08012b7e   0x00000006   Code   RO         4577    i.SPI_I2S_ReceiveData  n32g45x_spi.o
    0x08012b84   0x08012b84   0x00000004   Code   RO         4578    i.SPI_I2S_TransmitData  n32g45x_spi.o
    0x08012b88   0x08012b88   0x0000003c   Code   RO         4579    i.SPI_Init          n32g45x_spi.o
    0x08012bc4   0x08012bc4   0x00000014   Code   RO          865    i.SendCanMsg        candataanalysis.o
    0x08012bd8   0x08012bd8   0x0000000c   Code   RO          373    i.SetCanRxBufDoneFlag  can.o
    0x08012be4   0x08012be4   0x00000048   Code   RO         2596    i.SetCipget         multisocket.o
    0x08012c2c   0x08012c2c   0x000000e0   Code   RO         6119    i.SetSysClock       system_n32g45x.o
    0x08012d0c   0x08012d0c   0x00000018   Code   RO         1032    i.SetUdsEnFlag      uds.o
    0x08012d24   0x08012d24   0x00000018   Code   RO         1033    i.SetUdsMode        uds.o
    0x08012d3c   0x08012d3c   0x00000078   Code   RO         1342    i.SetUdsPara        spi_flash.o
    0x08012db4   0x08012db4   0x00000060   Code   RO         1034    i.SetUdsProtocol    uds.o
    0x08012e14   0x08012e14   0x000000fc   Code   RO         2328    i.Set_SimcomModleVer  sim_net.o
    0x08012f10   0x08012f10   0x0000006a   Code   RO         1343    i.Set_evads         spi_flash.o
    0x08012f7a   0x08012f7a   0x00000050   Code   RO         2990    i.Set_rtcalarm      rtc.o
    0x08012fca   0x08012fca   0x00000002   PAD
    0x08012fcc   0x08012fcc   0x000000a4   Code   RO         2598    i.SocketRead        multisocket.o
    0x08013070   0x08013070   0x00000068   Code   RO         2599    i.SocketWrite       multisocket.o
    0x080130d8   0x080130d8   0x00000080   Code   RO         1036    i.StartMatchNextPro  uds.o
    0x08013158   0x08013158   0x00000012   Code   RO         3160    i.Sys_Enter_Standby  sleep.o
    0x0801316a   0x0801316a   0x00000010   Code   RO         3161    i.Sys_Standby       sleep.o
    0x0801317a   0x0801317a   0x00000002   PAD
    0x0801317c   0x0801317c   0x000000b0   Code   RO         6121    i.SystemInit        system_n32g45x.o
    0x0801322c   0x0801322c   0x0000002c   Code   RO         2881    i.TIM3_IRQHandler   timer.o
    0x08013258   0x08013258   0x00000040   Code   RO         2882    i.TIM3_Int_Init     timer.o
    0x08013298   0x08013298   0x00000008   Code   RO         4722    i.TIM_ClrIntPendingBit  n32g45x_tim.o
    0x080132a0   0x080132a0   0x00000012   Code   RO         4744    i.TIM_ConfigInt     n32g45x_tim.o
    0x080132b2   0x080132b2   0x00000016   Code   RO         4772    i.TIM_Enable        n32g45x_tim.o
    0x080132c8   0x080132c8   0x00000158   Code   RO         4803    i.TIM_InitTimeBase  n32g45x_tim.o
    0x08013420   0x08013420   0x00000578   Code   RO          248    i.TerminalTestProcess  terminaltest.o
    0x08013998   0x08013998   0x00000164   Code   RO          601    i.TianDiCheRen_Sensor_Send  j_1939.o
    0x08013afc   0x08013afc   0x0000005c   Code   RO         2071    i.UART4_IRQHandler  gps.o
    0x08013b58   0x08013b58   0x00000078   Code   RO         2255    i.UART5_IRQHandler  sim_uart.o
    0x08013bd0   0x08013bd0   0x0000034c   Code   RO         2753    i.USART1_IRQHandler  uart.o
    0x08013f1c   0x08013f1c   0x00000032   Code   RO         2754    i.USARTSendOut      uart.o
    0x08013f4e   0x08013f4e   0x0000004a   Code   RO         5389    i.USART_ConfigInt   n32g45x_usart.o
    0x08013f98   0x08013f98   0x00000018   Code   RO         5394    i.USART_Enable      n32g45x_usart.o
    0x08013fb0   0x08013fb0   0x0000001a   Code   RO         5401    i.USART_GetFlagStatus  n32g45x_usart.o
    0x08013fca   0x08013fca   0x00000054   Code   RO         5402    i.USART_GetIntStatus  n32g45x_usart.o
    0x0801401e   0x0801401e   0x00000002   PAD
    0x08014020   0x08014020   0x000000b4   Code   RO         5403    i.USART_Init        n32g45x_usart.o
    0x080140d4   0x080140d4   0x0000000a   Code   RO         5404    i.USART_ReceiveData  n32g45x_usart.o
    0x080140de   0x080140de   0x00000008   Code   RO         5406    i.USART_SendData    n32g45x_usart.o
    0x080140e6   0x080140e6   0x00000002   PAD
    0x080140e8   0x080140e8   0x0000008c   Code   RO          374    i.USB_LP_CAN1_RX0_IRQHandler  can.o
    0x08014174   0x08014174   0x000000bc   Code   RO         2072    i.UTCTime2LocalTime  gps.o
    0x08014230   0x08014230   0x0000001c   Code   RO         1037    i.UdsCanIdDoneFlagClear  uds.o
    0x0801424c   0x0801424c   0x00000044   Code   RO         1038    i.UdsCanIdDoneFlagMark  uds.o
    0x08014290   0x08014290   0x0000023c   Code   RO         1039    i.UdsCheckPid       uds.o
    0x080144cc   0x080144cc   0x00000014   Code   RO         1040    i.UdsCmdDisSend     uds.o
    0x080144e0   0x080144e0   0x00000018   Code   RO         1042    i.UdsMatchTypeNum   uds.o
    0x080144f8   0x080144f8   0x000006a8   Code   RO         1043    i.UdsReqServer      uds.o
    0x08014ba0   0x08014ba0   0x00000098   Code   RO         1044    i.UdsSendHeartWithoutResponse  uds.o
    0x08014c38   0x08014c38   0x000000a8   Code   RO         1045    i.UdsSendReqCmd     uds.o
    0x08014ce0   0x08014ce0   0x0000035c   Code   RO         1046    i.UdsSpeedCompare   uds.o
    0x0801503c   0x0801503c   0x000000dc   Code   RO         1047    i.UdsUpdateData     uds.o
    0x08015118   0x08015118   0x00000044   Code   RO         1048    i.UpLinkResponse    uds.o
    0x0801515c   0x0801515c   0x00000004   Code   RO          311    i.UsageFault_Handler  stm32f10x_it.o
    0x08015160   0x08015160   0x0000002c   Code   RO         1345    i.W25QXX_Erase_Chip  spi_flash.o
    0x0801518c   0x0801518c   0x00000020   Code   RO         1346    i.W25QXX_Erase_Chip_osMutex  spi_flash.o
    0x080151ac   0x080151ac   0x00000048   Code   RO         1347    i.W25QXX_Erase_Sector  spi_flash.o
    0x080151f4   0x080151f4   0x00000050   Code   RO         1349    i.W25QXX_Init       spi_flash.o
    0x08015244   0x08015244   0x00000050   Code   RO         1351    i.W25QXX_Read       spi_flash.o
    0x08015294   0x08015294   0x00000030   Code   RO         1353    i.W25QXX_ReadSR     spi_flash.o
    0x080152c4   0x080152c4   0x00000014   Code   RO         1355    i.W25QXX_Wait_Busy  spi_flash.o
    0x080152d8   0x080152d8   0x00000020   Code   RO         1357    i.W25QXX_Write_Enable  spi_flash.o
    0x080152f8   0x080152f8   0x00000046   Code   RO         1358    i.W25QXX_Write_NoCheck  spi_flash.o
    0x0801533e   0x0801533e   0x00000002   PAD
    0x08015340   0x08015340   0x00000054   Code   RO         1359    i.W25QXX_Write_Page  spi_flash.o
    0x08015394   0x08015394   0x00000078   Code   RO         3203    i.WriteICPrivateKey2File  lkt4305_iic.o
    0x0801540c   0x0801540c   0x00000078   Code   RO         3204    i.WriteICPublicKey2File  lkt4305_iic.o
    0x08015484   0x08015484   0x0000008c   Code   RO         3205    i.WritePlatformPublicKey  lkt4305_iic.o
    0x08015510   0x08015510   0x0000008c   Code   RO         3207    i.WritePlatformPublicKey_32Bytes  lkt4305_iic.o
    0x0801559c   0x0801559c   0x00000030   Code   RO         7654    i.__0snprintf       mc_w.l(printfa.o)
    0x080155cc   0x080155cc   0x00000028   Code   RO         7655    i.__0sprintf        mc_w.l(printfa.o)
    0x080155f4   0x080155f4   0x00000024   Code   RO         7659    i.__0vsprintf       mc_w.l(printfa.o)
    0x08015618   0x08015618   0x00000030   Code   RO         7729    i.__ARM_fpclassify  m_wm.l(fpclassify.o)
    0x08015648   0x08015648   0x00000c50   Code   RO         7371    i.__hardfp_pow      m_wm.l(pow.o)
    0x08016298   0x08016298   0x0000007a   Code   RO         7385    i.__hardfp_sqrt     m_wm.l(sqrt.o)
    0x08016312   0x08016312   0x000000f8   Code   RO         7731    i.__kernel_poly     m_wm.l(poly.o)
    0x0801640a   0x0801640a   0x00000006   PAD
    0x08016410   0x08016410   0x00000030   Code   RO         7709    i.__mathlib_dbl_divzero  m_wm.l(dunder.o)
    0x08016440   0x08016440   0x00000014   Code   RO         7711    i.__mathlib_dbl_infnan2  m_wm.l(dunder.o)
    0x08016454   0x08016454   0x00000004   PAD
    0x08016458   0x08016458   0x00000020   Code   RO         7712    i.__mathlib_dbl_invalid  m_wm.l(dunder.o)
    0x08016478   0x08016478   0x00000020   Code   RO         7713    i.__mathlib_dbl_overflow  m_wm.l(dunder.o)
    0x08016498   0x08016498   0x00000020   Code   RO         7715    i.__mathlib_dbl_underflow  m_wm.l(dunder.o)
    0x080164b8   0x080164b8   0x0000000e   Code   RO         7791    i.__scatterload_copy  mc_w.l(handlers.o)
    0x080164c6   0x080164c6   0x00000002   Code   RO         7792    i.__scatterload_null  mc_w.l(handlers.o)
    0x080164c8   0x080164c8   0x0000000e   Code   RO         7793    i.__scatterload_zeroinit  mc_w.l(handlers.o)
    0x080164d6   0x080164d6   0x00000002   PAD
    0x080164d8   0x080164d8   0x0000000c   Code   RO         7752    i.__set_errno       mc_w.l(errno.o)
    0x080164e4   0x080164e4   0x00000184   Code   RO         7660    i._fp_digits        mc_w.l(printfa.o)
    0x08016668   0x08016668   0x00000046   Code   RO         7231    i._init_box         RTX_CM4.lib(rt_membox.o)
    0x080166ae   0x080166ae   0x0000000e   Code   RO         7689    i._is_digit         mc_w.l(scanf_fp.o)
    0x080166bc   0x080166bc   0x000006dc   Code   RO         7661    i._printf_core      mc_w.l(printfa.o)
    0x08016d98   0x08016d98   0x00000024   Code   RO         7662    i._printf_post_padding  mc_w.l(printfa.o)
    0x08016dbc   0x08016dbc   0x0000002e   Code   RO         7663    i._printf_pre_padding  mc_w.l(printfa.o)
    0x08016dea   0x08016dea   0x00000016   Code   RO         7664    i._snputc           mc_w.l(printfa.o)
    0x08016e00   0x08016e00   0x0000000a   Code   RO         7665    i._sputc            mc_w.l(printfa.o)
    0x08016e0a   0x08016e0a   0x00000038   Code   RO         2073    i.asc2int           gps.o
    0x08016e42   0x08016e42   0x00000002   PAD
    0x08016e44   0x08016e44   0x00000078   Code   RO         2329    i.at_cfslogin       sim_net.o
    0x08016ebc   0x08016ebc   0x000001e8   Code   RO         2330    i.at_cftpget        sim_net.o
    0x080170a4   0x080170a4   0x000001c0   Code   RO         2331    i.at_cftpgetfile    sim_net.o
    0x08017264   0x08017264   0x00000068   Code   RO         2332    i.at_cftpscacherd   sim_net.o
    0x080172cc   0x080172cc   0x00000060   Code   RO         2333    i.at_cftpscacherd_To_UART  sim_net.o
    0x0801732c   0x0801732c   0x00000058   Code   RO         2334    i.at_cftpslogout    sim_net.o
    0x08017384   0x08017384   0x0000004c   Code   RO         2335    i.at_cftpssingleip  sim_net.o
    0x080173d0   0x080173d0   0x00000058   Code   RO         2336    i.at_cftpsstart     sim_net.o
    0x08017428   0x08017428   0x00000058   Code   RO         2337    i.at_cftpsstop      sim_net.o
    0x08017480   0x08017480   0x0000011c   Code   RO         2338    i.at_cftrantx       sim_net.o
    0x0801759c   0x0801759c   0x0000004c   Code   RO         2339    i.at_cgatt          sim_net.o
    0x080175e8   0x080175e8   0x00000050   Code   RO         2340    i.at_cgpaddr        sim_net.o
    0x08017638   0x08017638   0x00000078   Code   RO         2341    i.at_cmd_process    sim_net.o
    0x080176b0   0x080176b0   0x0000009c   Code   RO         2342    i.at_fscd           sim_net.o
    0x0801774c   0x0801774c   0x000000b0   Code   RO         2343    i.at_fsdel          sim_net.o
    0x080177fc   0x080177fc   0x00000044   Code   RO         2344    i.at_fsls           sim_net.o
    0x08017840   0x08017840   0x00000080   Code   RO         2345    i.at_httpaction     sim_net.o
    0x080178c0   0x080178c0   0x00000048   Code   RO         2347    i.at_httpinit       sim_net.o
    0x08017908   0x08017908   0x00000048   Code   RO         2348    i.at_httppara       sim_net.o
    0x08017950   0x08017950   0x00000054   Code   RO         2349    i.at_httppara0      sim_net.o
    0x080179a4   0x080179a4   0x00000114   Code   RO         2350    i.at_httppreadfile  sim_net.o
    0x08017ab8   0x08017ab8   0x000000e8   Code   RO         1782    i.bool_login_send_new  gb17691a.o
    0x08017ba0   0x08017ba0   0x00000018   Code   RO          711    i.can_collection    obd.o
    0x08017bb8   0x08017bb8   0x00000070   Code   RO          603    i.canid_priority_judge  j_1939.o
    0x08017c28   0x08017c28   0x00000028   Code   RO         1783    i.check_big_heart   gb17691a.o
    0x08017c50   0x08017c50   0x00000054   Code   RO         2352    i.check_crc32       sim_net.o
    0x08017ca4   0x08017ca4   0x0000008e   Code   RO         2353    i.check_device_info1  sim_net.o
    0x08017d32   0x08017d32   0x00000002   PAD
    0x08017d34   0x08017d34   0x00000108   Code   RO         1784    i.check_flash       gb17691a.o
    0x08017e3c   0x08017e3c   0x00000040   Code   RO         1363    i.clear_firmware_info  spi_flash.o
    0x08017e7c   0x08017e7c   0x00000054   Code   RO         2757    i.comupdate_check_crc32  uart.o
    0x08017ed0   0x08017ed0   0x00000030   Code   RO         7284    i.dbg_init          RTX_CM4.lib(hal_cm.o)
    0x08017f00   0x08017f00   0x00000020   Code   RO         7285    i.dbg_task_notify   RTX_CM4.lib(hal_cm.o)
    0x08017f20   0x08017f20   0x00000010   Code   RO         7286    i.dbg_task_switch   RTX_CM4.lib(hal_cm.o)
    0x08017f30   0x08017f30   0x0000001e   Code   RO         3209    i.delay_us          lkt4305_iic.o
    0x08017f4e   0x08017f4e   0x00000002   PAD
    0x08017f50   0x08017f50   0x00000100   Code   RO         1785    i.disman_alarm_send  gb17691a.o
    0x08018050   0x08018050   0x00000018   Code   RO         7725    i.fabs              m_wm.l(fabs.o)
    0x08018068   0x08018068   0x00000058   Code   RO         1366    i.firmware_flash_init  spi_flash.o
    0x080180c0   0x080180c0   0x00000054   Code   RO          375    i.getEmptyBuf       can.o
    0x08018114   0x08018114   0x0000000c   Code   RO          249    i.getTermianlState  terminaltest.o
    0x08018120   0x08018120   0x00000018   Code   RO         3079    i.get_3v3_state     power_ctl.o
    0x08018138   0x08018138   0x00000024   Code   RO         1637    i.get_AIKELAN_crcre  gb17691_can_gps.o
    0x0801815c   0x0801815c   0x00001290   Code   RO         1638    i.get_AIKELAN_datapack  gb17691_can_gps.o
    0x080193ec   0x080193ec   0x00000090   Code   RO         1639    i.get_AIKELAN_register  gb17691_can_gps.o
    0x0801947c   0x0801947c   0x00000168   Code   RO         2021    i.get_GB17691_gps_info  gps_calculation.o
    0x080195e4   0x080195e4   0x00000014   Code   RO          712    i.get_OBD_Aftertreatment_Infor_t  obd.o
    0x080195f8   0x080195f8   0x00000028   Code   RO          713    i.get_OBD_Diagnosis_Infor_t  obd.o
    0x08019620   0x08019620   0x00000014   Code   RO          714    i.get_OBD_Engine_Infor_t  obd.o
    0x08019634   0x08019634   0x00000014   Code   RO          715    i.get_OBD_Vehicle_Infor_t  obd.o
    0x08019648   0x08019648   0x0000000c   Code   RO         1787    i.get_big_heart_flag  gb17691a.o
    0x08019654   0x08019654   0x0000000c   Code   RO         2759    i.get_comupdate_mode  uart.o
    0x08019660   0x08019660   0x0000002c   Code   RO         2991    i.get_current_time  rtc.o
    0x0801968c   0x0801968c   0x00000028   Code   RO         2760    i.get_data_multiple_bytes  uart.o
    0x080196b4   0x080196b4   0x0000028c   Code   RO         2354    i.get_firmware      sim_net.o
    0x08019940   0x08019940   0x000001b8   Code   RO         2355    i.get_firmware1     sim_net.o
    0x08019af8   0x08019af8   0x000001a4   Code   RO         2356    i.get_firmware_http  sim_net.o
    0x08019c9c   0x08019c9c   0x00000080   Code   RO         1367    i.get_firmware_info  spi_flash.o
    0x08019d1c   0x08019d1c   0x00000024   Code   RO         2074    i.get_frame_size    gps.o
    0x08019d40   0x08019d40   0x00000014   Code   RO         2075    i.get_gps_info      gps.o
    0x08019d54   0x08019d54   0x00000020   Code   RO         2076    i.get_gps_time      gps.o
    0x08019d74   0x08019d74   0x00000034   Code   RO         2357    i.get_iccid         sim_net.o
    0x08019da8   0x08019da8   0x0000006c   Code   RO         1369    i.get_idstate       spi_flash.o
    0x08019e14   0x08019e14   0x0000002c   Code   RO         2358    i.get_imei          sim_net.o
    0x08019e40   0x08019e40   0x00000034   Code   RO         1370    i.get_keystate      spi_flash.o
    0x08019e74   0x08019e74   0x0000000c   Code   RO         1788    i.get_lkt4305_state  gb17691a.o
    0x08019e80   0x08019e80   0x0000000c   Code   RO         1789    i.get_login_state   gb17691a.o
    0x08019e8c   0x08019e8c   0x0000011c   Code   RO         1371    i.get_lognum        spi_flash.o
    0x08019fa8   0x08019fa8   0x0000000c   Code   RO         2359    i.get_net_status    sim_net.o
    0x08019fb4   0x08019fb4   0x0000000c   Code   RO         3080    i.get_power_state   power_ctl.o
    0x08019fc0   0x08019fc0   0x00000034   Code   RO         1372    i.get_recordstate   spi_flash.o
    0x08019ff4   0x08019ff4   0x00000048   Code   RO         2763    i.get_rx_data_size  uart.o
    0x0801a03c   0x0801a03c   0x00000028   Code   RO         2256    i.get_sim_data_multiple_bytes  sim_uart.o
    0x0801a064   0x0801a064   0x00000014   Code   RO         2360    i.get_sim_fw_ver    sim_net.o
    0x0801a078   0x0801a078   0x0000002c   Code   RO         2257    i.get_sim_rx_buf_wr_pos  sim_uart.o
    0x0801a0a4   0x0801a0a4   0x0000000c   Code   RO         2258    i.get_sim_rx_byte   sim_uart.o
    0x0801a0b0   0x0801a0b0   0x00000048   Code   RO         2259    i.get_sim_rx_data_size  sim_uart.o
    0x0801a0f8   0x0801a0f8   0x00000014   Code   RO         1790    i.get_terminal_connect_status  gb17691a.o
    0x0801a10c   0x0801a10c   0x0000000c   Code   RO         2992    i.get_time_stamp    rtc.o
    0x0801a118   0x0801a118   0x0000003c   Code   RO         2260    i.get_uart_send_data  sim_uart.o
    0x0801a154   0x0801a154   0x000000f0   Code   RO         1373    i.get_vin           spi_flash.o
    0x0801a244   0x0801a244   0x000001c4   Code   RO         2077    i.gps_process_frame  gps.o
    0x0801a408   0x0801a408   0x000000a8   Code   RO         2078    i.gps_process_gngga  gps.o
    0x0801a4b0   0x0801a4b0   0x000001dc   Code   RO         2079    i.gps_process_gprmc  gps.o
    0x0801a68c   0x0801a68c   0x00000048   Code   RO         1791    i.gps_set_time      gb17691a.o
    0x0801a6d4   0x0801a6d4   0x00000150   Code   RO         2022    i.gps_str_to_float  gps_calculation.o
    0x0801a824   0x0801a824   0x000000ac   Code   RO         2083    i.gps_uart_init     gps.o
    0x0801a8d0   0x0801a8d0   0x00000050   Code   RO         3210    i.iicAck            lkt4305_iic.o
    0x0801a920   0x0801a920   0x00000084   Code   RO         3211    i.iicCheckAck       lkt4305_iic.o
    0x0801a9a4   0x0801a9a4   0x00000064   Code   RO         3212    i.iicInit           lkt4305_iic.o
    0x0801aa08   0x0801aa08   0x00000050   Code   RO         3213    i.iicNoAck          lkt4305_iic.o
    0x0801aa58   0x0801aa58   0x00000070   Code   RO         3214    i.iicRecByte        lkt4305_iic.o
    0x0801aac8   0x0801aac8   0x000000c4   Code   RO         3215    i.iicSendByte       lkt4305_iic.o
    0x0801ab8c   0x0801ab8c   0x0000004c   Code   RO         3216    i.iicStart          lkt4305_iic.o
    0x0801abd8   0x0801abd8   0x00000054   Code   RO         3217    i.iicStop1          lkt4305_iic.o
    0x0801ac2c   0x0801ac2c   0x00000054   Code   RO         3218    i.iicStop2          lkt4305_iic.o
    0x0801ac80   0x0801ac80   0x0000005c   Code   RO         2361    i.is_download_complete  sim_net.o
    0x0801acdc   0x0801acdc   0x0000000c   Code   RO         2993    i.is_set_time       rtc.o
    0x0801ace8   0x0801ace8   0x0000020c   Code   RO         3081    i.is_sleep          power_ctl.o
    0x0801aef4   0x0801aef4   0x000006a8   Code   RO         2362    i.is_update_firmware1  sim_net.o
    0x0801b59c   0x0801b59c   0x00000030   Code   RO          489    i.iso_15765_canAdd_Blacklist_judge  iso_15765.o
    0x0801b5cc   0x0801b5cc   0x0000002a   Code   RO         6161    i.isrMessageGet     RTX_CM4.lib(rt_cmsis.o)
    0x0801b5f6   0x0801b5f6   0x0000002c   Code   RO         6162    i.isrMessagePut     RTX_CM4.lib(rt_cmsis.o)
    0x0801b622   0x0801b622   0x00000002   PAD
    0x0801b624   0x0801b624   0x00000056   Code   RO         7077    i.isr_mbx_receive   RTX_CM4.lib(rt_mailbox.o)
    0x0801b67a   0x0801b67a   0x0000000e   Code   RO         7078    i.isr_mbx_send      RTX_CM4.lib(rt_mailbox.o)
    0x0801b688   0x0801b688   0x00000040   Code   RO          716    i.judge_is_ASCII    obd.o
    0x0801b6c8   0x0801b6c8   0x000000c8   Code   RO         1794    i.logout_send       gb17691a.o
    0x0801b790   0x0801b790   0x00000128   Code   RO            4    i.main              main.o
    0x0801b8b8   0x0801b8b8   0x000002d0   Code   RO          717    i.obd_task          obd.o
    0x0801bb88   0x0801bb88   0x00000018   Code   RO         6165    i.osDelay           RTX_CM4.lib(rt_cmsis.o)
    0x0801bba0   0x0801bba0   0x00000024   Code   RO         6166    i.osKernelInitialize  RTX_CM4.lib(rt_cmsis.o)
    0x0801bbc4   0x0801bbc4   0x0000006c   Code   RO         6168    i.osKernelStart     RTX_CM4.lib(rt_cmsis.o)
    0x0801bc30   0x0801bc30   0x00000018   Code   RO         6177    i.osMessageGet      RTX_CM4.lib(rt_cmsis.o)
    0x0801bc48   0x0801bc48   0x0000002c   Code   RO         6179    i.osMutexCreate     RTX_CM4.lib(rt_cmsis.o)
    0x0801bc74   0x0801bc74   0x00000018   Code   RO         6181    i.osMutexRelease    RTX_CM4.lib(rt_cmsis.o)
    0x0801bc8c   0x0801bc8c   0x00000018   Code   RO         6182    i.osMutexWait       RTX_CM4.lib(rt_cmsis.o)
    0x0801bca4   0x0801bca4   0x0000002c   Code   RO         6194    i.osThreadCreate    RTX_CM4.lib(rt_cmsis.o)
    0x0801bcd0   0x0801bcd0   0x00000018   Code   RO         6195    i.osThreadExit      RTX_CM4.lib(rt_cmsis.o)
    0x0801bce8   0x0801bce8   0x0000000c   Code   RO         6201    i.osTimerCall       RTX_CM4.lib(rt_cmsis.o)
    0x0801bcf4   0x0801bcf4   0x0000002c   Code   RO         6206    i.osTimerThread     RTX_CM4.lib(rt_cmsis.o)
    0x0801bd20   0x0801bd20   0x00000022   Code   RO         6075    i.os_error          rtx_conf_cm.o
    0x0801bd42   0x0801bd42   0x00000004   Code   RO         6076    i.os_idle_demon     rtx_conf_cm.o
    0x0801bd46   0x0801bd46   0x00000002   PAD
    0x0801bd48   0x0801bd48   0x00000028   Code   RO         6865    i.os_tick_init      RTX_CM4.lib(rt_system.o)
    0x0801bd70   0x0801bd70   0x00000002   Code   RO         6866    i.os_tick_irqack    RTX_CM4.lib(rt_system.o)
    0x0801bd72   0x0801bd72   0x00000002   PAD
    0x0801bd74   0x0801bd74   0x00000050   Code   RO         3082    i.power_ctl_gpio_init  power_ctl.o
    0x0801bdc4   0x0801bdc4   0x000000a8   Code   RO         1374    i.read_data_from_flash  spi_flash.o
    0x0801be6c   0x0801be6c   0x000000c0   Code   RO         1795    i.read_msg_from_flash  gb17691a.o
    0x0801bf2c   0x0801bf2c   0x0000000c   Code   RO         2363    i.reconnect_sim_net  sim_net.o
    0x0801bf38   0x0801bf38   0x00000018   Code   RO         2364    i.reset_sim_net     sim_net.o
    0x0801bf50   0x0801bf50   0x00000010   Code   RO         2204    i.reset_sim_pwrkey  sim_pwrkey.o
    0x0801bf60   0x0801bf60   0x0000001a   Code   RO         7232    i.rt_alloc_box      RTX_CM4.lib(rt_membox.o)
    0x0801bf7a   0x0801bf7a   0x0000003e   Code   RO         7260    i.rt_alloc_mem      RTX_CM4.lib(rt_memory.o)
    0x0801bfb8   0x0801bfb8   0x00000038   Code   RO         6780    i.rt_block          RTX_CM4.lib(rt_task.o)
    0x0801bff0   0x0801bff0   0x00000048   Code   RO         7337    i.rt_chk_robin      RTX_CM4.lib(rt_robin.o)
    0x0801c038   0x0801c038   0x00000070   Code   RO         7001    i.rt_dec_dly        RTX_CM4.lib(rt_list.o)
    0x0801c0a8   0x0801c0a8   0x00000044   Code   RO         6781    i.rt_dispatch       RTX_CM4.lib(rt_task.o)
    0x0801c0ec   0x0801c0ec   0x00000006   Code   RO         7167    i.rt_dly_wait       RTX_CM4.lib(rt_time.o)
    0x0801c0f2   0x0801c0f2   0x00000002   PAD
    0x0801c0f4   0x0801c0f4   0x00000050   Code   RO         6958    i.rt_evt_psh        RTX_CM4.lib(rt_event.o)
    0x0801c144   0x0801c144   0x0000002c   Code   RO         7233    i.rt_free_box       RTX_CM4.lib(rt_membox.o)
    0x0801c170   0x0801c170   0x00000028   Code   RO         7261    i.rt_free_mem       RTX_CM4.lib(rt_memory.o)
    0x0801c198   0x0801c198   0x00000028   Code   RO         7002    i.rt_get_first      RTX_CM4.lib(rt_list.o)
    0x0801c1c0   0x0801c1c0   0x00000008   Code   RO         6211    i.rt_id2obj         RTX_CM4.lib(rt_cmsis.o)
    0x0801c1c8   0x0801c1c8   0x00000048   Code   RO         6782    i.rt_init_context   RTX_CM4.lib(rt_task.o)
    0x0801c210   0x0801c210   0x0000001a   Code   RO         7262    i.rt_init_mem       RTX_CM4.lib(rt_memory.o)
    0x0801c22a   0x0801c22a   0x00000002   PAD
    0x0801c22c   0x0801c22c   0x00000018   Code   RO         7338    i.rt_init_robin     RTX_CM4.lib(rt_robin.o)
    0x0801c244   0x0801c244   0x00000080   Code   RO         7287    i.rt_init_stack     RTX_CM4.lib(hal_cm.o)
    0x0801c2c4   0x0801c2c4   0x00000008   Code   RO         7079    i.rt_mbx_check      RTX_CM4.lib(rt_mailbox.o)
    0x0801c2cc   0x0801c2cc   0x0000001a   Code   RO         7080    i.rt_mbx_init       RTX_CM4.lib(rt_mailbox.o)
    0x0801c2e6   0x0801c2e6   0x00000002   PAD
    0x0801c2e8   0x0801c2e8   0x000000f0   Code   RO         7081    i.rt_mbx_psh        RTX_CM4.lib(rt_mailbox.o)
    0x0801c3d8   0x0801c3d8   0x000000b4   Code   RO         7083    i.rt_mbx_wait       RTX_CM4.lib(rt_mailbox.o)
    0x0801c48c   0x0801c48c   0x00000044   Code   RO         6212    i.rt_ms2tick        RTX_CM4.lib(rt_cmsis.o)
    0x0801c4d0   0x0801c4d0   0x00000010   Code   RO         7201    i.rt_mut_init       RTX_CM4.lib(rt_mutex.o)
    0x0801c4e0   0x0801c4e0   0x000000d8   Code   RO         7202    i.rt_mut_release    RTX_CM4.lib(rt_mutex.o)
    0x0801c5b8   0x0801c5b8   0x00000078   Code   RO         7203    i.rt_mut_wait       RTX_CM4.lib(rt_mutex.o)
    0x0801c630   0x0801c630   0x0000007c   Code   RO         6869    i.rt_pop_req        RTX_CM4.lib(rt_system.o)
    0x0801c6ac   0x0801c6ac   0x00000020   Code   RO         6870    i.rt_psh_req        RTX_CM4.lib(rt_system.o)
    0x0801c6cc   0x0801c6cc   0x0000005c   Code   RO         7004    i.rt_psq_enq        RTX_CM4.lib(rt_list.o)
    0x0801c728   0x0801c728   0x00000048   Code   RO         7005    i.rt_put_dly        RTX_CM4.lib(rt_list.o)
    0x0801c770   0x0801c770   0x00000036   Code   RO         7006    i.rt_put_prio       RTX_CM4.lib(rt_list.o)
    0x0801c7a6   0x0801c7a6   0x00000002   PAD
    0x0801c7a8   0x0801c7a8   0x00000014   Code   RO         7007    i.rt_put_rdy_first  RTX_CM4.lib(rt_list.o)
    0x0801c7bc   0x0801c7bc   0x00000034   Code   RO         7008    i.rt_resort_prio    RTX_CM4.lib(rt_list.o)
    0x0801c7f0   0x0801c7f0   0x00000010   Code   RO         7288    i.rt_ret_regs       RTX_CM4.lib(hal_cm.o)
    0x0801c800   0x0801c800   0x0000000c   Code   RO         7289    i.rt_ret_val        RTX_CM4.lib(hal_cm.o)
    0x0801c80c   0x0801c80c   0x00000010   Code   RO         7290    i.rt_ret_val2       RTX_CM4.lib(hal_cm.o)
    0x0801c81c   0x0801c81c   0x00000028   Code   RO         7009    i.rt_rmv_dly        RTX_CM4.lib(rt_list.o)
    0x0801c844   0x0801c844   0x00000030   Code   RO         7010    i.rt_rmv_list       RTX_CM4.lib(rt_list.o)
    0x0801c874   0x0801c874   0x00000034   Code   RO         7128    i.rt_sem_psh        RTX_CM4.lib(rt_semaphore.o)
    0x0801c8a8   0x0801c8a8   0x00000024   Code   RO         6872    i.rt_stk_check      RTX_CM4.lib(rt_system.o)
    0x0801c8cc   0x0801c8cc   0x00000028   Code   RO         6783    i.rt_switch_req     RTX_CM4.lib(rt_task.o)
    0x0801c8f4   0x0801c8f4   0x000000cc   Code   RO         6784    i.rt_sys_init       RTX_CM4.lib(rt_task.o)
    0x0801c9c0   0x0801c9c0   0x00000078   Code   RO         6785    i.rt_sys_start      RTX_CM4.lib(rt_task.o)
    0x0801ca38   0x0801ca38   0x00000040   Code   RO         6874    i.rt_systick        RTX_CM4.lib(rt_system.o)
    0x0801ca78   0x0801ca78   0x00000012   Code   RO         6213    i.rt_tid2ptcb       RTX_CM4.lib(rt_cmsis.o)
    0x0801ca8a   0x0801ca8a   0x00000002   PAD
    0x0801ca8c   0x0801ca8c   0x00000034   Code   RO         6214    i.rt_timer_insert   RTX_CM4.lib(rt_cmsis.o)
    0x0801cac0   0x0801cac0   0x00000088   Code   RO         6786    i.rt_tsk_create     RTX_CM4.lib(rt_task.o)
    0x0801cb48   0x0801cb48   0x0000017c   Code   RO         6787    i.rt_tsk_delete     RTX_CM4.lib(rt_task.o)
    0x0801ccc4   0x0801ccc4   0x0000007c   Code   RO         6789    i.rt_tsk_prio       RTX_CM4.lib(rt_task.o)
    0x0801cd40   0x0801cd40   0x00000010   Code   RO         6790    i.rt_tsk_self       RTX_CM4.lib(rt_task.o)
    0x0801cd50   0x0801cd50   0x00000040   Code   RO         2994    i.set_current_time  rtc.o
    0x0801cd90   0x0801cd90   0x000000f0   Code   RO         1375    i.set_firmware_info  spi_flash.o
    0x0801ce80   0x0801ce80   0x00000050   Code   RO         1376    i.set_idstate       spi_flash.o
    0x0801ced0   0x0801ced0   0x00000048   Code   RO         1377    i.set_keystate      spi_flash.o
    0x0801cf18   0x0801cf18   0x000000e8   Code   RO         1378    i.set_lognum        spi_flash.o
    0x0801d000   0x0801d000   0x00000010   Code   RO         2205    i.set_sim_pwrkey    sim_pwrkey.o
    0x0801d010   0x0801d010   0x000000e0   Code   RO         1796    i.set_time_preset   gb17691a.o
    0x0801d0f0   0x0801d0f0   0x00000054   Code   RO         1380    i.set_vin           spi_flash.o
    0x0801d144   0x0801d144   0x00000058   Code   RO         2206    i.sim_gpio_init     sim_pwrkey.o
    0x0801d19c   0x0801d19c   0x000004b8   Code   RO         2366    i.sim_net_ctr       sim_net.o
    0x0801d654   0x0801d654   0x00000028   Code   RO         2367    i.sim_net_task      sim_net.o
    0x0801d67c   0x0801d67c   0x00000018   Code   RO         2368    i.sim_net_task_init  sim_net.o
    0x0801d694   0x0801d694   0x00000044   Code   RO         2369    i.sim_power_off     sim_net.o
    0x0801d6d8   0x0801d6d8   0x00000058   Code   RO         2370    i.sim_power_on      sim_net.o
    0x0801d730   0x0801d730   0x000000d0   Code   RO         2261    i.sim_uart_init     sim_uart.o
    0x0801d800   0x0801d800   0x000000fc   Code   RO         2262    i.sim_uart_tx       sim_uart.o
    0x0801d8fc   0x0801d8fc   0x00000018   Code   RO         3162    i.sleep_s           sleep.o
    0x0801d914   0x0801d914   0x0000006e   Code   RO         7387    i.sqrt              m_wm.l(sqrt.o)
    0x0801d982   0x0801d982   0x00000002   PAD
    0x0801d984   0x0801d984   0x00000148   Code   RO         2371    i.str_scanf         sim_net.o
    0x0801dacc   0x0801dacc   0x00000012   Code   RO         6216    i.svcDelay          RTX_CM4.lib(rt_cmsis.o)
    0x0801dade   0x0801dade   0x00000002   PAD
    0x0801dae0   0x0801dae0   0x00000070   Code   RO         6217    i.svcKernelInitialize  RTX_CM4.lib(rt_cmsis.o)
    0x0801db50   0x0801db50   0x00000048   Code   RO         6219    i.svcKernelStart    RTX_CM4.lib(rt_cmsis.o)
    0x0801db98   0x0801db98   0x00000024   Code   RO         6222    i.svcMessageCreate  RTX_CM4.lib(rt_cmsis.o)
    0x0801dbbc   0x0801dbbc   0x0000003a   Code   RO         6223    i.svcMessageGet     RTX_CM4.lib(rt_cmsis.o)
    0x0801dbf6   0x0801dbf6   0x0000001c   Code   RO         6225    i.svcMutexCreate    RTX_CM4.lib(rt_cmsis.o)
    0x0801dc12   0x0801dc12   0x00000022   Code   RO         6227    i.svcMutexRelease   RTX_CM4.lib(rt_cmsis.o)
    0x0801dc34   0x0801dc34   0x0000003a   Code   RO         6228    i.svcMutexWait      RTX_CM4.lib(rt_cmsis.o)
    0x0801dc6e   0x0801dc6e   0x00000002   PAD
    0x0801dc70   0x0801dc70   0x0000006c   Code   RO         6237    i.svcThreadCreate   RTX_CM4.lib(rt_cmsis.o)
    0x0801dcdc   0x0801dcdc   0x0000001c   Code   RO         6238    i.svcThreadGetId    RTX_CM4.lib(rt_cmsis.o)
    0x0801dcf8   0x0801dcf8   0x00000038   Code   RO         6241    i.svcThreadTerminate  RTX_CM4.lib(rt_cmsis.o)
    0x0801dd30   0x0801dd30   0x00000018   Code   RO         6243    i.svcTimerCall      RTX_CM4.lib(rt_cmsis.o)
    0x0801dd48   0x0801dd48   0x0000005c   Code   RO         6252    i.sysTimerTick      RTX_CM4.lib(rt_cmsis.o)
    0x0801dda4   0x0801dda4   0x000000f8   Code   RO         1797    i.timing_send       gb17691a.o
    0x0801de9c   0x0801de9c   0x00000014   Code   RO         3083    i.turn_off_3v3      power_ctl.o
    0x0801deb0   0x0801deb0   0x00000010   Code   RO         3084    i.turn_off_sim_3v8  power_ctl.o
    0x0801dec0   0x0801dec0   0x00000010   Code   RO         2207    i.turn_off_sim_pwr  sim_pwrkey.o
    0x0801ded0   0x0801ded0   0x00000014   Code   RO         3085    i.turn_on_3v3       power_ctl.o
    0x0801dee4   0x0801dee4   0x0000001c   Code   RO         3086    i.turn_on_sim_3v8   power_ctl.o
    0x0801df00   0x0801df00   0x00000020   Code   RO         1798    i.update_big_heart_time  gb17691a.o
    0x0801df20   0x0801df20   0x00000418   Code   RO         2372    i.update_firmware   sim_net.o
    0x0801e338   0x0801e338   0x0000003c   Code   RO         2764    i.uprintf           uart.o
    0x0801e374   0x0801e374   0x00000024   Code   RO         1643    i.uprintf_AIKELAN   gb17691_can_gps.o
    0x0801e398   0x0801e398   0x000000c4   Code   RO         1381    i.write_data_to_flash  spi_flash.o
    0x0801e45c   0x0801e45c   0x000000b0   Code   RO         1382    i.write_resend_data_flag  spi_flash.o
    0x0801e50c   0x0801e50c   0x00000008   Data   RO            6    .constdata          main.o
    0x0801e514   0x0801e514   0x000001d6   Data   RO          250    .constdata          terminaltest.o
    0x0801e6ea   0x0801e6ea   0x0000014c   Data   RO          491    .constdata          iso_15765.o
    0x0801e836   0x0801e836   0x000000ea   Data   RO          605    .constdata          j_1939.o
    0x0801e920   0x0801e920   0x00000010   Data   RO          719    .constdata          obd.o
    0x0801e930   0x0801e930   0x00000990   Data   RO         1050    .constdata          uds.o
    0x0801f2c0   0x0801f2c0   0x00000004   Data   RO         1384    .constdata          spi_flash.o
    0x0801f2c4   0x0801f2c4   0x00000040   Data   RO         1646    .constdata          gb17691_can_gps.o
    0x0801f304   0x0801f304   0x00000010   Data   RO         1800    .constdata          gb17691a.o
    0x0801f314   0x0801f314   0x00000010   Data   RO         2374    .constdata          sim_net.o
    0x0801f324   0x0801f324   0x0000004c   Data   RO         2995    .constdata          rtc.o
    0x0801f370   0x0801f370   0x000000a0   Data   RO         3220    .constdata          lkt4305_iic.o
    0x0801f410   0x0801f410   0x00000040   Data   RO         5751    .constdata          n32g45x_rcc.o
    0x0801f450   0x0801f450   0x00000068   Data   RO         6078    .constdata          rtx_conf_cm.o
    0x0801f4b8   0x0801f4b8   0x00000088   Data   RO         7374    .constdata          m_wm.l(pow.o)
    0x0801f540   0x0801f540   0x00000008   Data   RO         7733    .constdata          m_wm.l(qnan.o)
    0x0801f548   0x0801f548   0x00000040   Data   RO         7787    .constdata          mc_w.l(ctype_c.o)
    0x0801f588   0x0801f588   0x00000045   Data   RO         2375    .conststring        sim_net.o
    0x0801f5cd   0x0801f5cd   0x00000003   PAD
    0x0801f5d0   0x0801f5d0   0x00000020   Data   RO         7789    Region$$Table       anon$$obj.o


    Execution Region RW_IRAM1 (Exec base: 0x20000000, Load base: 0x0801f5f0, Size: 0x0000aad8, Max: 0x00024000, ABSOLUTE, COMPRESSED[0x000000cc])

    Exec Addr    Load Addr    Size         Type   Attr      Idx    E Section Name        Object

    0x20000000   COMPRESSED   0x00000018   Data   RW            7    .data               main.o
    0x20000018   COMPRESSED   0x00000009   Data   RW          251    .data               terminaltest.o
    0x20000021   COMPRESSED   0x00000001   PAD
    0x20000022   COMPRESSED   0x00000004   Data   RW          377    .data               can.o
    0x20000026   COMPRESSED   0x00000002   PAD
    0x20000028   COMPRESSED   0x0000001a   Data   RW          492    .data               iso_15765.o
    0x20000042   COMPRESSED   0x00000006   PAD
    0x20000048   COMPRESSED   0x00000022   Data   RW          606    .data               j_1939.o
    0x2000006a   COMPRESSED   0x00000002   PAD
    0x2000006c   COMPRESSED   0x0000002e   Data   RW          720    .data               obd.o
    0x2000009a   COMPRESSED   0x00000005   Data   RW          867    .data               candataanalysis.o
    0x2000009f   COMPRESSED   0x00000001   PAD
    0x200000a0   COMPRESSED   0x00000031   Data   RW         1051    .data               uds.o
    0x200000d1   COMPRESSED   0x00000003   PAD
    0x200000d4   COMPRESSED   0x00000004   Data   RW         1385    .data               spi_flash.o
    0x200000d8   COMPRESSED   0x00000009   Data   RW         1648    .data               gb17691_can_gps.o
    0x200000e1   COMPRESSED   0x00000003   PAD
    0x200000e4   COMPRESSED   0x00000070   Data   RW         1801    .data               gb17691a.o
    0x20000154   COMPRESSED   0x00000001   Data   RW         2024    .data               gps_calculation.o
    0x20000155   COMPRESSED   0x00000001   PAD
    0x20000156   COMPRESSED   0x0000000a   Data   RW         2085    .data               gps.o
    0x20000160   COMPRESSED   0x00000008   Data   RW         2264    .data               sim_uart.o
    0x20000168   COMPRESSED   0x000000c0   Data   RW         2376    .data               sim_net.o
    0x20000228   COMPRESSED   0x00000038   Data   RW         2601    .data               multisocket.o
    0x20000260   COMPRESSED   0x0000004b   Data   RW         2766    .data               uart.o
    0x200002ab   COMPRESSED   0x00000001   PAD
    0x200002ac   COMPRESSED   0x00000012   Data   RW         2996    .data               rtc.o
    0x200002be   COMPRESSED   0x00000002   Data   RW         3087    .data               power_ctl.o
    0x200002c0   COMPRESSED   0x0000000c   Data   RW         3221    .data               lkt4305_iic.o
    0x200002cc   COMPRESSED   0x00000010   Data   RW         6079    .data               rtx_conf_cm.o
    0x200002dc   COMPRESSED   0x00000004   Data   RW         6123    .data               system_n32g45x.o
    0x200002e0   COMPRESSED   0x00000008   Data   RW         6255    .data               RTX_CM4.lib(rt_cmsis.o)
    0x200002e8   COMPRESSED   0x00000008   Data   RW         6792    .data               RTX_CM4.lib(rt_task.o)
    0x200002f0   COMPRESSED   0x00000008   Data   RW         6877    .data               RTX_CM4.lib(rt_system.o)
    0x200002f8   COMPRESSED   0x00000004   Data   RW         7171    .data               RTX_CM4.lib(rt_time.o)
    0x200002fc   COMPRESSED   0x00000001   Data   RW         7291    .data               RTX_CM4.lib(hal_cm.o)
    0x200002fd   COMPRESSED   0x00000003   PAD
    0x20000300   COMPRESSED   0x00000008   Data   RW         7339    .data               RTX_CM4.lib(rt_robin.o)
    0x20000308   COMPRESSED   0x00000004   Data   RW         7753    .data               mc_w.l(errno.o)
    0x2000030c        -       0x00000020   Zero   RW            5    .bss                main.o
    0x2000032c        -       0x000012c0   Zero   RW          376    .bss                can.o
    0x200015ec        -       0x00000021   Zero   RW          490    .bss                iso_15765.o
    0x2000160d        -       0x0000004e   Zero   RW          604    .bss                j_1939.o
    0x2000165b   COMPRESSED   0x00000001   PAD
    0x2000165c        -       0x00000104   Zero   RW          718    .bss                obd.o
    0x20001760        -       0x00001c70   Zero   RW          866    .bss                candataanalysis.o
    0x200033d0        -       0x00000010   Zero   RW         1383    .bss                spi_flash.o
    0x200033e0        -       0x00000140   Zero   RW         1645    .bss                gb17691_can_gps.o
    0x20003520        -       0x00000b86   Zero   RW         1799    .bss                gb17691a.o
    0x200040a6        -       0x0000000d   Zero   RW         2023    .bss                gps_calculation.o
    0x200040b3   COMPRESSED   0x00000001   PAD
    0x200040b4        -       0x000004fc   Zero   RW         2084    .bss                gps.o
    0x200045b0        -       0x00000400   Zero   RW         2172    .bss                crc.o
    0x200049b0        -       0x00000c00   Zero   RW         2263    .bss                sim_uart.o
    0x200055b0        -       0x000014e0   Zero   RW         2373    .bss                sim_net.o
    0x20006a90        -       0x0000000a   Zero   RW         2600    .bss                multisocket.o
    0x20006a9a   COMPRESSED   0x00000002   PAD
    0x20006a9c        -       0x0000088d   Zero   RW         2765    .bss                uart.o
    0x20007329        -       0x0000083a   Zero   RW         3219    .bss                lkt4305_iic.o
    0x20007b63   COMPRESSED   0x00000005   PAD
    0x20007b68        -       0x00001a08   Zero   RW         6077    .bss                rtx_conf_cm.o
    0x20009570        -       0x00000034   Zero   RW         6791    .bss                RTX_CM4.lib(rt_task.o)
    0x200095a4        -       0x00000030   Zero   RW         7011    .bss                RTX_CM4.lib(rt_list.o)
    0x200095d4   COMPRESSED   0x00000004   PAD
    0x200095d8        -       0x00001500   Zero   RW         6109    STACK               startup_n32g45x.o


==============================================================================

Image component sizes


      Code (inc. data)   RO Data    RW Data    ZI Data      Debug   Object Name

       426         20          0          0          0       1971   bsp.o
      1148         68          0          4       4800       8248   can.o
      2688         54          0          5       7280      17291   candataanalysis.o
       288          8          0          0       1024       2140   crc.o
      7464        698         64          9        320      11630   gb17691_can_gps.o
      7250        690         16        112       2950      28199   gb17691a.o
      1734        222          0         10       1276       7820   gps.o
      1326         78          0          1         13       5525   gps_calculation.o
      4488        202        332         26         33      14443   iso_15765.o
        44          0          0          0          0       1068   iwdg.o
      5752        278        234         34         78      14337   j_1939.o
      2568        236        160         12       2106      14690   lkt4305_iic.o
       296         28          8         24         32     420696   main.o
       132         22          0          0          0       1715   misc.o
       548        132          0         56         10       4333   multisocket.o
       380         10          0          0          0       7615   n32g45x_adc.o
        56         10          0          0          0       2269   n32g45x_bkp.o
      1650         40          0          0          0       8254   n32g45x_can.o
       160         12          0          0          0       1674   n32g45x_exti.o
       304          0          0          0          0       4223   n32g45x_gpio.o
        68         30          0          0          0       2810   n32g45x_iwdg.o
        72         14          0          0          0       1145   n32g45x_pwr.o
       540         80         64          0          0      10108   n32g45x_rcc.o
      1438         78          0          0          0      11629   n32g45x_rtc.o
       112          0          0          0          0       4241   n32g45x_spi.o
       392         30          0          0          0       3395   n32g45x_tim.o
       406         12          0          0          0       6654   n32g45x_usart.o
      2952        304         16         46        260      18853   obd.o
       800        130          0          2          0      40996   power_ctl.o
      1062         70         76         18          0       8196   rtc.o
        62          6        104         16       6664       7720   rtx_conf_cm.o
      9942       1594         85        192       5344      36368   sim_net.o
       136         20          0          0          0       2087   sim_pwrkey.o
       808        106          0          8       3072       6190   sim_uart.o
        58          0          0          0          0       1450   sleep.o
      3408        218          4          4         16      23612   spi_flash.o
        36          8        408          0       5376        852   startup_n32g45x.o
        20          0          0          0          0       2849   stm32f10x_it.o
       400         58          0          4          0       2217   system_n32g45x.o
      1496        246        470          9          0       4034   terminaltest.o
       108         18          0          0          0       1154   timer.o
      1882        316          0         75       2189       9800   uart.o
      9552       1144       2448         49          0      44161   uds.o
        32          0          0          0          0        574   utils.o
         2          0          0          0          0        475   wkup.o

    ----------------------------------------------------------------------
     74526       7290       4524        736      42852     829711   Object Totals
         0          0         32          0          0          0   (incl. Generated)
        40          0          3         20          9          0   (incl. Padding)

    ----------------------------------------------------------------------

      Code (inc. data)   RO Data    RW Data    ZI Data      Debug   Library Member Name

       268         24          0          1          0       4524   hal_cm.o
       408         34          0          0          0        824   hal_cm4.o
      1364        164          0          8          0      39790   rt_cmsis.o
        80          4          0          0          0        709   rt_event.o
       530         34          0          0         48       8685   rt_list.o
       554         10          0          0          0       4237   rt_mailbox.o
       140          0          0          0          0       2069   rt_membox.o
       128          0          0          0          0       2451   rt_memory.o
       352         14          0          0          0       2249   rt_mutex.o
        96         22          0          8          0       1254   rt_robin.o
        52          4          0          0          0        621   rt_semaphore.o
       298         52          0          8          0       6511   rt_system.o
      1216        174          0          8         52      10129   rt_task.o
         6          0          0          4          0        700   rt_time.o
         4          4          0          0          0        208   svc_table.o
       164         44          0          0          0        620   dunder.o
        24          0          0          0          0        124   fabs.o
        48          0          0          0          0        124   fpclassify.o
       248          0          0          0          0        152   poly.o
      3152        296        136          0          0        352   pow.o
         0          0          8          0          0          0   qnan.o
       232          0          0          0          0        296   sqrt.o
        56          8          0          0          0         84   __0sscanf.o
        86          0          0          0          0          0   __dczerorl2.o
        28          0          0          0          0         68   _chval.o
       812          4          0          0          0        112   _scanf.o
       332          0          0          0          0         96   _scanf_int.o
       224          0          0          0          0         96   _scanf_str.o
        64          0          0          0          0         84   _sgetc.o
        40          6         64          0          0         68   ctype_c.o
         0          0          0          0          0          0   entry.o
         0          0          0          0          0          0   entry10a.o
         0          0          0          0          0          0   entry11a.o
         8          4          0          0          0          0   entry2.o
         4          0          0          0          0          0   entry5.o
         0          0          0          0          0          0   entry7b.o
         0          0          0          0          0          0   entry8b.o
        12          6          0          4          0         68   errno.o
        30          0          0          0          0          0   handlers.o
        36          8          0          0          0         68   init.o
        10          0          0          0          0         68   isspace_c.o
         0          0          0          0          0          0   iusefp.o
        30          0          0          0          0         68   llshl.o
        36          0          0          0          0         68   llsshr.o
        32          0          0          0          0         68   llushr.o
        26          0          0          0          0         80   memcmp.o
        36          0          0          0          0         68   memcpya.o
        36          0          0          0          0        108   memseta.o
      2382         96          0          0          0        752   printfa.o
        40          8          0          0          0         84   scanf_char.o
       878         12          0          0          0        216   scanf_fp.o
        28          0          0          0          0         76   strcmp.o
        14          0          0          0          0         68   strlen.o
        36          0          0          0          0         80   strstr.o
        44          0          0          0          0         80   uidiv.o
        98          0          0          0          0         92   uldiv.o
        48          0          0          0          0         68   cdrcmple.o
        56          0          0          0          0         88   d2f.o
       334          0          0          0          0        148   dadd.o
       222          0          0          0          0        100   ddiv.o
       186          0          0          0          0        176   depilogue.o
        50          0          0          0          0         76   dfixui.o
        48          0          0          0          0         68   dfixul.o
        34          0          0          0          0         76   dflti.o
        26          0          0          0          0         76   dfltui.o
        24          0          0          0          0         76   dfltul.o
       228          0          0          0          0         96   dmul.o
        46          0          0          0          0         80   dscalb.o
       162          0          0          0          0        100   dsqrt.o
        38          0          0          0          0         68   f2d.o
       110          0          0          0          0        168   fepilogue.o

    ----------------------------------------------------------------------
     16470       1032        208         44        104      90813   Library Totals
        36          0          0          3          4          0   (incl. Padding)

    ----------------------------------------------------------------------

      Code (inc. data)   RO Data    RW Data    ZI Data      Debug   Library Name

      5496        540          0         37        100      84961   RTX_CM4.lib
      3868        340        144          0          0       1668   m_wm.l
      5458        152         64          4          0       2720   mc_w.l
      1612          0          0          0          0       1464   mf_w.l

    ----------------------------------------------------------------------
     16470       1032        208         44        104      90813   Library Totals

    ----------------------------------------------------------------------

==============================================================================


      Code (inc. data)   RO Data    RW Data    ZI Data      Debug   

     90996       8322       4732        780      42956     865868   Grand Totals
     90996       8322       4732        204      42956     865868   ELF Image Totals (compressed)
     90996       8322       4732        204          0          0   ROM Totals

==============================================================================

    Total RO  Size (Code + RO Data)                95728 (  93.48kB)
    Total RW  Size (RW Data + ZI Data)             43736 (  42.71kB)
    Total ROM Size (Code + RO Data + RW Data)      95932 (  93.68kB)

==============================================================================

