<html>
<body>
<pre>
<h1>礦ision Build Log</h1>
<h2>Tool Versions:</h2>
IDE-Version: μVision V5.25.2.0
Copyright (C) 2018 ARM Ltd and ARM Germany GmbH. All rights reserved.
License Information: zzw zzw, zzw, LIC=S5ISZ-J984D-06XQU-SKYBL-CRL7D-B8XKZ
 
Tool Versions:
Toolchain:       MDK-ARM Professional  Version: 5.25.2.0
Toolchain Path:  D:\dizhi\ARM\ARMCC\Bin
C Compiler:      Armcc.exe V5.06 update 6 (build 750)
Assembler:       Armasm.exe V5.06 update 6 (build 750)
Linker/Locator:  ArmLink.exe V5.06 update 6 (build 750)
Library Manager: ArmAr.exe V5.06 update 6 (build 750)
Hex Converter:   FromElf.exe V5.06 update 6 (build 750)
CPU DLL:         SARMCM3.DLL V5.25.2.0
Dialog DLL:      DCM.DLL V1.17.1.0
Target DLL:      Segger\JL2CM3.dll V2.99.29.0
Dialog DLL:      TCM.DLL V1.35.1.0
 
<h2>Project:</h2>
E:\布尔工作\艾可蓝\boolbasicgm-armu-2.0-master-1\Proj\EOBD.uvprojx
Project File Date:  07/21/2021

<h2>Output:</h2>
*** Using Compiler 'V5.06 update 6 (build 750)', folder: 'D:\dizhi\ARM\ARMCC\Bin'
Build target 'EOBD-2G'
compiling GB17691_CAN_GPS.c...
..\hardware\UART.h(15): warning:  #1-D: last line of file ends without a newline
  int uprintf(char *format, ...);
..\GB17691\GB17691_CAN_GPS.c(35): warning:  #177-D: variable "temp"  was declared but never referenced
      uint32_t temp;
..\GB17691\GB17691_CAN_GPS.c(309): warning:  #940-D: missing return statement at end of non-void function "uprintf_AIKELAN" 
  }
..\GB17691\GB17691_CAN_GPS.c(303): warning:  #550-D: variable "ret"  was set but never used
     int ret;
..\GB17691\GB17691_CAN_GPS.c(329): warning:  #940-D: missing return statement at end of non-void function "uprintf_XINXIANG" 
  }
..\GB17691\GB17691_CAN_GPS.c(323): warning:  #550-D: variable "ret"  was set but never used
     int ret;
..\GB17691\GB17691_CAN_GPS.c(338): warning:  #940-D: missing return statement at end of non-void function "get_xinxiang_datalen" 
  }
..\GB17691\GB17691_CAN_GPS.c(378): warning:  #940-D: missing return statement at end of non-void function "get_AIKELAN_register" 
  }
..\GB17691\GB17691_CAN_GPS.c(776): warning:  #1035-D: single-precision operand implicitly converted to double-precision
  			tempf=((float)datastream_OBD_Vehicle_Infor_data.liquidLevel*0.4);		
..\GB17691\GB17691_CAN_GPS.c(401): warning:  #177-D: variable "randpm"  was declared but never referenced
  		u8 randpm=0;
..\GB17691\GB17691_CAN_GPS.c(1164): warning:  #1035-D: single-precision operand implicitly converted to double-precision
  				tempf=tempf*15/3.6;
..\GB17691\GB17691_CAN_GPS.c(1167): warning:  #1035-D: single-precision operand implicitly converted to double-precision
  				tempf=(float)datastream_OBD_Engine_Infor_data.enginefuelFlow/20*15/3.6;
..\GB17691\GB17691_CAN_GPS.c(1180): warning:  #1035-D: single-precision operand implicitly converted to double-precision
  			tempf=((float)datastream_OBD_Aftertreatment_Infor_data.reagAllowance*0.4);		
..\GB17691\GB17691_CAN_GPS.c(1200): warning:  #1035-D: single-precision operand implicitly converted to double-precision
  			tempf=((float)datastream_OBD_Vehicle_Infor_data.liquidLevel*0.4);		
..\GB17691\GB17691_CAN_GPS.c(963): warning:  #177-D: variable "randpm"  was declared but never referenced
  		u8 randpm=0;
..\GB17691\GB17691_CAN_GPS.c(1784): warning:  #223-D: function "hex2ascii" declared implicitly
  		hex2ascii( &p_verInfo[verInfo_index] ,verno,1 );	
..\GB17691\GB17691_CAN_GPS.c: 16 warnings, 0 errors
linking...
Program Size: Code=90996 RO-data=4732 RW-data=780 ZI-data=42956  
FromELF: creating hex file...
".\Output\firmware.axf" - 0 Error(s), 16 Warning(s).

<h2>Software Packages used:</h2>

Package Vendor: ARM
                http://www.keil.com/pack/ARM.CMSIS.5.3.0.pack
                ARM.CMSIS.5.3.0
                CMSIS (Cortex Microcontroller Software Interface Standard)
   * Component: RTOS Version: 1.0.0
   * Component: CORE Version: 5.1.1
   * Component: Keil RTX Version: 4.81.1

Package Vendor: Nationstech
                http://www.keil.com/pack/Nationstech.N32G45x_DFP.1.0.1.pack
                Nationstech.N32G45x_DFP.1.0.1
                Nationstech N32G45x Series Device Support, Drivers and Examples
   * Component: Startup Version: 1.0.0
   * Component: System_N32G45x Version: 1.0.0

<h2>Collection of Component include folders:</h2>
  .\RTE\_EOBD-2G
  D:\dizhi\ARM\CMSIS\5.3.0\CMSIS\Include
  D:\dizhi\ARM\CMSIS\5.3.0\CMSIS\RTOS\RTX\INC
  D:\dizhi\Nationstech\N32G45x_DFP\1.0.1\firmware\CMSIS\device

<h2>Collection of Component Files used:</h2>

   * Component: ::CMSIS:RTOS:1.0.0 (API)

   * Component: ARM::CMSIS:CORE:5.1.1

   * Component: ARM::CMSIS:RTOS:Keil RTX:4.81.1
      Source file:   CMSIS\RTOS\RTX\UserCodeTemplates\Semaphore.c
      Source file:   CMSIS\RTOS\RTX\UserCodeTemplates\MsgQueue.c
      Library file:  CMSIS\RTOS\RTX\LIB\ARM\RTX_CM4.lib
      Source file:   CMSIS\RTOS\RTX\UserCodeTemplates\MailQueue.c
      Source file:   CMSIS\RTOS\RTX\UserCodeTemplates\Thread.c
      Source file:   CMSIS\RTOS\RTX\UserCodeTemplates\Mutex.c
      Source file:   CMSIS\RTOS\RTX\UserCodeTemplates\MemPool.c
      Source file:   CMSIS\RTOS\RTX\UserCodeTemplates\Timer.c
      Source file:   CMSIS\RTOS\RTX\UserCodeTemplates\main.c
      Source file:   CMSIS\RTOS\RTX\SRC\ARM\SVC_Table.s
      Include file:  CMSIS\RTOS\RTX\INC\cmsis_os.h
      Source file:   CMSIS\RTOS\RTX\Templates\RTX_Conf_CM.c
      Include file:  CMSIS\RTOS\RTX\UserCodeTemplates\osObjects.h

   * Component: Nationstech::Device:Startup:1.0.0
      Source file:   firmware\CMSIS\device\startup\startup_n32g45x.s

   * Component: Nationstech::Device:System_N32G45x:1.0.0
      Source file:   firmware\CMSIS\device\system_n32g45x.c
Build Time Elapsed:  00:00:02
</pre>
</body>
</html>
